Archive member included to satisfy reference by file (symbol)

/usr/lib/gcc/arm-none-eabi/10.3.1/thumb/v6-m/nofp/libgcc.a(_dvmd_tls.o)
                              CMakeFiles/max6675.dir/home/michael/pico/pico-sdk/src/rp2_common/pico_divider/divider.S.obj (__aeabi_idiv0)
/usr/lib/gcc/arm-none-eabi/10.3.1/../../../arm-none-eabi/lib/thumb/v6-m/nofp/libg.a(lib_a-atexit.o)
                              /usr/lib/gcc/arm-none-eabi/10.3.1/../../../arm-none-eabi/lib/thumb/v6-m/nofp/crt0.o (atexit)
/usr/lib/gcc/arm-none-eabi/10.3.1/../../../arm-none-eabi/lib/thumb/v6-m/nofp/libg.a(lib_a-calloc.o)
                              CMakeFiles/max6675.dir/home/michael/pico/pico-sdk/src/rp2_common/pico_malloc/pico_malloc.c.obj (calloc)
/usr/lib/gcc/arm-none-eabi/10.3.1/../../../arm-none-eabi/lib/thumb/v6-m/nofp/libg.a(lib_a-callocr.o)
                              /usr/lib/gcc/arm-none-eabi/10.3.1/../../../arm-none-eabi/lib/thumb/v6-m/nofp/libg.a(lib_a-calloc.o) (_calloc_r)
/usr/lib/gcc/arm-none-eabi/10.3.1/../../../arm-none-eabi/lib/thumb/v6-m/nofp/libg.a(lib_a-ctype_.o)
                              CMakeFiles/max6675.dir/home/michael/pico/pico-sdk/lib/tinyusb/src/tusb.c.obj (_ctype_)
/usr/lib/gcc/arm-none-eabi/10.3.1/../../../arm-none-eabi/lib/thumb/v6-m/nofp/libg.a(lib_a-fini.o)
                              /usr/lib/gcc/arm-none-eabi/10.3.1/../../../arm-none-eabi/lib/thumb/v6-m/nofp/crt0.o (__libc_fini_array)
/usr/lib/gcc/arm-none-eabi/10.3.1/../../../arm-none-eabi/lib/thumb/v6-m/nofp/libg.a(lib_a-impure.o)
                              /usr/lib/gcc/arm-none-eabi/10.3.1/../../../arm-none-eabi/lib/thumb/v6-m/nofp/libg.a(lib_a-calloc.o) (_impure_ptr)
/usr/lib/gcc/arm-none-eabi/10.3.1/../../../arm-none-eabi/lib/thumb/v6-m/nofp/libg.a(lib_a-init.o)
                              /usr/lib/gcc/arm-none-eabi/10.3.1/../../../arm-none-eabi/lib/thumb/v6-m/nofp/crt0.o (__libc_init_array)
/usr/lib/gcc/arm-none-eabi/10.3.1/../../../arm-none-eabi/lib/thumb/v6-m/nofp/libg.a(lib_a-malloc.o)
                              CMakeFiles/max6675.dir/home/michael/pico/pico-sdk/src/rp2_common/pico_malloc/pico_malloc.c.obj (malloc)
/usr/lib/gcc/arm-none-eabi/10.3.1/../../../arm-none-eabi/lib/thumb/v6-m/nofp/libg.a(lib_a-mallocr.o)
                              /usr/lib/gcc/arm-none-eabi/10.3.1/../../../arm-none-eabi/lib/thumb/v6-m/nofp/libg.a(lib_a-callocr.o) (_malloc_r)
/usr/lib/gcc/arm-none-eabi/10.3.1/../../../arm-none-eabi/lib/thumb/v6-m/nofp/libg.a(lib_a-mlock.o)
                              /usr/lib/gcc/arm-none-eabi/10.3.1/../../../arm-none-eabi/lib/thumb/v6-m/nofp/libg.a(lib_a-mallocr.o) (__malloc_lock)
/usr/lib/gcc/arm-none-eabi/10.3.1/../../../arm-none-eabi/lib/thumb/v6-m/nofp/libg.a(lib_a-realloc.o)
                              CMakeFiles/max6675.dir/home/michael/pico/pico-sdk/src/rp2_common/pico_malloc/pico_malloc.c.obj (realloc)
/usr/lib/gcc/arm-none-eabi/10.3.1/../../../arm-none-eabi/lib/thumb/v6-m/nofp/libg.a(lib_a-reallocr.o)
                              /usr/lib/gcc/arm-none-eabi/10.3.1/../../../arm-none-eabi/lib/thumb/v6-m/nofp/libg.a(lib_a-realloc.o) (_realloc_r)
/usr/lib/gcc/arm-none-eabi/10.3.1/../../../arm-none-eabi/lib/thumb/v6-m/nofp/libg.a(lib_a-sbrkr.o)
                              /usr/lib/gcc/arm-none-eabi/10.3.1/../../../arm-none-eabi/lib/thumb/v6-m/nofp/libg.a(lib_a-mallocr.o) (_sbrk_r)
/usr/lib/gcc/arm-none-eabi/10.3.1/../../../arm-none-eabi/lib/thumb/v6-m/nofp/libg.a(lib_a-strlen-stub.o)
                              CMakeFiles/max6675.dir/home/michael/pico/pico-sdk/src/rp2_common/pico_stdio/stdio.c.obj (strlen)
/usr/lib/gcc/arm-none-eabi/10.3.1/../../../arm-none-eabi/lib/thumb/v6-m/nofp/libg.a(lib_a-__atexit.o)
                              /usr/lib/gcc/arm-none-eabi/10.3.1/../../../arm-none-eabi/lib/thumb/v6-m/nofp/libg.a(lib_a-atexit.o) (__register_exitproc)
/usr/lib/gcc/arm-none-eabi/10.3.1/../../../arm-none-eabi/lib/thumb/v6-m/nofp/libg.a(lib_a-freer.o)
                              /usr/lib/gcc/arm-none-eabi/10.3.1/../../../arm-none-eabi/lib/thumb/v6-m/nofp/libg.a(lib_a-malloc.o) (_free_r)
/usr/lib/gcc/arm-none-eabi/10.3.1/../../../arm-none-eabi/lib/thumb/v6-m/nofp/libg.a(lib_a-memmove.o)
                              /usr/lib/gcc/arm-none-eabi/10.3.1/../../../arm-none-eabi/lib/thumb/v6-m/nofp/libg.a(lib_a-reallocr.o) (memmove)
/usr/lib/gcc/arm-none-eabi/10.3.1/../../../arm-none-eabi/lib/thumb/v6-m/nofp/libg.a(lib_a-reent.o)
                              /usr/lib/gcc/arm-none-eabi/10.3.1/../../../arm-none-eabi/lib/thumb/v6-m/nofp/libg.a(lib_a-sbrkr.o) (errno)

Discarded input sections

 .text          0x0000000000000000        0x0 /usr/lib/gcc/arm-none-eabi/10.3.1/thumb/v6-m/nofp/crti.o
 .data          0x0000000000000000        0x0 /usr/lib/gcc/arm-none-eabi/10.3.1/thumb/v6-m/nofp/crti.o
 .bss           0x0000000000000000        0x0 /usr/lib/gcc/arm-none-eabi/10.3.1/thumb/v6-m/nofp/crti.o
 .data          0x0000000000000000        0x4 /usr/lib/gcc/arm-none-eabi/10.3.1/thumb/v6-m/nofp/crtbegin.o
[...]
Memory Configuration

Name             Origin             Length             Attributes
FLASH            0x0000000010000000 0x0000000000200000 xr
RAM              0x0000000020000000 0x0000000000040000 xrw
SCRATCH_X        0x0000000020040000 0x0000000000001000 xrw
SCRATCH_Y        0x0000000020041000 0x0000000000001000 xrw
*default*        0x0000000000000000 0xffffffffffffffff

Linker script and memory map

LOAD /usr/lib/gcc/arm-none-eabi/10.3.1/thumb/v6-m/nofp/crti.o
LOAD /usr/lib/gcc/arm-none-eabi/10.3.1/thumb/v6-m/nofp/crtbegin.o
LOAD /usr/lib/gcc/arm-none-eabi/10.3.1/../../../arm-none-eabi/lib/thumb/v6-m/nofp/crt0.o

.flash_begin    0x0000000010000000        0x0
                0x0000000010000000                __flash_binary_start = .

.boot2          0x0000000010000000      0x100
                0x0000000010000000                __boot2_start__ = .
 *(.boot2)
 .boot2         0x0000000010000000      0x100 /tmp/cc8RFZKV.o
                0x0000000010000100                __boot2_end__ = .
                0x0000000000000001                ASSERT (((__boot2_end__ - __boot2_start__) == 0x100), ERROR: Pico second stage bootloader must be 256 bytes in size)

.text           0x0000000010000100     0x74f8
                0x0000000010000100                __logical_binary_start = .
 *(.vectors)
 .vectors       0x0000000010000100       0xd4 CMakeFiles/max6675.dir/home/michael/pico/pico-sdk/src/rp2_common/pico_standard_link/crt0.S.obj
                0x0000000010000100                __vectors
                0x0000000010000100                __VECTOR_TABLE
                0x00000000100001c0                isr_invalid
                0x00000000100001c0                __default_isrs_start
                0x00000000100001c2                isr_nmi
                0x00000000100001c4                isr_hardfault
                0x00000000100001c6                isr_svcall
                0x00000000100001c8                isr_pendsv
                0x00000000100001ca                isr_systick
                0x00000000100001cc                isr_irq30
                0x00000000100001cc                __unhandled_user_irq
                0x00000000100001cc                isr_irq13
                0x00000000100001cc                isr_irq27
                0x00000000100001cc                isr_irq31
                0x00000000100001cc                isr_irq5
                0x00000000100001cc                isr_irq11
                0x00000000100001cc                isr_irq23
                0x00000000100001cc                isr_irq18
                0x00000000100001cc                isr_irq28
                0x00000000100001cc                isr_irq19
                0x00000000100001cc                isr_irq0
                0x00000000100001cc                isr_irq6
                0x00000000100001cc                isr_irq22
                0x00000000100001cc                isr_irq17
                0x00000000100001cc                isr_irq14
                0x00000000100001cc                isr_irq2
                0x00000000100001cc                isr_irq10
                0x00000000100001cc                isr_irq8
                0x00000000100001cc                isr_irq24
                0x00000000100001cc                isr_irq1
                0x00000000100001cc                isr_irq7
                0x00000000100001cc                isr_irq21
                0x00000000100001cc                isr_irq20
                0x00000000100001cc                isr_irq15
                0x00000000100001cc                isr_irq25
                0x00000000100001cc                isr_irq4
                0x00000000100001cc                isr_irq16
                0x00000000100001cc                isr_irq29
                0x00000000100001cc                isr_irq26
                0x00000000100001cc                __default_isrs_end
                0x00000000100001cc                isr_irq3
                0x00000000100001cc                isr_irq12
                0x00000000100001cc                isr_irq9
                0x00000000100001d2                unhandled_user_irq_num_in_r0
 *(.binary_info_header)
 .binary_info_header
                0x00000000100001d4       0x14 CMakeFiles/max6675.dir/home/michael/pico/pico-sdk/src/rp2_common/pico_standard_link/crt0.S.obj
                0x00000000100001e8                __binary_info_header_end = .
 *(.reset)
 .reset         0x00000000100001e8       0xa8 CMakeFiles/max6675.dir/home/michael/pico/pico-sdk/src/rp2_common/pico_standard_link/crt0.S.obj
                0x00000000100001e8                _entry_point
                0x0000000010000266                __get_current_exception
 .reset         0x0000000010000290       0x30 CMakeFiles/max6675.dir/home/michael/pico/pico-sdk/src/rp2_common/pico_standard_link/binary_info.c.obj
 *(.init)
 .init          0x00000000100002c0        0x4 /usr/lib/gcc/arm-none-eabi/10.3.1/thumb/v6-m/nofp/crti.o
                0x00000000100002c0                _init
 *(EXCLUDE_FILE(*libm.a: *libc.a:*lib_a-mem*.o *libgcc.a:) .text*)
 .text          0x00000000100002c4       0x98 /usr/lib/gcc/arm-none-eabi/10.3.1/thumb/v6-m/nofp/crtbegin.o
 .text.max6675_temperature_decode
                0x000000001000035c       0x24 CMakeFiles/max6675.dir/max6675_example.c.obj
                0x000000001000035c                max6675_temperature_decode
 .text.read_max6675
                0x0000000010000380       0x30 CMakeFiles/max6675.dir/max6675_example.c.obj
                0x0000000010000380                read_max6675
 .text.main     0x00000000100003b0       0x70 CMakeFiles/max6675.dir/max6675_example.c.obj
                0x00000000100003b0                main
 .text.gpio_set_function
                0x0000000010000420       0x30 CMakeFiles/max6675.dir/home/michael/pico/pico-sdk/src/rp2_common/hardware_gpio/gpio.c.obj
                0x0000000010000420                gpio_set_function
 .text.gpio_init
                0x0000000010000450       0x16 CMakeFiles/max6675.dir/home/michael/pico/pico-sdk/src/rp2_common/hardware_gpio/gpio.c.obj
                0x0000000010000450                gpio_init
 *fill*         0x0000000010000466        0x2 
 .text.hw_claim_lock
                0x0000000010000468       0x18 CMakeFiles/max6675.dir/home/michael/pico/pico-sdk/src/rp2_common/hardware_claim/claim.c.obj
                0x0000000010000468                hw_claim_lock
 .text.hw_claim_unlock
                0x0000000010000480       0x14 CMakeFiles/max6675.dir/home/michael/pico/pico-sdk/src/rp2_common/hardware_claim/claim.c.obj
                0x0000000010000480                hw_claim_unlock
 .text.hw_claim_or_assert
                0x0000000010000494       0x32 CMakeFiles/max6675.dir/home/michael/pico/pico-sdk/src/rp2_common/hardware_claim/claim.c.obj
                0x0000000010000494                hw_claim_or_assert
 .text.hw_claim_unused_from_range
                0x00000000100004c6       0x50 CMakeFiles/max6675.dir/home/michael/pico/pico-sdk/src/rp2_common/hardware_claim/claim.c.obj
                0x00000000100004c6                hw_claim_unused_from_range
 *fill*         0x0000000010000516        0x2 
 .text.running_on_fpga
                0x0000000010000518       0x14 CMakeFiles/max6675.dir/home/michael/pico/pico-sdk/src/rp2_common/pico_platform/platform.c.obj
                0x0000000010000518                running_on_fpga
 .text.spin_locks_reset
                0x000000001000052c       0x20 CMakeFiles/max6675.dir/home/michael/pico/pico-sdk/src/rp2_common/hardware_sync/sync.c.obj
                0x000000001000052c                spin_locks_reset
 .text.next_striped_spin_lock_num
                0x000000001000054c       0x1c CMakeFiles/max6675.dir/home/michael/pico/pico-sdk/src/rp2_common/hardware_sync/sync.c.obj
                0x000000001000054c                next_striped_spin_lock_num
 .text.spin_lock_claim_unused
                0x0000000010000568       0x20 CMakeFiles/max6675.dir/home/michael/pico/pico-sdk/src/rp2_common/hardware_sync/sync.c.obj
                0x0000000010000568                spin_lock_claim_unused
 .text.set_raw_irq_handler_and_unlock
                0x0000000010000588       0x28 CMakeFiles/max6675.dir/home/michael/pico/pico-sdk/src/rp2_common/hardware_irq/irq.c.obj
 .text.make_branch
                0x00000000100005b0       0x48 CMakeFiles/max6675.dir/home/michael/pico/pico-sdk/src/rp2_common/hardware_irq/irq.c.obj
 .text.insert_branch_and_link
                0x00000000100005f8       0x40 CMakeFiles/max6675.dir/home/michael/pico/pico-sdk/src/rp2_common/hardware_irq/irq.c.obj
 .text.irq_is_enabled
                0x0000000010000638       0x18 CMakeFiles/max6675.dir/home/michael/pico/pico-sdk/src/rp2_common/hardware_irq/irq.c.obj
                0x0000000010000638                irq_is_enabled
 .text.irq_set_mask_enabled
                0x0000000010000650       0x20 CMakeFiles/max6675.dir/home/michael/pico/pico-sdk/src/rp2_common/hardware_irq/irq.c.obj
                0x0000000010000650                irq_set_mask_enabled
 .text.irq_set_enabled
                0x0000000010000670        0xe CMakeFiles/max6675.dir/home/michael/pico/pico-sdk/src/rp2_common/hardware_irq/irq.c.obj
                0x0000000010000670                irq_set_enabled
 *fill*         0x000000001000067e        0x2 
 .text.irq_set_pending
                0x0000000010000680       0x10 CMakeFiles/max6675.dir/home/michael/pico/pico-sdk/src/rp2_common/hardware_irq/irq.c.obj
                0x0000000010000680                irq_set_pending
 .text.irq_get_vtable_handler
                0x0000000010000690       0x10 CMakeFiles/max6675.dir/home/michael/pico/pico-sdk/src/rp2_common/hardware_irq/irq.c.obj
                0x0000000010000690                irq_get_vtable_handler
 .text.irq_has_shared_handler
                0x00000000100006a0       0x24 CMakeFiles/max6675.dir/home/michael/pico/pico-sdk/src/rp2_common/hardware_irq/irq.c.obj
                0x00000000100006a0                irq_has_shared_handler
 .text.irq_set_exclusive_handler
                0x00000000100006c4       0x54 CMakeFiles/max6675.dir/home/michael/pico/pico-sdk/src/rp2_common/hardware_irq/irq.c.obj
                0x00000000100006c4                irq_set_exclusive_handler
 .text.irq_add_shared_handler
                0x0000000010000718      0x230 CMakeFiles/max6675.dir/home/michael/pico/pico-sdk/src/rp2_common/hardware_irq/irq.c.obj
                0x0000000010000718                irq_add_shared_handler
 .text.irq_remove_handler
                0x0000000010000948      0x1a8 CMakeFiles/max6675.dir/home/michael/pico/pico-sdk/src/rp2_common/hardware_irq/irq.c.obj
                0x0000000010000948                irq_remove_handler
 .text.irq_add_tail_to_free_list
                0x0000000010000af0       0xf0 CMakeFiles/max6675.dir/home/michael/pico/pico-sdk/src/rp2_common/hardware_irq/irq.c.obj
                0x0000000010000af0                irq_add_tail_to_free_list
 .text.irq_init_priorities
                0x0000000010000be0       0x1c CMakeFiles/max6675.dir/home/michael/pico/pico-sdk/src/rp2_common/hardware_irq/irq.c.obj
                0x0000000010000be0                irq_init_priorities
 .text.user_irq_claim_unused
                0x0000000010000bfc       0x30 CMakeFiles/max6675.dir/home/michael/pico/pico-sdk/src/rp2_common/hardware_irq/irq.c.obj
                0x0000000010000bfc                user_irq_claim_unused
 .text.lock_init
                0x0000000010000c2c       0x10 CMakeFiles/max6675.dir/home/michael/pico/pico-sdk/src/common/pico_sync/lock_core.c.obj
                0x0000000010000c2c                lock_init
 .text.alarm_pool_post_alloc_init
                0x0000000010000c3c       0x40 CMakeFiles/max6675.dir/home/michael/pico/pico-sdk/src/common/pico_time/time.c.obj
 .text.sleep_until_callback
                0x0000000010000c7c       0x30 CMakeFiles/max6675.dir/home/michael/pico/pico-sdk/src/common/pico_time/time.c.obj
 .text.timer_pool_entry_comparator
                0x0000000010000cac       0x7c CMakeFiles/max6675.dir/home/michael/pico/pico-sdk/src/common/pico_time/time.c.obj
                0x0000000010000cac                timer_pool_entry_comparator
 .text.ph_add_child_node
                0x0000000010000d28       0xa4 CMakeFiles/max6675.dir/home/michael/pico/pico-sdk/src/common/pico_time/time.c.obj
 .text.ph_merge_nodes
                0x0000000010000dcc       0x3e CMakeFiles/max6675.dir/home/michael/pico/pico-sdk/src/common/pico_time/time.c.obj
 *fill*         0x0000000010000e0a        0x2 
 .text.add_alarm_under_lock
                0x0000000010000e0c      0x174 CMakeFiles/max6675.dir/home/michael/pico/pico-sdk/src/common/pico_time/time.c.obj
 .text.alarm_pool_alarm_callback
                0x0000000010000f80      0x328 CMakeFiles/max6675.dir/home/michael/pico/pico-sdk/src/common/pico_time/time.c.obj
 .text.alarm_pool_init_default
                0x00000000100012a8       0x38 CMakeFiles/max6675.dir/home/michael/pico/pico-sdk/src/common/pico_time/time.c.obj
                0x00000000100012a8                alarm_pool_init_default
 .text.alarm_pool_get_default
                0x00000000100012e0       0x2c CMakeFiles/max6675.dir/home/michael/pico/pico-sdk/src/common/pico_time/time.c.obj
                0x00000000100012e0                alarm_pool_get_default
 .text.alarm_pool_add_alarm_at
                0x000000001000130c      0x170 CMakeFiles/max6675.dir/home/michael/pico/pico-sdk/src/common/pico_time/time.c.obj
                0x000000001000130c                alarm_pool_add_alarm_at
 .text.alarm_pool_cancel_alarm
                0x000000001000147c       0xf0 CMakeFiles/max6675.dir/home/michael/pico/pico-sdk/src/common/pico_time/time.c.obj
                0x000000001000147c                alarm_pool_cancel_alarm
 .text.sleep_until
                0x000000001000156c       0xfc CMakeFiles/max6675.dir/home/michael/pico/pico-sdk/src/common/pico_time/time.c.obj
                0x000000001000156c                sleep_until
 .text.sleep_us
                0x0000000010001668       0x58 CMakeFiles/max6675.dir/home/michael/pico/pico-sdk/src/common/pico_time/time.c.obj
                0x0000000010001668                sleep_us
 .text.sleep_ms
                0x00000000100016c0       0x14 CMakeFiles/max6675.dir/home/michael/pico/pico-sdk/src/common/pico_time/time.c.obj
                0x00000000100016c0                sleep_ms
 .text.best_effort_wfe_or_timeout
                0x00000000100016d4       0x80 CMakeFiles/max6675.dir/home/michael/pico/pico-sdk/src/common/pico_time/time.c.obj
                0x00000000100016d4                best_effort_wfe_or_timeout
 .text.hardware_alarm_irq_handler
                0x0000000010001754       0x8c CMakeFiles/max6675.dir/home/michael/pico/pico-sdk/src/rp2_common/hardware_timer/timer.c.obj
 .text.hardware_alarm_claim
                0x00000000100017e0       0x18 CMakeFiles/max6675.dir/home/michael/pico/pico-sdk/src/rp2_common/hardware_timer/timer.c.obj
                0x00000000100017e0                hardware_alarm_claim
 .text.time_us_64
                0x00000000100017f8       0x18 CMakeFiles/max6675.dir/home/michael/pico/pico-sdk/src/rp2_common/hardware_timer/timer.c.obj
                0x00000000100017f8                time_us_64
 .text.busy_wait_until
                0x0000000010001810       0x28 CMakeFiles/max6675.dir/home/michael/pico/pico-sdk/src/rp2_common/hardware_timer/timer.c.obj
                0x0000000010001810                busy_wait_until
 .text.hardware_alarm_set_callback
                0x0000000010001838       0x90 CMakeFiles/max6675.dir/home/michael/pico/pico-sdk/src/rp2_common/hardware_timer/timer.c.obj
                0x0000000010001838                hardware_alarm_set_callback
 .text.hardware_alarm_set_target
                0x00000000100018c8       0xe8 CMakeFiles/max6675.dir/home/michael/pico/pico-sdk/src/rp2_common/hardware_timer/timer.c.obj
                0x00000000100018c8                hardware_alarm_set_target
 .text.hardware_alarm_cancel
                0x00000000100019b0       0x40 CMakeFiles/max6675.dir/home/michael/pico/pico-sdk/src/rp2_common/hardware_timer/timer.c.obj
                0x00000000100019b0                hardware_alarm_cancel
 .text.ph_add_child_node
                0x00000000100019f0       0xa4 CMakeFiles/max6675.dir/home/michael/pico/pico-sdk/src/common/pico_util/pheap.c.obj
 .text.ph_merge_nodes
                0x0000000010001a94       0x3e CMakeFiles/max6675.dir/home/michael/pico/pico-sdk/src/common/pico_util/pheap.c.obj
 *fill*         0x0000000010001ad2        0x2 
 .text.ph_clear
                0x0000000010001ad4       0x70 CMakeFiles/max6675.dir/home/michael/pico/pico-sdk/src/common/pico_util/pheap.c.obj
                0x0000000010001ad4                ph_clear
 .text.ph_post_alloc_init
                0x0000000010001b44        0xe CMakeFiles/max6675.dir/home/michael/pico/pico-sdk/src/common/pico_util/pheap.c.obj
                0x0000000010001b44                ph_post_alloc_init
 *fill*         0x0000000010001b52        0x2 
 .text.ph_merge_two_pass
                0x0000000010001b54       0xa8 CMakeFiles/max6675.dir/home/michael/pico/pico-sdk/src/common/pico_util/pheap.c.obj
                0x0000000010001b54                ph_merge_two_pass
 .text.ph_remove_any_head
                0x0000000010001bfc      0x108 CMakeFiles/max6675.dir/home/michael/pico/pico-sdk/src/common/pico_util/pheap.c.obj
 .text.ph_remove_head
                0x0000000010001d04       0x14 CMakeFiles/max6675.dir/home/michael/pico/pico-sdk/src/common/pico_util/pheap.c.obj
                0x0000000010001d04                ph_remove_head
 .text.ph_remove_and_free_node
                0x0000000010001d18       0xf8 CMakeFiles/max6675.dir/home/michael/pico/pico-sdk/src/common/pico_util/pheap.c.obj
                0x0000000010001d18                ph_remove_and_free_node
 .text.mutex_init
                0x0000000010001e10       0x1a CMakeFiles/max6675.dir/home/michael/pico/pico-sdk/src/common/pico_sync/mutex.c.obj
                0x0000000010001e10                mutex_init
 .text.recursive_mutex_init
                0x0000000010001e2a       0x1e CMakeFiles/max6675.dir/home/michael/pico/pico-sdk/src/common/pico_sync/mutex.c.obj
                0x0000000010001e2a                recursive_mutex_init
 .text.critical_section_init_with_lock_num
                0x0000000010001e48       0x14 CMakeFiles/max6675.dir/home/michael/pico/pico-sdk/src/common/pico_sync/critical_section.c.obj
                0x0000000010001e48                critical_section_init_with_lock_num
 .text.critical_section_init
                0x0000000010001e5c       0x14 CMakeFiles/max6675.dir/home/michael/pico/pico-sdk/src/common/pico_sync/critical_section.c.obj
                0x0000000010001e5c                critical_section_init
 .text._exit    0x0000000010001e70        0x4 CMakeFiles/max6675.dir/home/michael/pico/pico-sdk/src/rp2_common/pico_runtime/runtime.c.obj
                0x0000000010001e70                _exit
 .text.exit     0x0000000010001e74        0x6 CMakeFiles/max6675.dir/home/michael/pico/pico-sdk/src/rp2_common/pico_runtime/runtime.c.obj
                0x0000000010001e74                exit
 *fill*         0x0000000010001e7a        0x2 
 .text.__assert_func
                0x0000000010001e7c       0x3c CMakeFiles/max6675.dir/home/michael/pico/pico-sdk/src/rp2_common/pico_runtime/runtime.c.obj
                0x0000000010001e7c                __assert_func
 .text.runtime_init
                0x0000000010001eb8       0xf8 CMakeFiles/max6675.dir/home/michael/pico/pico-sdk/src/rp2_common/pico_runtime/runtime.c.obj
                0x0000000010001eb8                runtime_init
 .text.panic    0x0000000010001fb0       0x30 CMakeFiles/max6675.dir/home/michael/pico/pico-sdk/src/rp2_common/pico_runtime/runtime.c.obj
                0x0000000010001fb0                panic
 .text.clock_configure
                0x0000000010001fe0      0x104 CMakeFiles/max6675.dir/home/michael/pico/pico-sdk/src/rp2_common/hardware_clocks/clocks.c.obj
                0x0000000010001fe0                clock_configure
 .text.clocks_init
                0x00000000100020e4      0x100 CMakeFiles/max6675.dir/home/michael/pico/pico-sdk/src/rp2_common/hardware_clocks/clocks.c.obj
                0x00000000100020e4                clocks_init
 .text.clock_get_hz
                0x00000000100021e4        0xc CMakeFiles/max6675.dir/home/michael/pico/pico-sdk/src/rp2_common/hardware_clocks/clocks.c.obj
                0x00000000100021e4                clock_get_hz
 .text.pll_init
                0x00000000100021f0      0x140 CMakeFiles/max6675.dir/home/michael/pico/pico-sdk/src/rp2_common/hardware_pll/pll.c.obj
                0x00000000100021f0                pll_init
 .text.watchdog_start_tick
                0x0000000010002330       0x10 CMakeFiles/max6675.dir/home/michael/pico/pico-sdk/src/rp2_common/hardware_watchdog/watchdog.c.obj
                0x0000000010002330                watchdog_start_tick
 .text.watchdog_update
                0x0000000010002340       0x14 CMakeFiles/max6675.dir/home/michael/pico/pico-sdk/src/rp2_common/hardware_watchdog/watchdog.c.obj
                0x0000000010002340                watchdog_update
 .text._watchdog_enable
                0x0000000010002354       0x78 CMakeFiles/max6675.dir/home/michael/pico/pico-sdk/src/rp2_common/hardware_watchdog/watchdog.c.obj
                0x0000000010002354                _watchdog_enable
 .text.watchdog_reboot
                0x00000000100023cc       0x48 CMakeFiles/max6675.dir/home/michael/pico/pico-sdk/src/rp2_common/hardware_watchdog/watchdog.c.obj
                0x00000000100023cc                watchdog_reboot
 .text.xosc_init
                0x0000000010002414       0x28 CMakeFiles/max6675.dir/home/michael/pico/pico-sdk/src/rp2_common/hardware_xosc/xosc.c.obj
                0x0000000010002414                xosc_init
 .text._out_null
                0x000000001000243c        0x2 CMakeFiles/max6675.dir/home/michael/pico/pico-sdk/src/rp2_common/pico_printf/printf.c.obj
 .text._out_fct
                0x000000001000243e        0xe CMakeFiles/max6675.dir/home/michael/pico/pico-sdk/src/rp2_common/pico_printf/printf.c.obj
 .text._atoi    0x000000001000244c       0x24 CMakeFiles/max6675.dir/home/michael/pico/pico-sdk/src/rp2_common/pico_printf/printf.c.obj
 .text._out_rev
                0x0000000010002470       0xae CMakeFiles/max6675.dir/home/michael/pico/pico-sdk/src/rp2_common/pico_printf/printf.c.obj
 .text._ntoa_format
                0x000000001000251e      0x112 CMakeFiles/max6675.dir/home/michael/pico/pico-sdk/src/rp2_common/pico_printf/printf.c.obj
 .text._ntoa_long
                0x0000000010002630       0xbc CMakeFiles/max6675.dir/home/michael/pico/pico-sdk/src/rp2_common/pico_printf/printf.c.obj
 .text._ntoa_long_long
                0x00000000100026ec       0xe2 CMakeFiles/max6675.dir/home/michael/pico/pico-sdk/src/rp2_common/pico_printf/printf.c.obj
 *fill*         0x00000000100027ce        0x2 
 .text._etoa    0x00000000100027d0      0x414 CMakeFiles/max6675.dir/home/michael/pico/pico-sdk/src/rp2_common/pico_printf/printf.c.obj
 .text._ftoa    0x0000000010002be4      0x354 CMakeFiles/max6675.dir/home/michael/pico/pico-sdk/src/rp2_common/pico_printf/printf.c.obj
 .text._vsnprintf
                0x0000000010002f38      0x624 CMakeFiles/max6675.dir/home/michael/pico/pico-sdk/src/rp2_common/pico_printf/printf.c.obj
 .text.vfctprintf
                0x000000001000355c       0x20 CMakeFiles/max6675.dir/home/michael/pico/pico-sdk/src/rp2_common/pico_printf/printf.c.obj
                0x000000001000355c                vfctprintf
 .text          0x000000001000357c       0x10 CMakeFiles/max6675.dir/home/michael/pico/pico-sdk/src/rp2_common/pico_bit_ops/bit_ops_aeabi.S.obj
 .text.rom_func_lookup
                0x000000001000358c       0x10 CMakeFiles/max6675.dir/home/michael/pico/pico-sdk/src/rp2_common/pico_bootrom/bootrom.c.obj
                0x000000001000358c                rom_func_lookup
 .text.rom_data_lookup
                0x000000001000359c       0x10 CMakeFiles/max6675.dir/home/michael/pico/pico-sdk/src/rp2_common/pico_bootrom/bootrom.c.obj
                0x000000001000359c                rom_data_lookup
 .text.rom_funcs_lookup
                0x00000000100035ac       0x36 CMakeFiles/max6675.dir/home/michael/pico/pico-sdk/src/rp2_common/pico_bootrom/bootrom.c.obj
                0x00000000100035ac                rom_funcs_lookup
 *fill*         0x00000000100035e2        0x2 
 .text.__wrap___aeabi_idiv
                0x00000000100035e4       0x50 CMakeFiles/max6675.dir/home/michael/pico/pico-sdk/src/rp2_common/pico_divider/divider.S.obj
                0x00000000100035e4                __wrap___aeabi_idivmod
                0x00000000100035e4                divmod_s32s32
                0x00000000100035e4                div_s32s32
                0x00000000100035e4                __wrap___aeabi_idiv
                0x00000000100035ec                divmod_s32s32_unsafe
                0x0000000010003618                divmod_s32s32_savestate
 .text.__wrap___aeabi_uidiv
                0x0000000010003634       0x4c CMakeFiles/max6675.dir/home/michael/pico/pico-sdk/src/rp2_common/pico_divider/divider.S.obj
                0x0000000010003634                __wrap___aeabi_uidiv
                0x0000000010003634                __wrap___aeabi_uidivmod
                0x0000000010003634                div_u32u32
                0x0000000010003634                divmod_u32u32
                0x000000001000363c                divmod_u32u32_unsafe
                0x0000000010003664                divmod_u32u32_savestate
 .text.__wrap___aeabi_ldiv
                0x0000000010003680      0x434 CMakeFiles/max6675.dir/home/michael/pico/pico-sdk/src/rp2_common/pico_divider/divider.S.obj
                0x0000000010003680                div_s64s64
                0x0000000010003680                divmod_s64s64
                0x0000000010003680                __wrap___aeabi_ldivmod
                0x00000000100036b8                div_u64u64
                0x00000000100036b8                divmod_u64u64
                0x00000000100036b8                __wrap___aeabi_uldivmod
                0x00000000100036c8                divmod_u64u64_savestate
                0x00000000100036f0                divmod_s64s64_unsafe
                0x0000000010003778                divmod_u64u64_unsafe
 .text.__wrap___aeabi_darithmetic
                0x0000000010003ab4       0x80 CMakeFiles/max6675.dir/home/michael/pico/pico-sdk/src/rp2_common/pico_double/double_aeabi.S.obj
                0x0000000010003ab4                __wrap___aeabi_drsub
                0x0000000010003aba                __wrap___aeabi_dsub
                0x0000000010003acc                __wrap___aeabi_dadd
                0x0000000010003ade                __wrap___aeabi_ddiv
                0x0000000010003b1a                __wrap___aeabi_dmul
 .text.__wrap___aeabi_cdcmple
                0x0000000010003b34       0x6c CMakeFiles/max6675.dir/home/michael/pico/pico-sdk/src/rp2_common/pico_double/double_aeabi.S.obj
                0x0000000010003b34                __wrap___aeabi_cdrcmple
                0x0000000010003b44                __wrap___aeabi_cdcmple
                0x0000000010003b44                __wrap___aeabi_cdcmpeq
 .text.__wrap___aeabi_dcmplt
                0x0000000010003ba0        0xc CMakeFiles/max6675.dir/home/michael/pico/pico-sdk/src/rp2_common/pico_double/double_aeabi.S.obj
                0x0000000010003ba0                __wrap___aeabi_dcmplt
 .text.__wrap___aeabi_dcmple
                0x0000000010003bac       0x10 CMakeFiles/max6675.dir/home/michael/pico/pico-sdk/src/rp2_common/pico_double/double_aeabi.S.obj
                0x0000000010003bac                __wrap___aeabi_dcmple
 .text.__wrap___aeabi_dcmpge
                0x0000000010003bbc       0x10 CMakeFiles/max6675.dir/home/michael/pico/pico-sdk/src/rp2_common/pico_double/double_aeabi.S.obj
                0x0000000010003bbc                __wrap___aeabi_dcmpge
 .text.__wrap___aeabi_dcmpgt
                0x0000000010003bcc        0xa CMakeFiles/max6675.dir/home/michael/pico/pico-sdk/src/rp2_common/pico_double/double_aeabi.S.obj
                0x0000000010003bcc                __wrap___aeabi_dcmpgt
 .text.__wrap___aeabi_dcmpun
                0x0000000010003bd6       0x1c CMakeFiles/max6675.dir/home/michael/pico/pico-sdk/src/rp2_common/pico_double/double_aeabi.S.obj
                0x0000000010003bd6                __wrap___aeabi_dcmpun
 *fill*         0x0000000010003bf2        0x2 
 .text.__wrap___aeabi_i2d
                0x0000000010003bf4       0x38 CMakeFiles/max6675.dir/home/michael/pico/pico-sdk/src/rp2_common/pico_double/double_aeabi.S.obj
                0x0000000010003bf4                __wrap___aeabi_ui2d
                0x0000000010003bfc                __wrap___aeabi_i2d
 .text.__wrap___aeabi_d2iz
                0x0000000010003c2c       0x48 CMakeFiles/max6675.dir/home/michael/pico/pico-sdk/src/rp2_common/pico_double/double_aeabi.S.obj
                0x0000000010003c2c                __wrap___aeabi_d2iz
                0x0000000010003c2c                double2int_z
 .text.__wrap___aeabi_d2uiz
                0x0000000010003c74       0x18 CMakeFiles/max6675.dir/home/michael/pico/pico-sdk/src/rp2_common/pico_double/double_aeabi.S.obj
                0x0000000010003c74                double2uint
                0x0000000010003c74                __wrap___aeabi_d2uiz
 .text.__wrap___aeabi_d2f
                0x0000000010003c8c       0x18 CMakeFiles/max6675.dir/home/michael/pico/pico-sdk/src/rp2_common/pico_double/double_aeabi.S.obj
                0x0000000010003c8c                __wrap___aeabi_d2f
 .text.__aeabi_double_init
                0x0000000010003ca4       0xc8 CMakeFiles/max6675.dir/home/michael/pico/pico-sdk/src/rp2_common/pico_double/double_init_rom.c.obj
                0x0000000010003ca4                __aeabi_double_init
 .text.double_table_shim_on_use_helper
                0x0000000010003d6c       0x34 CMakeFiles/max6675.dir/home/michael/pico/pico-sdk/src/rp2_common/pico_double/double_v1_rom_shim.S.obj
                0x0000000010003d6c                double_table_shim_on_use_helper
 .text.__wrap___aeabi_dsub
                0x0000000010003da0       0x10 CMakeFiles/max6675.dir/home/michael/pico/pico-sdk/src/rp2_common/pico_double/double_v1_rom_shim.S.obj
                0x0000000010003da0                drsub_shim
                0x0000000010003da6                dsub_shim
 .text.dadd_shim
                0x0000000010003db0      0x15c CMakeFiles/max6675.dir/home/michael/pico/pico-sdk/src/rp2_common/pico_double/double_v1_rom_shim.S.obj
                0x0000000010003db0                dadd_shim
 .text.dmul_shim
                0x0000000010003f0c      0x15c CMakeFiles/max6675.dir/home/michael/pico/pico-sdk/src/rp2_common/pico_double/double_v1_rom_shim.S.obj
                0x0000000010003f0c                dmul_shim
 .text.ddiv_shim
                0x0000000010004068      0x1b0 CMakeFiles/max6675.dir/home/michael/pico/pico-sdk/src/rp2_common/pico_double/double_v1_rom_shim.S.obj
                0x0000000010004068                ddiv_shim
 .text.double2uint_shim
                0x0000000010004218        0xe CMakeFiles/max6675.dir/home/michael/pico/pico-sdk/src/rp2_common/pico_double/double_v1_rom_shim.S.obj
                0x0000000010004218                double2uint_shim
                0x000000001000421a                double2ufix_shim
 *fill*         0x0000000010004226        0x2 
 .text.double2uint64_shim
                0x0000000010004228       0x70 CMakeFiles/max6675.dir/home/michael/pico/pico-sdk/src/rp2_common/pico_double/double_v1_rom_shim.S.obj
                0x0000000010004228                double2uint64_shim
                0x000000001000422a                double2ufix64_shim
                0x000000001000424a                d2fix_a
 .text.double2float_shim
                0x0000000010004298       0x5c CMakeFiles/max6675.dir/home/michael/pico/pico-sdk/src/rp2_common/pico_double/double_v1_rom_shim.S.obj
                0x0000000010004298                double2float_shim
 .text.dunpacks
                0x00000000100042f4       0x3c CMakeFiles/max6675.dir/home/michael/pico/pico-sdk/src/rp2_common/pico_double/double_v1_rom_shim.S.obj
                0x00000000100042f4                dunpacks
 .text.__aeabi_lmul
                0x0000000010004330       0x32 CMakeFiles/max6675.dir/home/michael/pico/pico-sdk/src/rp2_common/pico_int64_ops/pico_int64_ops_aeabi.S.obj
                0x0000000010004330                __wrap___aeabi_lmul
 *fill*         0x0000000010004362        0x2 
 .text.__wrap___aeabi_farithmetic
                0x0000000010004364       0x58 CMakeFiles/max6675.dir/home/michael/pico/pico-sdk/src/rp2_common/pico_float/float_aeabi.S.obj
                0x0000000010004364                __wrap___aeabi_frsub
                0x000000001000436a                __wrap___aeabi_fsub
                0x0000000010004374                __wrap___aeabi_fadd
                0x000000001000437e                __wrap___aeabi_fdiv
                0x00000000100043aa                __wrap___aeabi_fmul
 .text.__wrap___aeabi_f2d
                0x00000000100043bc       0x14 CMakeFiles/max6675.dir/home/michael/pico/pico-sdk/src/rp2_common/pico_float/float_aeabi.S.obj
                0x00000000100043bc                __wrap___aeabi_f2d
 .text.__aeabi_float_init
                0x00000000100043d0       0xfc CMakeFiles/max6675.dir/home/michael/pico/pico-sdk/src/rp2_common/pico_float/float_init_rom.c.obj
                0x00000000100043d0                __aeabi_float_init
 .text.float_table_shim_on_use_helper
                0x00000000100044cc       0x34 CMakeFiles/max6675.dir/home/michael/pico/pico-sdk/src/rp2_common/pico_float/float_v1_rom_shim.S.obj
                0x00000000100044cc                float_table_shim_on_use_helper
 .text.float2double_shim
                0x0000000010004500       0x30 CMakeFiles/max6675.dir/home/michael/pico/pico-sdk/src/rp2_common/pico_float/float_v1_rom_shim.S.obj
                0x0000000010004500                float2double_shim
 .text          0x0000000010004530       0x10 CMakeFiles/max6675.dir/home/michael/pico/pico-sdk/src/rp2_common/pico_mem_ops/mem_ops_aeabi.S.obj
                0x0000000010004530                __aeabi_mem_init
 .text.memset   0x0000000010004540        0xc CMakeFiles/max6675.dir/home/michael/pico/pico-sdk/src/rp2_common/pico_mem_ops/mem_ops_aeabi.S.obj
                0x0000000010004540                __wrap_memset
 .text.memcpy   0x000000001000454c        0xc CMakeFiles/max6675.dir/home/michael/pico/pico-sdk/src/rp2_common/pico_mem_ops/mem_ops_aeabi.S.obj
                0x000000001000454c                __wrap___aeabi_memcpy
                0x000000001000454c                __wrap_memcpy
 .text.stdio_out_chars_no_crlf
                0x0000000010004558        0xe CMakeFiles/max6675.dir/home/michael/pico/pico-sdk/src/rp2_common/pico_stdio/stdio.c.obj
 *fill*         0x0000000010004566        0x2 
 .text.stdio_out_chars_crlf
                0x0000000010004568       0x80 CMakeFiles/max6675.dir/home/michael/pico/pico-sdk/src/rp2_common/pico_stdio/stdio.c.obj
 .text.stdio_stack_buffer_flush
                0x00000000100045e8       0x44 CMakeFiles/max6675.dir/home/michael/pico/pico-sdk/src/rp2_common/pico_stdio/stdio.c.obj
 .text.stdio_buffered_printer
                0x000000001000462c       0x20 CMakeFiles/max6675.dir/home/michael/pico/pico-sdk/src/rp2_common/pico_stdio/stdio.c.obj
 .text.stdout_serialize_begin
                0x000000001000464c       0x30 CMakeFiles/max6675.dir/home/michael/pico/pico-sdk/src/rp2_common/pico_stdio/stdio.c.obj
                0x000000001000464c                stdout_serialize_begin
 .text.stdout_serialize_end
                0x000000001000467c       0x10 CMakeFiles/max6675.dir/home/michael/pico/pico-sdk/src/rp2_common/pico_stdio/stdio.c.obj
                0x000000001000467c                stdout_serialize_end
 .text.stdio_put_string
                0x000000001000468c       0x98 CMakeFiles/max6675.dir/home/michael/pico/pico-sdk/src/rp2_common/pico_stdio/stdio.c.obj
 .text.stdio_set_driver_enabled
                0x0000000010004724       0x2c CMakeFiles/max6675.dir/home/michael/pico/pico-sdk/src/rp2_common/pico_stdio/stdio.c.obj
                0x0000000010004724                stdio_set_driver_enabled
 .text.stdio_flush
                0x0000000010004750       0x20 CMakeFiles/max6675.dir/home/michael/pico/pico-sdk/src/rp2_common/pico_stdio/stdio.c.obj
                0x0000000010004750                stdio_flush
 .text.__wrap_puts
                0x0000000010004770       0x1e CMakeFiles/max6675.dir/home/michael/pico/pico-sdk/src/rp2_common/pico_stdio/stdio.c.obj
                0x0000000010004770                __wrap_puts
 *fill*         0x000000001000478e        0x2 
 .text.__wrap_vprintf
                0x0000000010004790       0x44 CMakeFiles/max6675.dir/home/michael/pico/pico-sdk/src/rp2_common/pico_stdio/stdio.c.obj
                0x0000000010004790                __wrap_vprintf
 .text.__wrap_printf
                0x00000000100047d4       0x18 CMakeFiles/max6675.dir/home/michael/pico/pico-sdk/src/rp2_common/pico_stdio/stdio.c.obj
                0x00000000100047d4                __wrap_printf
 .text.stdio_init_all
                0x00000000100047ec        0x8 CMakeFiles/max6675.dir/home/michael/pico/pico-sdk/src/rp2_common/pico_stdio/stdio.c.obj
                0x00000000100047ec                stdio_init_all
 .text.resetd_init
                0x00000000100047f4        0x2 CMakeFiles/max6675.dir/home/michael/pico/pico-sdk/src/rp2_common/pico_stdio_usb/reset_interface.c.obj
 *fill*         0x00000000100047f6        0x2 
 .text.resetd_reset
                0x00000000100047f8        0xc CMakeFiles/max6675.dir/home/michael/pico/pico-sdk/src/rp2_common/pico_stdio_usb/reset_interface.c.obj
 .text.resetd_open
                0x0000000010004804       0x34 CMakeFiles/max6675.dir/home/michael/pico/pico-sdk/src/rp2_common/pico_stdio_usb/reset_interface.c.obj
 .text.resetd_xfer_cb
                0x0000000010004838        0x4 CMakeFiles/max6675.dir/home/michael/pico/pico-sdk/src/rp2_common/pico_stdio_usb/reset_interface.c.obj
 .text.reset_usb_boot
                0x000000001000483c       0x18 CMakeFiles/max6675.dir/home/michael/pico/pico-sdk/src/rp2_common/pico_stdio_usb/reset_interface.c.obj
 .text.resetd_control_xfer_cb
                0x0000000010004854       0x5c CMakeFiles/max6675.dir/home/michael/pico/pico-sdk/src/rp2_common/pico_stdio_usb/reset_interface.c.obj
 .text.usbd_app_driver_get_cb
                0x00000000100048b0        0xc CMakeFiles/max6675.dir/home/michael/pico/pico-sdk/src/rp2_common/pico_stdio_usb/reset_interface.c.obj
                0x00000000100048b0                usbd_app_driver_get_cb
 .text.tud_cdc_line_coding_cb
                0x00000000100048bc       0x28 CMakeFiles/max6675.dir/home/michael/pico/pico-sdk/src/rp2_common/pico_stdio_usb/reset_interface.c.obj
                0x00000000100048bc                tud_cdc_line_coding_cb
 .text.stdio_usb_in_chars
                0x00000000100048e4       0x70 CMakeFiles/max6675.dir/home/michael/pico/pico-sdk/src/rp2_common/pico_stdio_usb/stdio_usb.c.obj
                0x00000000100048e4                stdio_usb_in_chars
 .text.low_priority_worker_irq
                0x0000000010004954       0x20 CMakeFiles/max6675.dir/home/michael/pico/pico-sdk/src/rp2_common/pico_stdio_usb/stdio_usb.c.obj
 .text.stdio_usb_out_chars
                0x0000000010004974       0xd4 CMakeFiles/max6675.dir/home/michael/pico/pico-sdk/src/rp2_common/pico_stdio_usb/stdio_usb.c.obj
 .text.timer_task
                0x0000000010004a48       0x40 CMakeFiles/max6675.dir/home/michael/pico/pico-sdk/src/rp2_common/pico_stdio_usb/stdio_usb.c.obj
 .text.usb_irq  0x0000000010004a88       0x10 CMakeFiles/max6675.dir/home/michael/pico/pico-sdk/src/rp2_common/pico_stdio_usb/stdio_usb.c.obj
 .text.stdio_usb_init
                0x0000000010004a98       0xec CMakeFiles/max6675.dir/home/michael/pico/pico-sdk/src/rp2_common/pico_stdio_usb/stdio_usb.c.obj
                0x0000000010004a98                stdio_usb_init
 .text.tud_descriptor_device_cb
                0x0000000010004b84        0x8 CMakeFiles/max6675.dir/home/michael/pico/pico-sdk/src/rp2_common/pico_stdio_usb/stdio_usb_descriptors.c.obj
                0x0000000010004b84                tud_descriptor_device_cb
 .text.tud_descriptor_configuration_cb
                0x0000000010004b8c        0x8 CMakeFiles/max6675.dir/home/michael/pico/pico-sdk/src/rp2_common/pico_stdio_usb/stdio_usb_descriptors.c.obj
                0x0000000010004b8c                tud_descriptor_configuration_cb
 .text.tud_descriptor_string_cb
                0x0000000010004b94       0x6c CMakeFiles/max6675.dir/home/michael/pico/pico-sdk/src/rp2_common/pico_stdio_usb/stdio_usb_descriptors.c.obj
                0x0000000010004b94                tud_descriptor_string_cb
 .text.hw_endpoint_get_by_addr
                0x0000000010004c00       0x18 CMakeFiles/max6675.dir/home/michael/pico/pico-sdk/lib/tinyusb/src/portable/raspberrypi/rp2040/dcd_rp2040.c.obj
 .text.reset_ep0_pid
                0x0000000010004c18       0x28 CMakeFiles/max6675.dir/home/michael/pico/pico-sdk/lib/tinyusb/src/portable/raspberrypi/rp2040/dcd_rp2040.c.obj
 .text._hw_endpoint_alloc
                0x0000000010004c40       0x70 CMakeFiles/max6675.dir/home/michael/pico/pico-sdk/lib/tinyusb/src/portable/raspberrypi/rp2040/dcd_rp2040.c.obj
 .text.hw_endpoint_init
                0x0000000010004cb0       0x88 CMakeFiles/max6675.dir/home/michael/pico/pico-sdk/lib/tinyusb/src/portable/raspberrypi/rp2040/dcd_rp2040.c.obj
 .text.reset_non_control_endpoints
                0x0000000010004d38       0x40 CMakeFiles/max6675.dir/home/michael/pico/pico-sdk/lib/tinyusb/src/portable/raspberrypi/rp2040/dcd_rp2040.c.obj
 .text.hw_handle_buff_status
                0x0000000010004d78       0x8c CMakeFiles/max6675.dir/home/michael/pico/pico-sdk/lib/tinyusb/src/portable/raspberrypi/rp2040/dcd_rp2040.c.obj
 .text.dcd_rp2040_irq
                0x0000000010004e04       0xc0 CMakeFiles/max6675.dir/home/michael/pico/pico-sdk/lib/tinyusb/src/portable/raspberrypi/rp2040/dcd_rp2040.c.obj
 .text.hw_endpoint_xfer
                0x0000000010004ec4       0x14 CMakeFiles/max6675.dir/home/michael/pico/pico-sdk/lib/tinyusb/src/portable/raspberrypi/rp2040/dcd_rp2040.c.obj
 .text.dcd_int_enable
                0x0000000010004ed8       0x2c CMakeFiles/max6675.dir/home/michael/pico/pico-sdk/lib/tinyusb/src/portable/raspberrypi/rp2040/dcd_rp2040.c.obj
                0x0000000010004ed8                dcd_int_enable
 .text.dcd_set_address
                0x0000000010004f04       0x2c CMakeFiles/max6675.dir/home/michael/pico/pico-sdk/lib/tinyusb/src/portable/raspberrypi/rp2040/dcd_rp2040.c.obj
                0x0000000010004f04                dcd_set_address
 .text.dcd_connect
                0x0000000010004f30       0x10 CMakeFiles/max6675.dir/home/michael/pico/pico-sdk/lib/tinyusb/src/portable/raspberrypi/rp2040/dcd_rp2040.c.obj
                0x0000000010004f30                dcd_connect
 .text.dcd_init
                0x0000000010004f40       0x7c CMakeFiles/max6675.dir/home/michael/pico/pico-sdk/lib/tinyusb/src/portable/raspberrypi/rp2040/dcd_rp2040.c.obj
                0x0000000010004f40                dcd_init
 .text.dcd_edpt0_status_complete
                0x0000000010004fbc       0x1c CMakeFiles/max6675.dir/home/michael/pico/pico-sdk/lib/tinyusb/src/portable/raspberrypi/rp2040/dcd_rp2040.c.obj
                0x0000000010004fbc                dcd_edpt0_status_complete
 .text.dcd_edpt_open
                0x0000000010004fd8       0x40 CMakeFiles/max6675.dir/home/michael/pico/pico-sdk/lib/tinyusb/src/portable/raspberrypi/rp2040/dcd_rp2040.c.obj
                0x0000000010004fd8                dcd_edpt_open
 .text.dcd_edpt_close_all
                0x0000000010005018        0x8 CMakeFiles/max6675.dir/home/michael/pico/pico-sdk/lib/tinyusb/src/portable/raspberrypi/rp2040/dcd_rp2040.c.obj
                0x0000000010005018                dcd_edpt_close_all
 .text.dcd_edpt_xfer
                0x0000000010005020       0x30 CMakeFiles/max6675.dir/home/michael/pico/pico-sdk/lib/tinyusb/src/portable/raspberrypi/rp2040/dcd_rp2040.c.obj
                0x0000000010005020                dcd_edpt_xfer
 .text.dcd_edpt_stall
                0x0000000010005050       0x2c CMakeFiles/max6675.dir/home/michael/pico/pico-sdk/lib/tinyusb/src/portable/raspberrypi/rp2040/dcd_rp2040.c.obj
                0x0000000010005050                dcd_edpt_stall
 .text.dcd_edpt_clear_stall
                0x000000001000507c       0x20 CMakeFiles/max6675.dir/home/michael/pico/pico-sdk/lib/tinyusb/src/portable/raspberrypi/rp2040/dcd_rp2040.c.obj
                0x000000001000507c                dcd_edpt_clear_stall
 .text.prepare_ep_buffer
                0x000000001000509c       0x70 CMakeFiles/max6675.dir/home/michael/pico/pico-sdk/lib/tinyusb/src/portable/raspberrypi/rp2040/rp2040_usb.c.obj
 .text.sync_ep_buffer
                0x000000001000510c       0x7c CMakeFiles/max6675.dir/home/michael/pico/pico-sdk/lib/tinyusb/src/portable/raspberrypi/rp2040/rp2040_usb.c.obj
 .text._hw_endpoint_xfer_sync
                0x0000000010005188       0x28 CMakeFiles/max6675.dir/home/michael/pico/pico-sdk/lib/tinyusb/src/portable/raspberrypi/rp2040/rp2040_usb.c.obj
 .text.rp2040_usb_init
                0x00000000100051b0       0x4c CMakeFiles/max6675.dir/home/michael/pico/pico-sdk/lib/tinyusb/src/portable/raspberrypi/rp2040/rp2040_usb.c.obj
                0x00000000100051b0                rp2040_usb_init
 .text.hw_endpoint_reset_transfer
                0x00000000100051fc        0xc CMakeFiles/max6675.dir/home/michael/pico/pico-sdk/lib/tinyusb/src/portable/raspberrypi/rp2040/rp2040_usb.c.obj
                0x00000000100051fc                hw_endpoint_reset_transfer
 .text._hw_endpoint_buffer_control_update32
                0x0000000010005208       0x58 CMakeFiles/max6675.dir/home/michael/pico/pico-sdk/lib/tinyusb/src/portable/raspberrypi/rp2040/rp2040_usb.c.obj
                0x0000000010005208                _hw_endpoint_buffer_control_update32
 .text._hw_endpoint_start_next_buffer
                0x0000000010005260       0x74 CMakeFiles/max6675.dir/home/michael/pico/pico-sdk/lib/tinyusb/src/portable/raspberrypi/rp2040/rp2040_usb.c.obj
 .text.hw_endpoint_xfer_start
                0x00000000100052d4       0x48 CMakeFiles/max6675.dir/home/michael/pico/pico-sdk/lib/tinyusb/src/portable/raspberrypi/rp2040/rp2040_usb.c.obj
                0x00000000100052d4                hw_endpoint_xfer_start
 .text.hw_endpoint_xfer_continue
                0x000000001000531c       0x38 CMakeFiles/max6675.dir/home/michael/pico/pico-sdk/lib/tinyusb/src/portable/raspberrypi/rp2040/rp2040_usb.c.obj
                0x000000001000531c                hw_endpoint_xfer_continue
 .text.configuration_reset
                0x0000000010005354       0x84 CMakeFiles/max6675.dir/home/michael/pico/pico-sdk/lib/tinyusb/src/device/usbd.c.obj
 .text.usbd_reset
                0x00000000100053d8        0xc CMakeFiles/max6675.dir/home/michael/pico/pico-sdk/lib/tinyusb/src/device/usbd.c.obj
 .text.invoke_class_control
                0x00000000100053e4       0x1a CMakeFiles/max6675.dir/home/michael/pico/pico-sdk/lib/tinyusb/src/device/usbd.c.obj
 *fill*         0x00000000100053fe        0x2 
 .text.process_set_config
                0x0000000010005400      0x1b0 CMakeFiles/max6675.dir/home/michael/pico/pico-sdk/lib/tinyusb/src/device/usbd.c.obj
 .text.process_get_descriptor
                0x00000000100055b0       0xec CMakeFiles/max6675.dir/home/michael/pico/pico-sdk/lib/tinyusb/src/device/usbd.c.obj
 .text.tud_mounted
                0x000000001000569c       0x10 CMakeFiles/max6675.dir/home/michael/pico/pico-sdk/lib/tinyusb/src/device/usbd.c.obj
                0x000000001000569c                tud_mounted
 .text.tud_suspended
                0x00000000100056ac       0x10 CMakeFiles/max6675.dir/home/michael/pico/pico-sdk/lib/tinyusb/src/device/usbd.c.obj
                0x00000000100056ac                tud_suspended
 .text.tud_inited
                0x00000000100056bc        0xc CMakeFiles/max6675.dir/home/michael/pico/pico-sdk/lib/tinyusb/src/device/usbd.c.obj
                0x00000000100056bc                tud_inited
 .text.tud_init
                0x00000000100056c8       0xcc CMakeFiles/max6675.dir/home/michael/pico/pico-sdk/lib/tinyusb/src/device/usbd.c.obj
                0x00000000100056c8                tud_init
 .text.dcd_event_handler
                0x0000000010005794      0x1e0 CMakeFiles/max6675.dir/home/michael/pico/pico-sdk/lib/tinyusb/src/device/usbd.c.obj
                0x0000000010005794                dcd_event_handler
 .text.dcd_event_bus_signal
                0x0000000010005974       0x26 CMakeFiles/max6675.dir/home/michael/pico/pico-sdk/lib/tinyusb/src/device/usbd.c.obj
                0x0000000010005974                dcd_event_bus_signal
 .text.dcd_event_bus_reset
                0x000000001000599a       0x2a CMakeFiles/max6675.dir/home/michael/pico/pico-sdk/lib/tinyusb/src/device/usbd.c.obj
                0x000000001000599a                dcd_event_bus_reset
 .text.dcd_event_setup_received
                0x00000000100059c4       0x34 CMakeFiles/max6675.dir/home/michael/pico/pico-sdk/lib/tinyusb/src/device/usbd.c.obj
                0x00000000100059c4                dcd_event_setup_received
 .text.dcd_event_xfer_complete
                0x00000000100059f8       0x44 CMakeFiles/max6675.dir/home/michael/pico/pico-sdk/lib/tinyusb/src/device/usbd.c.obj
                0x00000000100059f8                dcd_event_xfer_complete
 .text.usbd_edpt_open
                0x0000000010005a3c       0x58 CMakeFiles/max6675.dir/home/michael/pico/pico-sdk/lib/tinyusb/src/device/usbd.c.obj
                0x0000000010005a3c                usbd_edpt_open
 .text.usbd_open_edpt_pair
                0x0000000010005a94       0x8c CMakeFiles/max6675.dir/home/michael/pico/pico-sdk/lib/tinyusb/src/device/usbd.c.obj
                0x0000000010005a94                usbd_open_edpt_pair
 .text.usbd_edpt_claim
                0x0000000010005b20       0x8c CMakeFiles/max6675.dir/home/michael/pico/pico-sdk/lib/tinyusb/src/device/usbd.c.obj
                0x0000000010005b20                usbd_edpt_claim
 .text.usbd_edpt_release
                0x0000000010005bac       0x68 CMakeFiles/max6675.dir/home/michael/pico/pico-sdk/lib/tinyusb/src/device/usbd.c.obj
                0x0000000010005bac                usbd_edpt_release
 .text.usbd_edpt_xfer
                0x0000000010005c14       0x80 CMakeFiles/max6675.dir/home/michael/pico/pico-sdk/lib/tinyusb/src/device/usbd.c.obj
                0x0000000010005c14                usbd_edpt_xfer
 .text.usbd_edpt_stall
                0x0000000010005c94       0x40 CMakeFiles/max6675.dir/home/michael/pico/pico-sdk/lib/tinyusb/src/device/usbd.c.obj
                0x0000000010005c94                usbd_edpt_stall
 .text.usbd_edpt_clear_stall
                0x0000000010005cd4       0x40 CMakeFiles/max6675.dir/home/michael/pico/pico-sdk/lib/tinyusb/src/device/usbd.c.obj
                0x0000000010005cd4                usbd_edpt_clear_stall
 .text.usbd_edpt_stalled
                0x0000000010005d14       0x1c CMakeFiles/max6675.dir/home/michael/pico/pico-sdk/lib/tinyusb/src/device/usbd.c.obj
                0x0000000010005d14                usbd_edpt_stalled
 .text.process_control_request
                0x0000000010005d30      0x3b8 CMakeFiles/max6675.dir/home/michael/pico/pico-sdk/lib/tinyusb/src/device/usbd.c.obj
 .text.tud_task
                0x00000000100060e8      0x218 CMakeFiles/max6675.dir/home/michael/pico/pico-sdk/lib/tinyusb/src/device/usbd.c.obj
                0x00000000100060e8                tud_task
 .text._data_stage_xact
                0x0000000010006300       0x58 CMakeFiles/max6675.dir/home/michael/pico/pico-sdk/lib/tinyusb/src/device/usbd_control.c.obj
 .text.tud_control_status
                0x0000000010006358       0x38 CMakeFiles/max6675.dir/home/michael/pico/pico-sdk/lib/tinyusb/src/device/usbd_control.c.obj
                0x0000000010006358                tud_control_status
 .text.tud_control_xfer
                0x0000000010006390       0xa8 CMakeFiles/max6675.dir/home/michael/pico/pico-sdk/lib/tinyusb/src/device/usbd_control.c.obj
                0x0000000010006390                tud_control_xfer
 .text.usbd_control_reset
                0x0000000010006438       0x14 CMakeFiles/max6675.dir/home/michael/pico/pico-sdk/lib/tinyusb/src/device/usbd_control.c.obj
                0x0000000010006438                usbd_control_reset
 .text.usbd_control_set_complete_callback
                0x000000001000644c        0xc CMakeFiles/max6675.dir/home/michael/pico/pico-sdk/lib/tinyusb/src/device/usbd_control.c.obj
                0x000000001000644c                usbd_control_set_complete_callback
 .text.usbd_control_set_request
                0x0000000010006458       0x1c CMakeFiles/max6675.dir/home/michael/pico/pico-sdk/lib/tinyusb/src/device/usbd_control.c.obj
                0x0000000010006458                usbd_control_set_request
 .text.usbd_control_xfer_cb
                0x0000000010006474       0xfc CMakeFiles/max6675.dir/home/michael/pico/pico-sdk/lib/tinyusb/src/device/usbd_control.c.obj
                0x0000000010006474                usbd_control_xfer_cb
 .text._prep_out_transaction
                0x0000000010006570       0x46 CMakeFiles/max6675.dir/home/michael/pico/pico-sdk/lib/tinyusb/src/class/cdc/cdc_device.c.obj
 *fill*         0x00000000100065b6        0x2 
 .text.tud_cdc_n_connected
                0x00000000100065b8       0x44 CMakeFiles/max6675.dir/home/michael/pico/pico-sdk/lib/tinyusb/src/class/cdc/cdc_device.c.obj
                0x00000000100065b8                tud_cdc_n_connected
 .text.tud_cdc_n_available
                0x00000000100065fc       0x18 CMakeFiles/max6675.dir/home/michael/pico/pico-sdk/lib/tinyusb/src/class/cdc/cdc_device.c.obj
                0x00000000100065fc                tud_cdc_n_available
 .text.tud_cdc_n_read
                0x0000000010006614       0x28 CMakeFiles/max6675.dir/home/michael/pico/pico-sdk/lib/tinyusb/src/class/cdc/cdc_device.c.obj
                0x0000000010006614                tud_cdc_n_read
 .text.tud_cdc_n_write_flush
                0x000000001000663c       0xcc CMakeFiles/max6675.dir/home/michael/pico/pico-sdk/lib/tinyusb/src/class/cdc/cdc_device.c.obj
                0x000000001000663c                tud_cdc_n_write_flush
 .text.tud_cdc_n_write
                0x0000000010006708       0x38 CMakeFiles/max6675.dir/home/michael/pico/pico-sdk/lib/tinyusb/src/class/cdc/cdc_device.c.obj
                0x0000000010006708                tud_cdc_n_write
 .text.tud_cdc_n_write_available
                0x0000000010006740       0x1c CMakeFiles/max6675.dir/home/michael/pico/pico-sdk/lib/tinyusb/src/class/cdc/cdc_device.c.obj
                0x0000000010006740                tud_cdc_n_write_available
 .text.cdcd_init
                0x000000001000675c       0xbc CMakeFiles/max6675.dir/home/michael/pico/pico-sdk/lib/tinyusb/src/class/cdc/cdc_device.c.obj
                0x000000001000675c                cdcd_init
 .text.cdcd_reset
                0x0000000010006818       0x44 CMakeFiles/max6675.dir/home/michael/pico/pico-sdk/lib/tinyusb/src/class/cdc/cdc_device.c.obj
                0x0000000010006818                cdcd_reset
 .text.cdcd_open
                0x000000001000685c       0xf8 CMakeFiles/max6675.dir/home/michael/pico/pico-sdk/lib/tinyusb/src/class/cdc/cdc_device.c.obj
                0x000000001000685c                cdcd_open
 .text.cdcd_control_xfer_cb
                0x0000000010006954      0x134 CMakeFiles/max6675.dir/home/michael/pico/pico-sdk/lib/tinyusb/src/class/cdc/cdc_device.c.obj
                0x0000000010006954                cdcd_control_xfer_cb
 .text.cdcd_xfer_cb
                0x0000000010006a88      0x144 CMakeFiles/max6675.dir/home/michael/pico/pico-sdk/lib/tinyusb/src/class/cdc/cdc_device.c.obj
                0x0000000010006a88                cdcd_xfer_cb
 .text.tusb_init
                0x0000000010006bcc       0x24 CMakeFiles/max6675.dir/home/michael/pico/pico-sdk/lib/tinyusb/src/tusb.c.obj
                0x0000000010006bcc                tusb_init
 .text.tusb_inited
                0x0000000010006bf0        0xe CMakeFiles/max6675.dir/home/michael/pico/pico-sdk/lib/tinyusb/src/tusb.c.obj
                0x0000000010006bf0                tusb_inited
 *fill*         0x0000000010006bfe        0x2 
 .text.tu_edpt_validate
                0x0000000010006c00       0xa8 CMakeFiles/max6675.dir/home/michael/pico/pico-sdk/lib/tinyusb/src/tusb.c.obj
                0x0000000010006c00                tu_edpt_validate
 .text.tu_edpt_bind_driver
                0x0000000010006ca8       0x2a CMakeFiles/max6675.dir/home/michael/pico/pico-sdk/lib/tinyusb/src/tusb.c.obj
                0x0000000010006ca8                tu_edpt_bind_driver
 .text.advance_pointer
                0x0000000010006cd2       0x18 CMakeFiles/max6675.dir/home/michael/pico/pico-sdk/lib/tinyusb/src/common/tusb_fifo.c.obj
 .text.backward_pointer
                0x0000000010006cea       0x1e CMakeFiles/max6675.dir/home/michael/pico/pico-sdk/lib/tinyusb/src/common/tusb_fifo.c.obj
 .text.get_relative_pointer
                0x0000000010006d08       0x10 CMakeFiles/max6675.dir/home/michael/pico/pico-sdk/lib/tinyusb/src/common/tusb_fifo.c.obj
 .text._tu_fifo_peek
                0x0000000010006d18       0x50 CMakeFiles/max6675.dir/home/michael/pico/pico-sdk/lib/tinyusb/src/common/tusb_fifo.c.obj
 .text._ff_pull_const_addr
                0x0000000010006d68       0x4c CMakeFiles/max6675.dir/home/michael/pico/pico-sdk/lib/tinyusb/src/common/tusb_fifo.c.obj
 .text._ff_pull_n
                0x0000000010006db4      0x10c CMakeFiles/max6675.dir/home/michael/pico/pico-sdk/lib/tinyusb/src/common/tusb_fifo.c.obj
 .text._tu_fifo_peek_n
                0x0000000010006ec0       0x5e CMakeFiles/max6675.dir/home/michael/pico/pico-sdk/lib/tinyusb/src/common/tusb_fifo.c.obj
 .text._tu_fifo_read_n
                0x0000000010006f1e       0x4e CMakeFiles/max6675.dir/home/michael/pico/pico-sdk/lib/tinyusb/src/common/tusb_fifo.c.obj
 .text._ff_push_const_addr
                0x0000000010006f6c       0x40 CMakeFiles/max6675.dir/home/michael/pico/pico-sdk/lib/tinyusb/src/common/tusb_fifo.c.obj
 .text._ff_push_n
                0x0000000010006fac      0x108 CMakeFiles/max6675.dir/home/michael/pico/pico-sdk/lib/tinyusb/src/common/tusb_fifo.c.obj
 .text._tu_fifo_write_n
                0x00000000100070b4       0x9e CMakeFiles/max6675.dir/home/michael/pico/pico-sdk/lib/tinyusb/src/common/tusb_fifo.c.obj
 .text.tu_fifo_config
                0x0000000010007152       0x72 CMakeFiles/max6675.dir/home/michael/pico/pico-sdk/lib/tinyusb/src/common/tusb_fifo.c.obj
                0x0000000010007152                tu_fifo_config
 .text.tu_fifo_count
                0x00000000100071c4       0x26 CMakeFiles/max6675.dir/home/michael/pico/pico-sdk/lib/tinyusb/src/common/tusb_fifo.c.obj
                0x00000000100071c4                tu_fifo_count
 .text.tu_fifo_empty
                0x00000000100071ea       0x10 CMakeFiles/max6675.dir/home/michael/pico/pico-sdk/lib/tinyusb/src/common/tusb_fifo.c.obj
                0x00000000100071ea                tu_fifo_empty
 .text.tu_fifo_remaining
                0x00000000100071fa       0x20 CMakeFiles/max6675.dir/home/michael/pico/pico-sdk/lib/tinyusb/src/common/tusb_fifo.c.obj
                0x00000000100071fa                tu_fifo_remaining
 .text.tu_fifo_read
                0x000000001000721a       0x42 CMakeFiles/max6675.dir/home/michael/pico/pico-sdk/lib/tinyusb/src/common/tusb_fifo.c.obj
                0x000000001000721a                tu_fifo_read
 .text.tu_fifo_read_n
                0x000000001000725c        0xa CMakeFiles/max6675.dir/home/michael/pico/pico-sdk/lib/tinyusb/src/common/tusb_fifo.c.obj
                0x000000001000725c                tu_fifo_read_n
 .text.tu_fifo_write
                0x0000000010007266       0x6c CMakeFiles/max6675.dir/home/michael/pico/pico-sdk/lib/tinyusb/src/common/tusb_fifo.c.obj
                0x0000000010007266                tu_fifo_write
 .text.tu_fifo_write_n
                0x00000000100072d2        0xa CMakeFiles/max6675.dir/home/michael/pico/pico-sdk/lib/tinyusb/src/common/tusb_fifo.c.obj
                0x00000000100072d2                tu_fifo_write_n
 .text.tu_fifo_clear
                0x00000000100072dc       0x4c CMakeFiles/max6675.dir/home/michael/pico/pico-sdk/lib/tinyusb/src/common/tusb_fifo.c.obj
                0x00000000100072dc                tu_fifo_clear
 .text.tu_fifo_set_overwritable
                0x0000000010007328       0x3c CMakeFiles/max6675.dir/home/michael/pico/pico-sdk/lib/tinyusb/src/common/tusb_fifo.c.obj
                0x0000000010007328                tu_fifo_set_overwritable
 .text._retrieve_unique_id_on_boot
                0x0000000010007364       0x10 CMakeFiles/max6675.dir/home/michael/pico/pico-sdk/src/rp2_common/pico_unique_id/unique_id.c.obj
 .text.pico_get_unique_board_id_string
                0x0000000010007374       0x60 CMakeFiles/max6675.dir/home/michael/pico/pico-sdk/src/rp2_common/pico_unique_id/unique_id.c.obj
                0x0000000010007374                pico_get_unique_board_id_string
 .text.flash_get_unique_id
                0x00000000100073d4       0x46 CMakeFiles/max6675.dir/home/michael/pico/pico-sdk/src/rp2_common/hardware_flash/flash.c.obj
                0x00000000100073d4                flash_get_unique_id
 .text.spi_set_baudrate
                0x000000001000741a       0x92 CMakeFiles/max6675.dir/home/michael/pico/pico-sdk/src/rp2_common/hardware_spi/spi.c.obj
                0x000000001000741a                spi_set_baudrate
 .text.spi_init
                0x00000000100074ac       0x68 CMakeFiles/max6675.dir/home/michael/pico/pico-sdk/src/rp2_common/hardware_spi/spi.c.obj
                0x00000000100074ac                spi_init
 .text          0x0000000010007514       0x5c /usr/lib/gcc/arm-none-eabi/10.3.1/../../../arm-none-eabi/lib/thumb/v6-m/nofp/libg.a(lib_a-strlen-stub.o)
                0x0000000010007514                strlen
 *(.fini)
 .fini          0x0000000010007570        0x4 /usr/lib/gcc/arm-none-eabi/10.3.1/thumb/v6-m/nofp/crti.o
                0x0000000010007570                _fini
 *fill*         0x0000000010007574        0x4 
 .fini.__stub   0x0000000010007578       0x80 linker stubs
 *crtbegin.o(.ctors)
 *crtbegin?.o(.ctors)
 *(EXCLUDE_FILE(*crtend.o *crtend?.o) .ctors)
 *(SORT_BY_NAME(.ctors.*))
 *(.ctors)
 *crtbegin.o(.dtors)
 *crtbegin?.o(.dtors)
 *(EXCLUDE_FILE(*crtend.o *crtend?.o) .dtors)
 *(SORT_BY_NAME(.dtors.*))
 *(.dtors)
 *(.eh_frame*)
 .eh_frame      0x00000000100075f8        0x0 /usr/lib/gcc/arm-none-eabi/10.3.1/thumb/v6-m/nofp/crtbegin.o
                0x00000000100075f8                . = ALIGN (0x4)

.glue_7         0x00000000100075f8        0x0
 .glue_7        0x00000000100075f8        0x0 linker stubs

.glue_7t        0x00000000100075f8        0x0
 .glue_7t       0x00000000100075f8        0x0 linker stubs

.vfp11_veneer   0x00000000100075f8        0x0
 .vfp11_veneer  0x00000000100075f8        0x0 linker stubs

.v4_bx          0x00000000100075f8        0x0
 .v4_bx         0x00000000100075f8        0x0 linker stubs

.iplt           0x00000000100075f8        0x0
 .iplt          0x00000000100075f8        0x0 /usr/lib/gcc/arm-none-eabi/10.3.1/thumb/v6-m/nofp/crtbegin.o

.rodata         0x00000000100075f8     0x1718
 *(EXCLUDE_FILE(*libm.a: *libc.a:*lib_a-mem*.o *libgcc.a:) .rodata*)
 .rodata.main.str1.4
                0x00000000100075f8       0x1f CMakeFiles/max6675.dir/max6675_example.c.obj
 *fill*         0x0000000010007617        0x1 
 .rodata.spin_lock_claim_unused.str1.4
                0x0000000010007618       0x1b CMakeFiles/max6675.dir/home/michael/pico/pico-sdk/src/rp2_common/hardware_sync/sync.c.obj
 *fill*         0x0000000010007633        0x1 
 .rodata.make_branch.str1.4
                0x0000000010007634       0x6e CMakeFiles/max6675.dir/home/michael/pico/pico-sdk/src/rp2_common/hardware_irq/irq.c.obj
 *fill*         0x00000000100076a2        0x2 
 .rodata.insert_branch_and_link.str1.4
                0x00000000100076a4       0x10 CMakeFiles/max6675.dir/home/michael/pico/pico-sdk/src/rp2_common/hardware_irq/irq.c.obj
 .rodata.irq_set_exclusive_handler.str1.4
                0x00000000100076b4       0x36 CMakeFiles/max6675.dir/home/michael/pico/pico-sdk/src/rp2_common/hardware_irq/irq.c.obj
 *fill*         0x00000000100076ea        0x2 
 .rodata.irq_add_shared_handler.str1.4
                0x00000000100076ec       0xd9 CMakeFiles/max6675.dir/home/michael/pico/pico-sdk/src/rp2_common/hardware_irq/irq.c.obj
 *fill*         0x00000000100077c5        0x3 
 .rodata.irq_remove_handler.str1.4
                0x00000000100077c8       0x2a CMakeFiles/max6675.dir/home/michael/pico/pico-sdk/src/rp2_common/hardware_irq/irq.c.obj
 *fill*         0x00000000100077f2        0x2 
 .rodata.irq_add_tail_to_free_list.str1.4
                0x00000000100077f4       0x3a CMakeFiles/max6675.dir/home/michael/pico/pico-sdk/src/rp2_common/hardware_irq/irq.c.obj
 *fill*         0x000000001000782e        0x2 
 .rodata.user_irq_claim_unused.str1.4
                0x0000000010007830       0x1b CMakeFiles/max6675.dir/home/michael/pico/pico-sdk/src/rp2_common/hardware_irq/irq.c.obj
 *fill*         0x000000001000784b        0x1 
 .rodata.__func__.0
                0x000000001000784c       0x1a CMakeFiles/max6675.dir/home/michael/pico/pico-sdk/src/rp2_common/hardware_irq/irq.c.obj
 *fill*         0x0000000010007866        0x2 
 .rodata.__func__.1
                0x0000000010007868       0x17 CMakeFiles/max6675.dir/home/michael/pico/pico-sdk/src/rp2_common/hardware_irq/irq.c.obj
 *fill*         0x000000001000787f        0x1 
 .rodata.__func__.2
                0x0000000010007880       0x13 CMakeFiles/max6675.dir/home/michael/pico/pico-sdk/src/rp2_common/hardware_irq/irq.c.obj
 *fill*         0x0000000010007893        0x1 
 .rodata.__func__.3
                0x0000000010007894        0xc CMakeFiles/max6675.dir/home/michael/pico/pico-sdk/src/rp2_common/hardware_irq/irq.c.obj
 .rodata.__func__.4
                0x00000000100078a0        0xf CMakeFiles/max6675.dir/home/michael/pico/pico-sdk/src/rp2_common/hardware_irq/irq.c.obj
 *fill*         0x00000000100078af        0x1 
 .rodata.__func__.5
                0x00000000100078b0       0x17 CMakeFiles/max6675.dir/home/michael/pico/pico-sdk/src/rp2_common/hardware_irq/irq.c.obj
 *fill*         0x00000000100078c7        0x1 
 .rodata.__func__.6
                0x00000000100078c8       0x1a CMakeFiles/max6675.dir/home/michael/pico/pico-sdk/src/rp2_common/hardware_irq/irq.c.obj
 *fill*         0x00000000100078e2        0x2 
 .rodata.repeating_timer_callback.str1.4
                0x00000000100078e4       0x4c CMakeFiles/max6675.dir/home/michael/pico/pico-sdk/src/common/pico_time/time.c.obj
 .rodata.alarm_pool_dump_key.str1.4
                0x0000000010007930       0x33 CMakeFiles/max6675.dir/home/michael/pico/pico-sdk/src/common/pico_time/time.c.obj
 *fill*         0x0000000010007963        0x1 
 .rodata.ph_add_child_node.str1.4
                0x0000000010007964       0x96 CMakeFiles/max6675.dir/home/michael/pico/pico-sdk/src/common/pico_time/time.c.obj
 *fill*         0x00000000100079fa        0x2 
 .rodata.add_alarm_under_lock.str1.4
                0x00000000100079fc       0x28 CMakeFiles/max6675.dir/home/michael/pico/pico-sdk/src/common/pico_time/time.c.obj
                                         0x2b (size before relaxing)
 .rodata.alarm_pool_alarm_callback.str1.4
                0x0000000010007a24       0xe6 CMakeFiles/max6675.dir/home/michael/pico/pico-sdk/src/common/pico_time/time.c.obj
 *fill*         0x0000000010007b0a        0x2 
 .rodata.alarm_pool_get_default.str1.4
                0x0000000010007b0c       0x21 CMakeFiles/max6675.dir/home/michael/pico/pico-sdk/src/common/pico_time/time.c.obj
 *fill*         0x0000000010007b2d        0x3 
 .rodata.alarm_pool_cancel_alarm.str1.4
                0x0000000010007b30       0x27 CMakeFiles/max6675.dir/home/michael/pico/pico-sdk/src/common/pico_time/time.c.obj
 *fill*         0x0000000010007b57        0x1 
 .rodata.sleep_until.str1.4
                0x0000000010007b58       0x4d CMakeFiles/max6675.dir/home/michael/pico/pico-sdk/src/common/pico_time/time.c.obj
 *fill*         0x0000000010007ba5        0x3 
 .rodata.__func__.1
                0x0000000010007ba8       0x18 CMakeFiles/max6675.dir/home/michael/pico/pico-sdk/src/common/pico_time/time.c.obj
 .rodata.__func__.10
                0x0000000010007bc0       0x15 CMakeFiles/max6675.dir/home/michael/pico/pico-sdk/src/common/pico_time/time.c.obj
 *fill*         0x0000000010007bd5        0x3 
 .rodata.__func__.11
                0x0000000010007bd8       0x1a CMakeFiles/max6675.dir/home/michael/pico/pico-sdk/src/common/pico_time/time.c.obj
 *fill*         0x0000000010007bf2        0x2 
 .rodata.__func__.12
                0x0000000010007bf4        0xa CMakeFiles/max6675.dir/home/michael/pico/pico-sdk/src/common/pico_time/time.c.obj
 *fill*         0x0000000010007bfe        0x2 
 .rodata.__func__.3
                0x0000000010007c00       0x17 CMakeFiles/max6675.dir/home/michael/pico/pico-sdk/src/common/pico_time/time.c.obj
 *fill*         0x0000000010007c17        0x1 
 .rodata.__func__.4
                0x0000000010007c18       0x12 CMakeFiles/max6675.dir/home/michael/pico/pico-sdk/src/common/pico_time/time.c.obj
 *fill*         0x0000000010007c2a        0x2 
 .rodata.__func__.5
                0x0000000010007c2c        0xd CMakeFiles/max6675.dir/home/michael/pico/pico-sdk/src/common/pico_time/time.c.obj
 *fill*         0x0000000010007c39        0x3 
 .rodata.__func__.6
                0x0000000010007c3c       0x12 CMakeFiles/max6675.dir/home/michael/pico/pico-sdk/src/common/pico_time/time.c.obj
 *fill*         0x0000000010007c4e        0x2 
 .rodata.__func__.7
                0x0000000010007c50        0xf CMakeFiles/max6675.dir/home/michael/pico/pico-sdk/src/common/pico_time/time.c.obj
 *fill*         0x0000000010007c5f        0x1 
 .rodata.__func__.8
                0x0000000010007c60        0xc CMakeFiles/max6675.dir/home/michael/pico/pico-sdk/src/common/pico_time/time.c.obj
 .rodata.__func__.9
                0x0000000010007c6c       0x15 CMakeFiles/max6675.dir/home/michael/pico/pico-sdk/src/common/pico_time/time.c.obj
 *fill*         0x0000000010007c81        0x3 
 .rodata.hardware_alarm_claim.str1.4
                0x0000000010007c84       0x22 CMakeFiles/max6675.dir/home/michael/pico/pico-sdk/src/rp2_common/hardware_timer/timer.c.obj
 *fill*         0x0000000010007ca6        0x2 
 .rodata.hardware_alarm_set_target.str1.4
                0x0000000010007ca8       0x66 CMakeFiles/max6675.dir/home/michael/pico/pico-sdk/src/rp2_common/hardware_timer/timer.c.obj
 *fill*         0x0000000010007d0e        0x2 
 .rodata.__func__.0
                0x0000000010007d10       0x1a CMakeFiles/max6675.dir/home/michael/pico/pico-sdk/src/rp2_common/hardware_timer/timer.c.obj
 .rodata.ph_add_child_node.str1.4
                0x0000000010007d2a       0x96 CMakeFiles/max6675.dir/home/michael/pico/pico-sdk/src/common/pico_util/pheap.c.obj
 *fill*         0x0000000010007d2a        0x2 
 .rodata.ph_remove_any_head.str1.4
                0x0000000010007d2c       0x90 CMakeFiles/max6675.dir/home/michael/pico/pico-sdk/src/common/pico_util/pheap.c.obj
 .rodata.ph_remove_and_free_node.str1.4
                0x0000000010007dbc       0x1e CMakeFiles/max6675.dir/home/michael/pico/pico-sdk/src/common/pico_util/pheap.c.obj
                                         0x26 (size before relaxing)
 *fill*         0x0000000010007dda        0x2 
 .rodata.__func__.0
                0x0000000010007ddc       0x18 CMakeFiles/max6675.dir/home/michael/pico/pico-sdk/src/common/pico_util/pheap.c.obj
 .rodata.__func__.1
                0x0000000010007df4       0x13 CMakeFiles/max6675.dir/home/michael/pico/pico-sdk/src/common/pico_util/pheap.c.obj
 *fill*         0x0000000010007e07        0x1 
 .rodata.__func__.2
                0x0000000010007e08       0x12 CMakeFiles/max6675.dir/home/michael/pico/pico-sdk/src/common/pico_util/pheap.c.obj
 *fill*         0x0000000010007e1a        0x2 
 .rodata.__func__.3
                0x0000000010007e1c        0xc CMakeFiles/max6675.dir/home/michael/pico/pico-sdk/src/common/pico_util/pheap.c.obj
 .rodata.str1.4
                0x0000000010007e28       0x8d CMakeFiles/max6675.dir/home/michael/pico/pico-sdk/src/common/pico_sync/mutex.c.obj
                                         0xf1 (size before relaxing)
 *fill*         0x0000000010007eb5        0x3 
 .rodata.__func__.1
                0x0000000010007eb8        0xb CMakeFiles/max6675.dir/home/michael/pico/pico-sdk/src/common/pico_sync/mutex.c.obj
 *fill*         0x0000000010007ec3        0x1 
 .rodata.__func__.3
                0x0000000010007ec4       0x18 CMakeFiles/max6675.dir/home/michael/pico/pico-sdk/src/common/pico_sync/mutex.c.obj
 .rodata.__func__.4
                0x0000000010007edc       0x15 CMakeFiles/max6675.dir/home/michael/pico/pico-sdk/src/common/pico_sync/mutex.c.obj
 *fill*         0x0000000010007ef1        0x3 
 .rodata.__assert_func.str1.4
                0x0000000010007ef4       0x3f CMakeFiles/max6675.dir/home/michael/pico/pico-sdk/src/rp2_common/pico_runtime/runtime.c.obj
                                         0x43 (size before relaxing)
 *fill*         0x0000000010007f33        0x1 
 .rodata.runtime_init.str1.4
                0x0000000010007f34       0x62 CMakeFiles/max6675.dir/home/michael/pico/pico-sdk/src/rp2_common/pico_runtime/runtime.c.obj
 *fill*         0x0000000010007f96        0x2 
 .rodata.panic.str1.4
                0x0000000010007f98       0x12 CMakeFiles/max6675.dir/home/michael/pico/pico-sdk/src/rp2_common/pico_runtime/runtime.c.obj
 *fill*         0x0000000010007faa        0x2 
 .rodata.__func__.1
                0x0000000010007fac        0xd CMakeFiles/max6675.dir/home/michael/pico/pico-sdk/src/rp2_common/pico_runtime/runtime.c.obj
 *fill*         0x0000000010007fb9        0x3 
 .rodata.clock_configure.str1.4
                0x0000000010007fbc       0x58 CMakeFiles/max6675.dir/home/michael/pico/pico-sdk/src/rp2_common/hardware_clocks/clocks.c.obj
 .rodata.__func__.1
                0x0000000010008014       0x10 CMakeFiles/max6675.dir/home/michael/pico/pico-sdk/src/rp2_common/hardware_clocks/clocks.c.obj
 .rodata.pll_init.str1.4
                0x0000000010008024      0x13b CMakeFiles/max6675.dir/home/michael/pico/pico-sdk/src/rp2_common/hardware_pll/pll.c.obj
 *fill*         0x000000001000815f        0x1 
 .rodata.__func__.0
                0x0000000010008160        0x9 CMakeFiles/max6675.dir/home/michael/pico/pico-sdk/src/rp2_common/hardware_pll/pll.c.obj
 *fill*         0x0000000010008169        0x3 
 .rodata._ftoa.str1.4
                0x000000001000816c       0x15 CMakeFiles/max6675.dir/home/michael/pico/pico-sdk/src/rp2_common/pico_printf/printf.c.obj
 *fill*         0x0000000010008181        0x3 
 .rodata._vsnprintf
                0x0000000010008184      0x1e0 CMakeFiles/max6675.dir/home/michael/pico/pico-sdk/src/rp2_common/pico_printf/printf.c.obj
 *fill*         0x0000000010008364        0x4 
 .rodata.pow10.0
                0x0000000010008368       0x50 CMakeFiles/max6675.dir/home/michael/pico/pico-sdk/src/rp2_common/pico_printf/printf.c.obj
 .rodata.__aeabi_double_init.str1.4
                0x00000000100083b8       0xa9 CMakeFiles/max6675.dir/home/michael/pico/pico-sdk/src/rp2_common/pico_double/double_init_rom.c.obj
 *fill*         0x0000000010008461        0x3 
 .rodata.__func__.0
                0x0000000010008464       0x14 CMakeFiles/max6675.dir/home/michael/pico/pico-sdk/src/rp2_common/pico_double/double_init_rom.c.obj
 .rodata.__aeabi_float_init.str1.4
                0x0000000010008478       0x7b CMakeFiles/max6675.dir/home/michael/pico/pico-sdk/src/rp2_common/pico_float/float_init_rom.c.obj
                                         0x7f (size before relaxing)
 *fill*         0x00000000100084f3        0x1 
 .rodata.__func__.0
                0x00000000100084f4       0x13 CMakeFiles/max6675.dir/home/michael/pico/pico-sdk/src/rp2_common/pico_float/float_init_rom.c.obj
 *fill*         0x0000000010008507        0x1 
 .rodata.str1.4
                0x0000000010008508       0x40 CMakeFiles/max6675.dir/home/michael/pico/pico-sdk/src/rp2_common/pico_standard_link/binary_info.c.obj
 .rodata.__bi_44
                0x0000000010008548        0xc CMakeFiles/max6675.dir/home/michael/pico/pico-sdk/src/rp2_common/pico_standard_link/binary_info.c.obj
 .rodata.__bi_56
                0x0000000010008554        0xc CMakeFiles/max6675.dir/home/michael/pico/pico-sdk/src/rp2_common/pico_standard_link/binary_info.c.obj
 .rodata.__bi_75
                0x0000000010008560        0xc CMakeFiles/max6675.dir/home/michael/pico/pico-sdk/src/rp2_common/pico_standard_link/binary_info.c.obj
 .rodata.__bi_81
                0x000000001000856c        0xc CMakeFiles/max6675.dir/home/michael/pico/pico-sdk/src/rp2_common/pico_standard_link/binary_info.c.obj
 .rodata.crlf_str.3
                0x0000000010008578        0x2 CMakeFiles/max6675.dir/home/michael/pico/pico-sdk/src/rp2_common/pico_stdio/stdio.c.obj
 *fill*         0x000000001000857a        0x2 
 .rodata._resetd_driver
                0x000000001000857c       0x18 CMakeFiles/max6675.dir/home/michael/pico/pico-sdk/src/rp2_common/pico_stdio_usb/reset_interface.c.obj
 .rodata.timer_task.str1.4
                0x0000000010008594       0x6e CMakeFiles/max6675.dir/home/michael/pico/pico-sdk/src/rp2_common/pico_stdio_usb/stdio_usb.c.obj
 .rodata.stdio_usb_init.str1.4
                0x0000000010008602       0x62 CMakeFiles/max6675.dir/home/michael/pico/pico-sdk/src/rp2_common/pico_stdio_usb/stdio_usb.c.obj
 *fill*         0x0000000010008602        0x2 
 .rodata.str1.4
                0x0000000010008604       0x13 CMakeFiles/max6675.dir/home/michael/pico/pico-sdk/src/rp2_common/pico_stdio_usb/stdio_usb.c.obj
 *fill*         0x0000000010008617        0x1 
 .rodata.__bi_118.2
                0x0000000010008618        0xc CMakeFiles/max6675.dir/home/michael/pico/pico-sdk/src/rp2_common/pico_stdio_usb/stdio_usb.c.obj
 .rodata.__func__.0
                0x0000000010008624       0x15 CMakeFiles/max6675.dir/home/michael/pico/pico-sdk/src/rp2_common/pico_stdio_usb/stdio_usb.c.obj
 *fill*         0x0000000010008639        0x3 
 .rodata.__func__.1
                0x000000001000863c        0xb CMakeFiles/max6675.dir/home/michael/pico/pico-sdk/src/rp2_common/pico_stdio_usb/stdio_usb.c.obj
 *fill*         0x0000000010008647        0x1 
 .rodata.str1.4
                0x0000000010008648       0x2a CMakeFiles/max6675.dir/home/michael/pico/pico-sdk/src/rp2_common/pico_stdio_usb/stdio_usb_descriptors.c.obj
 *fill*         0x0000000010008672        0x2 
 .rodata.usbd_desc_cfg
                0x0000000010008674       0x54 CMakeFiles/max6675.dir/home/michael/pico/pico-sdk/src/rp2_common/pico_stdio_usb/stdio_usb_descriptors.c.obj
 .rodata.usbd_desc_device
                0x00000000100086c8       0x12 CMakeFiles/max6675.dir/home/michael/pico/pico-sdk/src/rp2_common/pico_stdio_usb/stdio_usb_descriptors.c.obj
 *fill*         0x00000000100086da        0x2 
 .rodata.usbd_desc_str
                0x00000000100086dc       0x18 CMakeFiles/max6675.dir/home/michael/pico/pico-sdk/src/rp2_common/pico_stdio_usb/stdio_usb_descriptors.c.obj
 .rodata._hw_endpoint_alloc.str1.4
                0x00000000100086f4       0xb9 CMakeFiles/max6675.dir/home/michael/pico/pico-sdk/lib/tinyusb/src/portable/raspberrypi/rp2040/dcd_rp2040.c.obj
 *fill*         0x00000000100087ad        0x3 
 .rodata.dcd_rp2040_irq.str1.4
                0x00000000100087b0       0x14 CMakeFiles/max6675.dir/home/michael/pico/pico-sdk/lib/tinyusb/src/portable/raspberrypi/rp2040/dcd_rp2040.c.obj
 .rodata.dcd_int_enable.str1.4
                0x00000000100087c4        0xc CMakeFiles/max6675.dir/home/michael/pico/pico-sdk/lib/tinyusb/src/portable/raspberrypi/rp2040/dcd_rp2040.c.obj
 .rodata.__func__.0
                0x00000000100087d0        0xe CMakeFiles/max6675.dir/home/michael/pico/pico-sdk/lib/tinyusb/src/portable/raspberrypi/rp2040/dcd_rp2040.c.obj
 *fill*         0x00000000100087de        0x2 
 .rodata.__func__.1
                0x00000000100087e0        0xe CMakeFiles/max6675.dir/home/michael/pico/pico-sdk/lib/tinyusb/src/portable/raspberrypi/rp2040/dcd_rp2040.c.obj
 *fill*         0x00000000100087ee        0x2 
 .rodata.__func__.3
                0x00000000100087f0       0x10 CMakeFiles/max6675.dir/home/michael/pico/pico-sdk/lib/tinyusb/src/portable/raspberrypi/rp2040/dcd_rp2040.c.obj
 .rodata.__func__.5
                0x0000000010008800        0xf CMakeFiles/max6675.dir/home/michael/pico/pico-sdk/lib/tinyusb/src/portable/raspberrypi/rp2040/dcd_rp2040.c.obj
 *fill*         0x000000001000880f        0x1 
 .rodata.__func__.6
                0x0000000010008810       0x13 CMakeFiles/max6675.dir/home/michael/pico/pico-sdk/lib/tinyusb/src/portable/raspberrypi/rp2040/dcd_rp2040.c.obj
 *fill*         0x0000000010008823        0x1 
 .rodata.__func__.7
                0x0000000010008824        0x9 CMakeFiles/max6675.dir/home/michael/pico/pico-sdk/lib/tinyusb/src/portable/raspberrypi/rp2040/dcd_rp2040.c.obj
 *fill*         0x000000001000882d        0x3 
 .rodata.sync_ep_buffer.str1.4
                0x0000000010008830       0x95 CMakeFiles/max6675.dir/home/michael/pico/pico-sdk/lib/tinyusb/src/portable/raspberrypi/rp2040/rp2040_usb.c.obj
 *fill*         0x00000000100088c5        0x3 
 .rodata._hw_endpoint_buffer_control_update32.str1.4
                0x00000000100088c8       0x1f CMakeFiles/max6675.dir/home/michael/pico/pico-sdk/lib/tinyusb/src/portable/raspberrypi/rp2040/rp2040_usb.c.obj
 *fill*         0x00000000100088e7        0x1 
 .rodata.hw_endpoint_xfer_start.str1.4
                0x00000000100088e8       0x38 CMakeFiles/max6675.dir/home/michael/pico/pico-sdk/lib/tinyusb/src/portable/raspberrypi/rp2040/rp2040_usb.c.obj
 .rodata.hw_endpoint_xfer_continue.str1.4
                0x0000000010008920       0x29 CMakeFiles/max6675.dir/home/michael/pico/pico-sdk/lib/tinyusb/src/portable/raspberrypi/rp2040/rp2040_usb.c.obj
 *fill*         0x0000000010008949        0x3 
 .rodata.str1.4
                0x000000001000894c        0x7 CMakeFiles/max6675.dir/home/michael/pico/pico-sdk/lib/tinyusb/src/portable/raspberrypi/rp2040/rp2040_usb.c.obj
 *fill*         0x0000000010008953        0x1 
 .rodata.__func__.0
                0x0000000010008954        0xf CMakeFiles/max6675.dir/home/michael/pico/pico-sdk/lib/tinyusb/src/portable/raspberrypi/rp2040/rp2040_usb.c.obj
 *fill*         0x0000000010008963        0x1 
 .rodata.process_set_config.str1.4
                0x0000000010008964       0x17 CMakeFiles/max6675.dir/home/michael/pico/pico-sdk/lib/tinyusb/src/device/usbd.c.obj
 *fill*         0x000000001000897b        0x1 
 .rodata.process_get_descriptor
                0x000000001000897c       0x40 CMakeFiles/max6675.dir/home/michael/pico/pico-sdk/lib/tinyusb/src/device/usbd.c.obj
 .rodata.process_control_request
                0x00000000100089bc       0x28 CMakeFiles/max6675.dir/home/michael/pico/pico-sdk/lib/tinyusb/src/device/usbd.c.obj
 .rodata.tud_task
                0x00000000100089e4       0x24 CMakeFiles/max6675.dir/home/michael/pico/pico-sdk/lib/tinyusb/src/device/usbd.c.obj
 .rodata.__func__.2
                0x0000000010008a08        0xf CMakeFiles/max6675.dir/home/michael/pico/pico-sdk/lib/tinyusb/src/device/usbd.c.obj
 *fill*         0x0000000010008a17        0x1 
 .rodata.__func__.3
                0x0000000010008a18        0xf CMakeFiles/max6675.dir/home/michael/pico/pico-sdk/lib/tinyusb/src/device/usbd.c.obj
 *fill*         0x0000000010008a27        0x1 
 .rodata.__func__.4
                0x0000000010008a28       0x14 CMakeFiles/max6675.dir/home/michael/pico/pico-sdk/lib/tinyusb/src/device/usbd.c.obj
 .rodata.__func__.5
                0x0000000010008a3c       0x10 CMakeFiles/max6675.dir/home/michael/pico/pico-sdk/lib/tinyusb/src/device/usbd.c.obj
 .rodata.__func__.6
                0x0000000010008a4c       0x17 CMakeFiles/max6675.dir/home/michael/pico/pico-sdk/lib/tinyusb/src/device/usbd.c.obj
 *fill*         0x0000000010008a63        0x1 
 .rodata.__func__.7
                0x0000000010008a64       0x13 CMakeFiles/max6675.dir/home/michael/pico/pico-sdk/lib/tinyusb/src/device/usbd.c.obj
 *fill*         0x0000000010008a77        0x1 
 .rodata.__func__.8
                0x0000000010008a78       0x18 CMakeFiles/max6675.dir/home/michael/pico/pico-sdk/lib/tinyusb/src/device/usbd.c.obj
 .rodata.__func__.9
                0x0000000010008a90        0x9 CMakeFiles/max6675.dir/home/michael/pico/pico-sdk/lib/tinyusb/src/device/usbd.c.obj
 *fill*         0x0000000010008a99        0x3 
 .rodata._usbd_driver
                0x0000000010008a9c       0x18 CMakeFiles/max6675.dir/home/michael/pico/pico-sdk/lib/tinyusb/src/device/usbd.c.obj
 .rodata.tud_control_xfer.str1.4
                0x0000000010008ab4       0x17 CMakeFiles/max6675.dir/home/michael/pico/pico-sdk/lib/tinyusb/src/device/usbd_control.c.obj
 .rodata.__func__.0
                0x0000000010008ab4       0x15 CMakeFiles/max6675.dir/home/michael/pico/pico-sdk/lib/tinyusb/src/device/usbd_control.c.obj
 *fill*         0x0000000010008ac9        0x3 
 .rodata.__func__.1
                0x0000000010008acc       0x11 CMakeFiles/max6675.dir/home/michael/pico/pico-sdk/lib/tinyusb/src/device/usbd_control.c.obj
 .rodata.tud_cdc_n_write_flush.str1.4
                0x0000000010008add       0x17 CMakeFiles/max6675.dir/home/michael/pico/pico-sdk/lib/tinyusb/src/class/cdc/cdc_device.c.obj
 *fill*         0x0000000010008add        0x3 
 .rodata.__func__.0
                0x0000000010008ae0        0xd CMakeFiles/max6675.dir/home/michael/pico/pico-sdk/lib/tinyusb/src/class/cdc/cdc_device.c.obj
 *fill*         0x0000000010008aed        0x3 
 .rodata.__func__.1
                0x0000000010008af0        0xa CMakeFiles/max6675.dir/home/michael/pico/pico-sdk/lib/tinyusb/src/class/cdc/cdc_device.c.obj
 *fill*         0x0000000010008afa        0x2 
 .rodata.__func__.2
                0x0000000010008afc       0x16 CMakeFiles/max6675.dir/home/michael/pico/pico-sdk/lib/tinyusb/src/class/cdc/cdc_device.c.obj
 .rodata.tusb_init.str1.4
                0x0000000010008b12       0x17 CMakeFiles/max6675.dir/home/michael/pico/pico-sdk/lib/tinyusb/src/tusb.c.obj
 *fill*         0x0000000010008b12        0x2 
 .rodata.__func__.0
                0x0000000010008b14       0x11 CMakeFiles/max6675.dir/home/michael/pico/pico-sdk/lib/tinyusb/src/tusb.c.obj
 *fill*         0x0000000010008b25        0x3 
 .rodata.__func__.1
                0x0000000010008b28        0xa CMakeFiles/max6675.dir/home/michael/pico/pico-sdk/lib/tinyusb/src/tusb.c.obj
 *fill*         0x0000000010008b32        0x2 
 .rodata.pico_get_unique_board_id_string.str1.4
                0x0000000010008b34       0x4e CMakeFiles/max6675.dir/home/michael/pico/pico-sdk/src/rp2_common/pico_unique_id/unique_id.c.obj
 *fill*         0x0000000010008b82        0x2 
 .rodata.__func__.0
                0x0000000010008b84       0x20 CMakeFiles/max6675.dir/home/michael/pico/pico-sdk/src/rp2_common/pico_unique_id/unique_id.c.obj
 .rodata.str1.4
                0x0000000010008ba4      0x15a CMakeFiles/max6675.dir/home/michael/pico/pico-sdk/src/rp2_common/hardware_flash/flash.c.obj
 *fill*         0x0000000010008cfe        0x2 
 .rodata.__func__.0
                0x0000000010008d00        0xd CMakeFiles/max6675.dir/home/michael/pico/pico-sdk/src/rp2_common/hardware_flash/flash.c.obj
                0x0000000010008d10                . = ALIGN (0x4)
 *fill*         0x0000000010008d0d        0x3 
 *(SORT_BY_ALIGNMENT(SORT_BY_NAME(.flashdata*)))
                0x0000000010008d10                . = ALIGN (0x4)

.rel.dyn        0x0000000010008d10        0x0
 .rel.iplt      0x0000000010008d10        0x0 /usr/lib/gcc/arm-none-eabi/10.3.1/thumb/v6-m/nofp/crtbegin.o

.ARM.extab
 *(.ARM.extab* .gnu.linkonce.armextab.*)
                0x0000000010008d10                __exidx_start = .

.ARM.exidx
 *(.ARM.exidx* .gnu.linkonce.armexidx.*)
                0x0000000010008d10                __exidx_end = .
                0x0000000010008d10                . = ALIGN (0x4)
                0x0000000010008d10                __binary_info_start = .

.binary_info    0x0000000010008d10       0x24
 *(.binary_info.keep.*)
 .binary_info.keep.__bi_ptr22
                0x0000000010008d10        0x4 CMakeFiles/max6675.dir/home/michael/pico/pico-sdk/src/rp2_common/pico_standard_link/binary_info.c.obj
 .binary_info.keep.__bi_ptr30
                0x0000000010008d14        0x4 CMakeFiles/max6675.dir/home/michael/pico/pico-sdk/src/rp2_common/pico_standard_link/binary_info.c.obj
 .binary_info.keep.__bi_ptr38
                0x0000000010008d18        0x4 CMakeFiles/max6675.dir/home/michael/pico/pico-sdk/src/rp2_common/pico_standard_link/binary_info.c.obj
 .binary_info.keep.__bi_ptr44
                0x0000000010008d1c        0x4 CMakeFiles/max6675.dir/home/michael/pico/pico-sdk/src/rp2_common/pico_standard_link/binary_info.c.obj
 .binary_info.keep.__bi_ptr50
                0x0000000010008d20        0x4 CMakeFiles/max6675.dir/home/michael/pico/pico-sdk/src/rp2_common/pico_standard_link/binary_info.c.obj
 .binary_info.keep.__bi_ptr56
                0x0000000010008d24        0x4 CMakeFiles/max6675.dir/home/michael/pico/pico-sdk/src/rp2_common/pico_standard_link/binary_info.c.obj
 .binary_info.keep.__bi_ptr75
                0x0000000010008d28        0x4 CMakeFiles/max6675.dir/home/michael/pico/pico-sdk/src/rp2_common/pico_standard_link/binary_info.c.obj
 .binary_info.keep.__bi_ptr81
                0x0000000010008d2c        0x4 CMakeFiles/max6675.dir/home/michael/pico/pico-sdk/src/rp2_common/pico_standard_link/binary_info.c.obj
 *(.binary_info.*)
 .binary_info.__bi_ptr118
                0x0000000010008d30        0x4 CMakeFiles/max6675.dir/home/michael/pico/pico-sdk/src/rp2_common/pico_stdio_usb/stdio_usb.c.obj
                0x0000000010008d34                __binary_info_end = .
                0x0000000010008d34                . = ALIGN (0x4)
                0x0000000010008d34                __etext = .

.ram_vector_table
                0x0000000020000000       0xc0
 *(.ram_vector_table)
 .ram_vector_table
                0x0000000020000000       0xc0 CMakeFiles/max6675.dir/home/michael/pico/pico-sdk/src/rp2_common/pico_runtime/runtime.c.obj
                0x0000000020000000                ram_vector_table

.data           0x00000000200000c0      0x4a0 load address 0x0000000010008d34
                0x00000000200000c0                __data_start__ = .
 *(vtable)
 *(.time_critical*)
 .time_critical.mutex_enter_blocking
                0x00000000200000c0       0x48 CMakeFiles/max6675.dir/home/michael/pico/pico-sdk/src/common/pico_sync/mutex.c.obj
                0x00000000200000c0                mutex_enter_blocking
 .time_critical.mutex_try_enter
                0x0000000020000108       0x46 CMakeFiles/max6675.dir/home/michael/pico/pico-sdk/src/common/pico_sync/mutex.c.obj
                0x0000000020000108                mutex_try_enter
 *fill*         0x000000002000014e        0x2 
 .time_critical.mutex_enter_block_until
                0x0000000020000150       0x8c CMakeFiles/max6675.dir/home/michael/pico/pico-sdk/src/common/pico_sync/mutex.c.obj
                0x0000000020000150                mutex_enter_block_until
 .time_critical.mutex_enter_timeout_ms
                0x00000000200001dc       0x74 CMakeFiles/max6675.dir/home/michael/pico/pico-sdk/src/common/pico_sync/mutex.c.obj
                0x00000000200001dc                mutex_enter_timeout_ms
 .time_critical.mutex_exit
                0x0000000020000250       0x4c CMakeFiles/max6675.dir/home/michael/pico/pico-sdk/src/common/pico_sync/mutex.c.obj
                0x0000000020000250                mutex_exit
 .time_critical.flash_init_boot2_copyout
                0x000000002000029c       0x30 CMakeFiles/max6675.dir/home/michael/pico/pico-sdk/src/rp2_common/hardware_flash/flash.c.obj
 .time_critical.flash_enable_xip_via_boot2
                0x00000000200002cc       0x10 CMakeFiles/max6675.dir/home/michael/pico/pico-sdk/src/rp2_common/hardware_flash/flash.c.obj
 .time_critical.flash_cs_force
                0x00000000200002dc       0x28 CMakeFiles/max6675.dir/home/michael/pico/pico-sdk/src/rp2_common/hardware_flash/flash.c.obj
 .time_critical.flash_do_cmd
                0x0000000020000304       0xd8 CMakeFiles/max6675.dir/home/michael/pico/pico-sdk/src/rp2_common/hardware_flash/flash.c.obj
                0x0000000020000304                flash_do_cmd
 .time_critical.spi_read_blocking
                0x00000000200003dc       0x3e CMakeFiles/max6675.dir/home/michael/pico/pico-sdk/src/rp2_common/hardware_spi/spi.c.obj
                0x00000000200003dc                spi_read_blocking
 *(.text*)
 *fill*         0x000000002000041a        0x2 
 .text          0x000000002000041c        0x4 /usr/lib/gcc/arm-none-eabi/10.3.1/thumb/v6-m/nofp/libgcc.a(_dvmd_tls.o)
                0x000000002000041c                __aeabi_ldiv0
                0x000000002000041c                __aeabi_idiv0
 .text.__stub   0x0000000020000420       0x40 linker stubs
                0x0000000020000460                . = ALIGN (0x4)
 *(.rodata*)
                0x0000000020000460                . = ALIGN (0x4)
 *(.data*)
 .data.striped_spin_lock_num
                0x0000000020000460        0x1 CMakeFiles/max6675.dir/home/michael/pico/pico-sdk/src/rp2_common/hardware_sync/sync.c.obj
 *fill*         0x0000000020000461        0x3 
 .data          0x0000000020000464       0x48 CMakeFiles/max6675.dir/home/michael/pico/pico-sdk/src/rp2_common/hardware_irq/irq_handler_chain.S.obj
                0x0000000020000464                irq_handler_chain_slots
                0x0000000020000494                irq_handler_chain_first_slot
                0x000000002000049e                irq_handler_chain_remove_tail
 .data.default_alarm_pool
                0x00000000200004ac       0x18 CMakeFiles/max6675.dir/home/michael/pico/pico-sdk/src/common/pico_time/time.c.obj
 .data.default_alarm_pool_heap