Archive member included to satisfy reference by file (symbol)

/usr/lib/gcc/arm-none-eabi/10.3.1/thumb/v6-m/nofp/libgcc.a(_dvmd_tls.o)
                              CMakeFiles/max6675.dir/home/michael/pico/pico-sdk/src/rp2_common/pico_divider/divider.S.obj (__aeabi_idiv0)
/usr/lib/gcc/arm-none-eabi/10.3.1/../../../arm-none-eabi/lib/thumb/v6-m/nofp/libg.a(lib_a-atexit.o)
                              /usr/lib/gcc/arm-none-eabi/10.3.1/../../../arm-none-eabi/lib/thumb/v6-m/nofp/crt0.o (atexit)
/usr/lib/gcc/arm-none-eabi/10.3.1/../../../arm-none-eabi/lib/thumb/v6-m/nofp/libg.a(lib_a-calloc.o)
                              CMakeFiles/max6675.dir/home/michael/pico/pico-sdk/src/rp2_common/pico_malloc/pico_malloc.c.obj (calloc)
/usr/lib/gcc/arm-none-eabi/10.3.1/../../../arm-none-eabi/lib/thumb/v6-m/nofp/libg.a(lib_a-callocr.o)
                              /usr/lib/gcc/arm-none-eabi/10.3.1/../../../arm-none-eabi/lib/thumb/v6-m/nofp/libg.a(lib_a-calloc.o) (_calloc_r)
/usr/lib/gcc/arm-none-eabi/10.3.1/../../../arm-none-eabi/lib/thumb/v6-m/nofp/libg.a(lib_a-fini.o)
                              /usr/lib/gcc/arm-none-eabi/10.3.1/../../../arm-none-eabi/lib/thumb/v6-m/nofp/crt0.o (__libc_fini_array)
/usr/lib/gcc/arm-none-eabi/10.3.1/../../../arm-none-eabi/lib/thumb/v6-m/nofp/libg.a(lib_a-impure.o)
                              /usr/lib/gcc/arm-none-eabi/10.3.1/../../../arm-none-eabi/lib/thumb/v6-m/nofp/libg.a(lib_a-calloc.o) (_impure_ptr)
/usr/lib/gcc/arm-none-eabi/10.3.1/../../../arm-none-eabi/lib/thumb/v6-m/nofp/libg.a(lib_a-init.o)
                              /usr/lib/gcc/arm-none-eabi/10.3.1/../../../arm-none-eabi/lib/thumb/v6-m/nofp/crt0.o (__libc_init_array)
/usr/lib/gcc/arm-none-eabi/10.3.1/../../../arm-none-eabi/lib/thumb/v6-m/nofp/libg.a(lib_a-malloc.o)
                              CMakeFiles/max6675.dir/home/michael/pico/pico-sdk/src/rp2_common/pico_malloc/pico_malloc.c.obj (malloc)
/usr/lib/gcc/arm-none-eabi/10.3.1/../../../arm-none-eabi/lib/thumb/v6-m/nofp/libg.a(lib_a-mallocr.o)
                              /usr/lib/gcc/arm-none-eabi/10.3.1/../../../arm-none-eabi/lib/thumb/v6-m/nofp/libg.a(lib_a-callocr.o) (_malloc_r)
/usr/lib/gcc/arm-none-eabi/10.3.1/../../../arm-none-eabi/lib/thumb/v6-m/nofp/libg.a(lib_a-mlock.o)
                              /usr/lib/gcc/arm-none-eabi/10.3.1/../../../arm-none-eabi/lib/thumb/v6-m/nofp/libg.a(lib_a-mallocr.o) (__malloc_lock)
/usr/lib/gcc/arm-none-eabi/10.3.1/../../../arm-none-eabi/lib/thumb/v6-m/nofp/libg.a(lib_a-realloc.o)
                              CMakeFiles/max6675.dir/home/michael/pico/pico-sdk/src/rp2_common/pico_malloc/pico_malloc.c.obj (realloc)
/usr/lib/gcc/arm-none-eabi/10.3.1/../../../arm-none-eabi/lib/thumb/v6-m/nofp/libg.a(lib_a-reallocr.o)
                              /usr/lib/gcc/arm-none-eabi/10.3.1/../../../arm-none-eabi/lib/thumb/v6-m/nofp/libg.a(lib_a-realloc.o) (_realloc_r)
/usr/lib/gcc/arm-none-eabi/10.3.1/../../../arm-none-eabi/lib/thumb/v6-m/nofp/libg.a(lib_a-sbrkr.o)
                              /usr/lib/gcc/arm-none-eabi/10.3.1/../../../arm-none-eabi/lib/thumb/v6-m/nofp/libg.a(lib_a-mallocr.o) (_sbrk_r)
/usr/lib/gcc/arm-none-eabi/10.3.1/../../../arm-none-eabi/lib/thumb/v6-m/nofp/libg.a(lib_a-strlen-stub.o)
                              CMakeFiles/max6675.dir/home/michael/pico/pico-sdk/src/rp2_common/pico_stdio/stdio.c.obj (strlen)
/usr/lib/gcc/arm-none-eabi/10.3.1/../../../arm-none-eabi/lib/thumb/v6-m/nofp/libg.a(lib_a-__atexit.o)
                              /usr/lib/gcc/arm-none-eabi/10.3.1/../../../arm-none-eabi/lib/thumb/v6-m/nofp/libg.a(lib_a-atexit.o) (__register_exitproc)
/usr/lib/gcc/arm-none-eabi/10.3.1/../../../arm-none-eabi/lib/thumb/v6-m/nofp/libg.a(lib_a-freer.o)
                              /usr/lib/gcc/arm-none-eabi/10.3.1/../../../arm-none-eabi/lib/thumb/v6-m/nofp/libg.a(lib_a-malloc.o) (_free_r)
/usr/lib/gcc/arm-none-eabi/10.3.1/../../../arm-none-eabi/lib/thumb/v6-m/nofp/libg.a(lib_a-memmove.o)
                              /usr/lib/gcc/arm-none-eabi/10.3.1/../../../arm-none-eabi/lib/thumb/v6-m/nofp/libg.a(lib_a-reallocr.o) (memmove)
/usr/lib/gcc/arm-none-eabi/10.3.1/../../../arm-none-eabi/lib/thumb/v6-m/nofp/libg.a(lib_a-reent.o)
                              /usr/lib/gcc/arm-none-eabi/10.3.1/../../../arm-none-eabi/lib/thumb/v6-m/nofp/libg.a(lib_a-sbrkr.o) (errno)

Discarded input sections

 .text          0x0000000000000000        0x0 /usr/lib/gcc/arm-none-eabi/10.3.1/thumb/v6-m/nofp/crti.o
 .data          0x0000000000000000        0x0 /usr/lib/gcc/arm-none-eabi/10.3.1/thumb/v6-m/nofp/crti.o
 .bss           0x0000000000000000        0x0 /usr/lib/gcc/arm-none-eabi/10.3.1/thumb/v6-m/nofp/crti.o
 .data          0x0000000000000000        0x4 /usr/lib/gcc/arm-none-eabi/10.3.1/thumb/v6-m/nofp/crtbegin.o
 .rodata        0x0000000000000000       0x24 /usr/lib/gcc/arm-none-eabi/10.3.1/thumb/v6-m/nofp/crtbegin.o
 .fini_array    0x0000000000000000        0x4 /usr/lib/gcc/arm-none-eabi/10.3.1/thumb/v6-m/nofp/crtbegin.o
[...]
Memory Configuration

Name             Origin             Length             Attributes
FLASH            0x0000000010000000 0x0000000000200000 xr
RAM              0x0000000020000000 0x0000000000040000 xrw
SCRATCH_X        0x0000000020040000 0x0000000000001000 xrw
SCRATCH_Y        0x0000000020041000 0x0000000000001000 xrw
*default*        0x0000000000000000 0xffffffffffffffff

Linker script and memory map

LOAD /usr/lib/gcc/arm-none-eabi/10.3.1/thumb/v6-m/nofp/crti.o
LOAD /usr/lib/gcc/arm-none-eabi/10.3.1/thumb/v6-m/nofp/crtbegin.o
LOAD /usr/lib/gcc/arm-none-eabi/10.3.1/../../../arm-none-eabi/lib/thumb/v6-m/nofp/crt0.o

.flash_begin    0x0000000010000000        0x0
                0x0000000010000000                __flash_binary_start = .

.boot2          0x0000000010000000      0x100
                0x0000000010000000                __boot2_start__ = .
 *(.boot2)
 .boot2         0x0000000010000000      0x100 /tmp/ccmAD5Pg.o
                0x0000000010000100                __boot2_end__ = .
                0x0000000000000001                ASSERT (((__boot2_end__ - __boot2_start__) == 0x100), ERROR: Pico second stage bootloader must be 256 bytes in size)

.text           0x0000000010000100     0x4588
                0x0000000010000100                __logical_binary_start = .
 *(.vectors)
 .vectors       0x0000000010000100       0xd4 CMakeFiles/max6675.dir/home/michael/pico/pico-sdk/src/rp2_common/pico_standard_link/crt0.S.obj
                0x0000000010000100                __vectors
                0x0000000010000100                __VECTOR_TABLE
                0x00000000100001c0                isr_invalid
                0x00000000100001c0                __default_isrs_start
                0x00000000100001c2                isr_nmi
                0x00000000100001c4                isr_hardfault
                0x00000000100001c6                isr_svcall
                0x00000000100001c8                isr_pendsv
                0x00000000100001ca                isr_systick
                0x00000000100001cc                isr_irq30
                0x00000000100001cc                __unhandled_user_irq
                0x00000000100001cc                isr_irq13
                0x00000000100001cc                isr_irq27
                0x00000000100001cc                isr_irq31
                0x00000000100001cc                isr_irq5
                0x00000000100001cc                isr_irq11
                0x00000000100001cc                isr_irq23
                0x00000000100001cc                isr_irq18
                0x00000000100001cc                isr_irq28
                0x00000000100001cc                isr_irq19
                0x00000000100001cc                isr_irq0
                0x00000000100001cc                isr_irq6
                0x00000000100001cc                isr_irq22
                0x00000000100001cc                isr_irq17
                0x00000000100001cc                isr_irq14
                0x00000000100001cc                isr_irq2
                0x00000000100001cc                isr_irq10
                0x00000000100001cc                isr_irq8
                0x00000000100001cc                isr_irq24
                0x00000000100001cc                isr_irq1
                0x00000000100001cc                isr_irq7
                0x00000000100001cc                isr_irq21
                0x00000000100001cc                isr_irq20
                0x00000000100001cc                isr_irq15
                0x00000000100001cc                isr_irq25
                0x00000000100001cc                isr_irq4
                0x00000000100001cc                isr_irq16
                0x00000000100001cc                isr_irq29
                0x00000000100001cc                isr_irq26
                0x00000000100001cc                __default_isrs_end
                0x00000000100001cc                isr_irq3
                0x00000000100001cc                isr_irq12
                0x00000000100001cc                isr_irq9
                0x00000000100001d2                unhandled_user_irq_num_in_r0
 *(.binary_info_header)
 .binary_info_header
                0x00000000100001d4       0x14 CMakeFiles/max6675.dir/home/michael/pico/pico-sdk/src/rp2_common/pico_standard_link/crt0.S.obj
                0x00000000100001e8                __binary_info_header_end = .
 *(.reset)
 .reset         0x00000000100001e8       0xa8 CMakeFiles/max6675.dir/home/michael/pico/pico-sdk/src/rp2_common/pico_standard_link/crt0.S.obj
                0x00000000100001e8                _entry_point
                0x0000000010000266                __get_current_exception
 .reset         0x0000000010000290       0x30 CMakeFiles/max6675.dir/home/michael/pico/pico-sdk/src/rp2_common/pico_standard_link/binary_info.c.obj
 *(.init)
 .init          0x00000000100002c0        0x4 /usr/lib/gcc/arm-none-eabi/10.3.1/thumb/v6-m/nofp/crti.o
                0x00000000100002c0                _init
 *(EXCLUDE_FILE(*libm.a: *libc.a:*lib_a-mem*.o *libgcc.a:) .text*)
 .text          0x00000000100002c4       0x98 /usr/lib/gcc/arm-none-eabi/10.3.1/thumb/v6-m/nofp/crtbegin.o
 .text.max6675_temperature_decode
                0x000000001000035c       0x34 CMakeFiles/max6675.dir/max6675_example.c.obj
                0x000000001000035c                max6675_temperature_decode
 .text.read_max6675
                0x0000000010000390       0x30 CMakeFiles/max6675.dir/max6675_example.c.obj
                0x0000000010000390                read_max6675
 .text.main     0x00000000100003c0       0x70 CMakeFiles/max6675.dir/max6675_example.c.obj
                0x00000000100003c0                main
 .text.gpio_set_function
                0x0000000010000430       0x30 CMakeFiles/max6675.dir/home/michael/pico/pico-sdk/src/rp2_common/hardware_gpio/gpio.c.obj
                0x0000000010000430                gpio_set_function
 .text.gpio_init
                0x0000000010000460       0x16 CMakeFiles/max6675.dir/home/michael/pico/pico-sdk/src/rp2_common/hardware_gpio/gpio.c.obj
                0x0000000010000460                gpio_init
 *fill*         0x0000000010000476        0x2 
 .text.hw_claim_lock
                0x0000000010000478       0x18 CMakeFiles/max6675.dir/home/michael/pico/pico-sdk/src/rp2_common/hardware_claim/claim.c.obj
                0x0000000010000478                hw_claim_lock
 .text.hw_claim_unlock
                0x0000000010000490       0x14 CMakeFiles/max6675.dir/home/michael/pico/pico-sdk/src/rp2_common/hardware_claim/claim.c.obj
                0x0000000010000490                hw_claim_unlock
 .text.hw_claim_or_assert
                0x00000000100004a4       0x32 CMakeFiles/max6675.dir/home/michael/pico/pico-sdk/src/rp2_common/hardware_claim/claim.c.obj
                0x00000000100004a4                hw_claim_or_assert
 *fill*         0x00000000100004d6        0x2 
 .text.running_on_fpga
                0x00000000100004d8       0x14 CMakeFiles/max6675.dir/home/michael/pico/pico-sdk/src/rp2_common/pico_platform/platform.c.obj
                0x00000000100004d8                running_on_fpga
 .text.spin_locks_reset
                0x00000000100004ec       0x20 CMakeFiles/max6675.dir/home/michael/pico/pico-sdk/src/rp2_common/hardware_sync/sync.c.obj
                0x00000000100004ec                spin_locks_reset
 .text.next_striped_spin_lock_num
                0x000000001000050c       0x1c CMakeFiles/max6675.dir/home/michael/pico/pico-sdk/src/rp2_common/hardware_sync/sync.c.obj
                0x000000001000050c                next_striped_spin_lock_num
 .text.set_raw_irq_handler_and_unlock
                0x0000000010000528       0x28 CMakeFiles/max6675.dir/home/michael/pico/pico-sdk/src/rp2_common/hardware_irq/irq.c.obj
 .text.make_branch
                0x0000000010000550       0x48 CMakeFiles/max6675.dir/home/michael/pico/pico-sdk/src/rp2_common/hardware_irq/irq.c.obj
 .text.insert_branch_and_link
                0x0000000010000598       0x40 CMakeFiles/max6675.dir/home/michael/pico/pico-sdk/src/rp2_common/hardware_irq/irq.c.obj
 .text.irq_is_enabled
                0x00000000100005d8       0x18 CMakeFiles/max6675.dir/home/michael/pico/pico-sdk/src/rp2_common/hardware_irq/irq.c.obj
                0x00000000100005d8                irq_is_enabled
 .text.irq_set_mask_enabled
                0x00000000100005f0       0x20 CMakeFiles/max6675.dir/home/michael/pico/pico-sdk/src/rp2_common/hardware_irq/irq.c.obj
                0x00000000100005f0                irq_set_mask_enabled
 .text.irq_set_enabled
                0x0000000010000610        0xe CMakeFiles/max6675.dir/home/michael/pico/pico-sdk/src/rp2_common/hardware_irq/irq.c.obj
                0x0000000010000610                irq_set_enabled
 *fill*         0x000000001000061e        0x2 
 .text.irq_get_vtable_handler
                0x0000000010000620       0x10 CMakeFiles/max6675.dir/home/michael/pico/pico-sdk/src/rp2_common/hardware_irq/irq.c.obj
                0x0000000010000620                irq_get_vtable_handler
 .text.irq_set_exclusive_handler
                0x0000000010000630       0x54 CMakeFiles/max6675.dir/home/michael/pico/pico-sdk/src/rp2_common/hardware_irq/irq.c.obj
                0x0000000010000630                irq_set_exclusive_handler
 .text.irq_remove_handler
                0x0000000010000684      0x1a8 CMakeFiles/max6675.dir/home/michael/pico/pico-sdk/src/rp2_common/hardware_irq/irq.c.obj
                0x0000000010000684                irq_remove_handler
 .text.irq_add_tail_to_free_list
                0x000000001000082c       0xf0 CMakeFiles/max6675.dir/home/michael/pico/pico-sdk/src/rp2_common/hardware_irq/irq.c.obj
                0x000000001000082c                irq_add_tail_to_free_list
 .text.irq_init_priorities
                0x000000001000091c       0x1c CMakeFiles/max6675.dir/home/michael/pico/pico-sdk/src/rp2_common/hardware_irq/irq.c.obj
                0x000000001000091c                irq_init_priorities
 .text.lock_init
                0x0000000010000938       0x10 CMakeFiles/max6675.dir/home/michael/pico/pico-sdk/src/common/pico_sync/lock_core.c.obj
                0x0000000010000938                lock_init
 .text.alarm_pool_post_alloc_init
                0x0000000010000948       0x40 CMakeFiles/max6675.dir/home/michael/pico/pico-sdk/src/common/pico_time/time.c.obj
 .text.sleep_until_callback
                0x0000000010000988       0x30 CMakeFiles/max6675.dir/home/michael/pico/pico-sdk/src/common/pico_time/time.c.obj
 .text.timer_pool_entry_comparator
                0x00000000100009b8       0x7c CMakeFiles/max6675.dir/home/michael/pico/pico-sdk/src/common/pico_time/time.c.obj
                0x00000000100009b8                timer_pool_entry_comparator
 .text.ph_add_child_node
                0x0000000010000a34       0xa4 CMakeFiles/max6675.dir/home/michael/pico/pico-sdk/src/common/pico_time/time.c.obj
 .text.ph_merge_nodes
                0x0000000010000ad8       0x3e CMakeFiles/max6675.dir/home/michael/pico/pico-sdk/src/common/pico_time/time.c.obj
 *fill*         0x0000000010000b16        0x2 
 .text.add_alarm_under_lock
                0x0000000010000b18      0x174 CMakeFiles/max6675.dir/home/michael/pico/pico-sdk/src/common/pico_time/time.c.obj
 .text.alarm_pool_alarm_callback
                0x0000000010000c8c      0x328 CMakeFiles/max6675.dir/home/michael/pico/pico-sdk/src/common/pico_time/time.c.obj
 .text.alarm_pool_init_default
                0x0000000010000fb4       0x38 CMakeFiles/max6675.dir/home/michael/pico/pico-sdk/src/common/pico_time/time.c.obj
                0x0000000010000fb4                alarm_pool_init_default
 .text.alarm_pool_get_default
                0x0000000010000fec       0x2c CMakeFiles/max6675.dir/home/michael/pico/pico-sdk/src/common/pico_time/time.c.obj
                0x0000000010000fec                alarm_pool_get_default
 .text.alarm_pool_add_alarm_at
                0x0000000010001018      0x170 CMakeFiles/max6675.dir/home/michael/pico/pico-sdk/src/common/pico_time/time.c.obj
                0x0000000010001018                alarm_pool_add_alarm_at
 .text.sleep_until
                0x0000000010001188       0xfc CMakeFiles/max6675.dir/home/michael/pico/pico-sdk/src/common/pico_time/time.c.obj
                0x0000000010001188                sleep_until
 .text.sleep_us
                0x0000000010001284       0x58 CMakeFiles/max6675.dir/home/michael/pico/pico-sdk/src/common/pico_time/time.c.obj
                0x0000000010001284                sleep_us
 .text.sleep_ms
                0x00000000100012dc       0x14 CMakeFiles/max6675.dir/home/michael/pico/pico-sdk/src/common/pico_time/time.c.obj
                0x00000000100012dc                sleep_ms
 .text.hardware_alarm_irq_handler
                0x00000000100012f0       0x8c CMakeFiles/max6675.dir/home/michael/pico/pico-sdk/src/rp2_common/hardware_timer/timer.c.obj
 .text.hardware_alarm_claim
                0x000000001000137c       0x18 CMakeFiles/max6675.dir/home/michael/pico/pico-sdk/src/rp2_common/hardware_timer/timer.c.obj
                0x000000001000137c                hardware_alarm_claim
 .text.time_us_64
                0x0000000010001394       0x18 CMakeFiles/max6675.dir/home/michael/pico/pico-sdk/src/rp2_common/hardware_timer/timer.c.obj
                0x0000000010001394                time_us_64
 .text.busy_wait_until
                0x00000000100013ac       0x28 CMakeFiles/max6675.dir/home/michael/pico/pico-sdk/src/rp2_common/hardware_timer/timer.c.obj
                0x00000000100013ac                busy_wait_until
 .text.hardware_alarm_set_callback
                0x00000000100013d4       0x90 CMakeFiles/max6675.dir/home/michael/pico/pico-sdk/src/rp2_common/hardware_timer/timer.c.obj
                0x00000000100013d4                hardware_alarm_set_callback
 .text.hardware_alarm_set_target
                0x0000000010001464       0xe8 CMakeFiles/max6675.dir/home/michael/pico/pico-sdk/src/rp2_common/hardware_timer/timer.c.obj
                0x0000000010001464                hardware_alarm_set_target
 .text.hardware_alarm_cancel
                0x000000001000154c       0x40 CMakeFiles/max6675.dir/home/michael/pico/pico-sdk/src/rp2_common/hardware_timer/timer.c.obj
                0x000000001000154c                hardware_alarm_cancel
 .text.ph_add_child_node
                0x000000001000158c       0xa4 CMakeFiles/max6675.dir/home/michael/pico/pico-sdk/src/common/pico_util/pheap.c.obj
 .text.ph_merge_nodes
                0x0000000010001630       0x3e CMakeFiles/max6675.dir/home/michael/pico/pico-sdk/src/common/pico_util/pheap.c.obj
 *fill*         0x000000001000166e        0x2 
 .text.ph_clear
                0x0000000010001670       0x70 CMakeFiles/max6675.dir/home/michael/pico/pico-sdk/src/common/pico_util/pheap.c.obj
                0x0000000010001670                ph_clear
 .text.ph_post_alloc_init
                0x00000000100016e0        0xe CMakeFiles/max6675.dir/home/michael/pico/pico-sdk/src/common/pico_util/pheap.c.obj
                0x00000000100016e0                ph_post_alloc_init
 *fill*         0x00000000100016ee        0x2 
 .text.ph_merge_two_pass
                0x00000000100016f0       0xa8 CMakeFiles/max6675.dir/home/michael/pico/pico-sdk/src/common/pico_util/pheap.c.obj
                0x00000000100016f0                ph_merge_two_pass
 .text.ph_remove_any_head
                0x0000000010001798      0x108 CMakeFiles/max6675.dir/home/michael/pico/pico-sdk/src/common/pico_util/pheap.c.obj
 .text.ph_remove_head
                0x00000000100018a0       0x14 CMakeFiles/max6675.dir/home/michael/pico/pico-sdk/src/common/pico_util/pheap.c.obj
                0x00000000100018a0                ph_remove_head
 .text.ph_remove_and_free_node
                0x00000000100018b4       0xf8 CMakeFiles/max6675.dir/home/michael/pico/pico-sdk/src/common/pico_util/pheap.c.obj
                0x00000000100018b4                ph_remove_and_free_node
 .text.mutex_init
                0x00000000100019ac       0x1a CMakeFiles/max6675.dir/home/michael/pico/pico-sdk/src/common/pico_sync/mutex.c.obj
                0x00000000100019ac                mutex_init
 .text.recursive_mutex_init
                0x00000000100019c6       0x1e CMakeFiles/max6675.dir/home/michael/pico/pico-sdk/src/common/pico_sync/mutex.c.obj
                0x00000000100019c6                recursive_mutex_init
 .text.uart_set_baudrate
                0x00000000100019e4       0x5c CMakeFiles/max6675.dir/home/michael/pico/pico-sdk/src/rp2_common/hardware_uart/uart.c.obj
                0x00000000100019e4                uart_set_baudrate
 .text.uart_set_translate_crlf
                0x0000000010001a40       0x28 CMakeFiles/max6675.dir/home/michael/pico/pico-sdk/src/rp2_common/hardware_uart/uart.c.obj
                0x0000000010001a40                uart_set_translate_crlf
 .text.uart_init
                0x0000000010001a68       0x80 CMakeFiles/max6675.dir/home/michael/pico/pico-sdk/src/rp2_common/hardware_uart/uart.c.obj
                0x0000000010001a68                uart_init
 .text._exit    0x0000000010001ae8        0x4 CMakeFiles/max6675.dir/home/michael/pico/pico-sdk/src/rp2_common/pico_runtime/runtime.c.obj
                0x0000000010001ae8                _exit
 .text.exit     0x0000000010001aec        0x6 CMakeFiles/max6675.dir/home/michael/pico/pico-sdk/src/rp2_common/pico_runtime/runtime.c.obj
                0x0000000010001aec                exit
 *fill*         0x0000000010001af2        0x2 
 .text.__assert_func
                0x0000000010001af4       0x3c CMakeFiles/max6675.dir/home/michael/pico/pico-sdk/src/rp2_common/pico_runtime/runtime.c.obj
                0x0000000010001af4                __assert_func
 .text.runtime_init
                0x0000000010001b30       0xf8 CMakeFiles/max6675.dir/home/michael/pico/pico-sdk/src/rp2_common/pico_runtime/runtime.c.obj
                0x0000000010001b30                runtime_init
 .text.panic    0x0000000010001c28       0x30 CMakeFiles/max6675.dir/home/michael/pico/pico-sdk/src/rp2_common/pico_runtime/runtime.c.obj
                0x0000000010001c28                panic
 .text.clock_configure
                0x0000000010001c58      0x104 CMakeFiles/max6675.dir/home/michael/pico/pico-sdk/src/rp2_common/hardware_clocks/clocks.c.obj
                0x0000000010001c58                clock_configure
 .text.clocks_init
                0x0000000010001d5c      0x100 CMakeFiles/max6675.dir/home/michael/pico/pico-sdk/src/rp2_common/hardware_clocks/clocks.c.obj
                0x0000000010001d5c                clocks_init
 .text.clock_get_hz
                0x0000000010001e5c        0xc CMakeFiles/max6675.dir/home/michael/pico/pico-sdk/src/rp2_common/hardware_clocks/clocks.c.obj
                0x0000000010001e5c                clock_get_hz
 .text.pll_init
                0x0000000010001e68      0x140 CMakeFiles/max6675.dir/home/michael/pico/pico-sdk/src/rp2_common/hardware_pll/pll.c.obj
                0x0000000010001e68                pll_init
 .text.watchdog_start_tick
                0x0000000010001fa8       0x10 CMakeFiles/max6675.dir/home/michael/pico/pico-sdk/src/rp2_common/hardware_watchdog/watchdog.c.obj
                0x0000000010001fa8                watchdog_start_tick
 .text.xosc_init
                0x0000000010001fb8       0x28 CMakeFiles/max6675.dir/home/michael/pico/pico-sdk/src/rp2_common/hardware_xosc/xosc.c.obj
                0x0000000010001fb8                xosc_init
 .text._out_null
                0x0000000010001fe0        0x2 CMakeFiles/max6675.dir/home/michael/pico/pico-sdk/src/rp2_common/pico_printf/printf.c.obj
 .text._out_fct
                0x0000000010001fe2        0xe CMakeFiles/max6675.dir/home/michael/pico/pico-sdk/src/rp2_common/pico_printf/printf.c.obj
 .text._atoi    0x0000000010001ff0       0x24 CMakeFiles/max6675.dir/home/michael/pico/pico-sdk/src/rp2_common/pico_printf/printf.c.obj
 .text._out_rev
                0x0000000010002014       0xae CMakeFiles/max6675.dir/home/michael/pico/pico-sdk/src/rp2_common/pico_printf/printf.c.obj
 .text._ntoa_format
                0x00000000100020c2      0x112 CMakeFiles/max6675.dir/home/michael/pico/pico-sdk/src/rp2_common/pico_printf/printf.c.obj
 .text._ntoa_long
                0x00000000100021d4       0xbc CMakeFiles/max6675.dir/home/michael/pico/pico-sdk/src/rp2_common/pico_printf/printf.c.obj
 .text._ntoa_long_long
                0x0000000010002290       0xe2 CMakeFiles/max6675.dir/home/michael/pico/pico-sdk/src/rp2_common/pico_printf/printf.c.obj
 *fill*         0x0000000010002372        0x2 
 .text._etoa    0x0000000010002374      0x414 CMakeFiles/max6675.dir/home/michael/pico/pico-sdk/src/rp2_common/pico_printf/printf.c.obj
 .text._ftoa    0x0000000010002788      0x354 CMakeFiles/max6675.dir/home/michael/pico/pico-sdk/src/rp2_common/pico_printf/printf.c.obj
 .text._vsnprintf
                0x0000000010002adc      0x624 CMakeFiles/max6675.dir/home/michael/pico/pico-sdk/src/rp2_common/pico_printf/printf.c.obj
 .text.vfctprintf
                0x0000000010003100       0x20 CMakeFiles/max6675.dir/home/michael/pico/pico-sdk/src/rp2_common/pico_printf/printf.c.obj
                0x0000000010003100                vfctprintf
 .text          0x0000000010003120       0x10 CMakeFiles/max6675.dir/home/michael/pico/pico-sdk/src/rp2_common/pico_bit_ops/bit_ops_aeabi.S.obj
 .text.rom_func_lookup
                0x0000000010003130       0x10 CMakeFiles/max6675.dir/home/michael/pico/pico-sdk/src/rp2_common/pico_bootrom/bootrom.c.obj
                0x0000000010003130                rom_func_lookup
 .text.rom_data_lookup
                0x0000000010003140       0x10 CMakeFiles/max6675.dir/home/michael/pico/pico-sdk/src/rp2_common/pico_bootrom/bootrom.c.obj
                0x0000000010003140                rom_data_lookup
 .text.rom_funcs_lookup
                0x0000000010003150       0x36 CMakeFiles/max6675.dir/home/michael/pico/pico-sdk/src/rp2_common/pico_bootrom/bootrom.c.obj
                0x0000000010003150                rom_funcs_lookup
 *fill*         0x0000000010003186        0x2 
 .text.__wrap___aeabi_idiv
                0x0000000010003188       0x50 CMakeFiles/max6675.dir/home/michael/pico/pico-sdk/src/rp2_common/pico_divider/divider.S.obj
                0x0000000010003188                __wrap___aeabi_idivmod
                0x0000000010003188                divmod_s32s32
                0x0000000010003188                div_s32s32
                0x0000000010003188                __wrap___aeabi_idiv
                0x0000000010003190                divmod_s32s32_unsafe
                0x00000000100031bc                divmod_s32s32_savestate
 .text.__wrap___aeabi_uidiv
                0x00000000100031d8       0x4c CMakeFiles/max6675.dir/home/michael/pico/pico-sdk/src/rp2_common/pico_divider/divider.S.obj
                0x00000000100031d8                __wrap___aeabi_uidiv
                0x00000000100031d8                __wrap___aeabi_uidivmod
                0x00000000100031d8                div_u32u32
                0x00000000100031d8                divmod_u32u32
                0x00000000100031e0                divmod_u32u32_unsafe
                0x0000000010003208                divmod_u32u32_savestate
 .text.__wrap___aeabi_ldiv
                0x0000000010003224      0x434 CMakeFiles/max6675.dir/home/michael/pico/pico-sdk/src/rp2_common/pico_divider/divider.S.obj
                0x0000000010003224                div_s64s64
                0x0000000010003224                divmod_s64s64
                0x0000000010003224                __wrap___aeabi_ldivmod
                0x000000001000325c                div_u64u64
                0x000000001000325c                divmod_u64u64
                0x000000001000325c                __wrap___aeabi_uldivmod
                0x000000001000326c                divmod_u64u64_savestate
                0x0000000010003294                divmod_s64s64_unsafe
                0x000000001000331c                divmod_u64u64_unsafe
 .text.__wrap___aeabi_darithmetic
                0x0000000010003658       0x80 CMakeFiles/max6675.dir/home/michael/pico/pico-sdk/src/rp2_common/pico_double/double_aeabi.S.obj
                0x0000000010003658                __wrap___aeabi_drsub
                0x000000001000365e                __wrap___aeabi_dsub
                0x0000000010003670                __wrap___aeabi_dadd
                0x0000000010003682                __wrap___aeabi_ddiv
                0x00000000100036be                __wrap___aeabi_dmul
 .text.__wrap___aeabi_cdcmple
                0x00000000100036d8       0x6c CMakeFiles/max6675.dir/home/michael/pico/pico-sdk/src/rp2_common/pico_double/double_aeabi.S.obj
                0x00000000100036d8                __wrap___aeabi_cdrcmple
                0x00000000100036e8                __wrap___aeabi_cdcmple
                0x00000000100036e8                __wrap___aeabi_cdcmpeq
 .text.__wrap___aeabi_dcmplt
                0x0000000010003744        0xc CMakeFiles/max6675.dir/home/michael/pico/pico-sdk/src/rp2_common/pico_double/double_aeabi.S.obj
                0x0000000010003744                __wrap___aeabi_dcmplt
 .text.__wrap___aeabi_dcmple
                0x0000000010003750       0x10 CMakeFiles/max6675.dir/home/michael/pico/pico-sdk/src/rp2_common/pico_double/double_aeabi.S.obj
                0x0000000010003750                __wrap___aeabi_dcmple
 .text.__wrap___aeabi_dcmpge
                0x0000000010003760       0x10 CMakeFiles/max6675.dir/home/michael/pico/pico-sdk/src/rp2_common/pico_double/double_aeabi.S.obj
                0x0000000010003760                __wrap___aeabi_dcmpge
 .text.__wrap___aeabi_dcmpgt
                0x0000000010003770        0xa CMakeFiles/max6675.dir/home/michael/pico/pico-sdk/src/rp2_common/pico_double/double_aeabi.S.obj
                0x0000000010003770                __wrap___aeabi_dcmpgt
 .text.__wrap___aeabi_dcmpun
                0x000000001000377a       0x1c CMakeFiles/max6675.dir/home/michael/pico/pico-sdk/src/rp2_common/pico_double/double_aeabi.S.obj
                0x000000001000377a                __wrap___aeabi_dcmpun
 *fill*         0x0000000010003796        0x2 
 .text.__wrap___aeabi_i2d
                0x0000000010003798       0x38 CMakeFiles/max6675.dir/home/michael/pico/pico-sdk/src/rp2_common/pico_double/double_aeabi.S.obj
                0x0000000010003798                __wrap___aeabi_ui2d
                0x00000000100037a0                __wrap___aeabi_i2d
 .text.__wrap___aeabi_d2iz
                0x00000000100037d0       0x48 CMakeFiles/max6675.dir/home/michael/pico/pico-sdk/src/rp2_common/pico_double/double_aeabi.S.obj
                0x00000000100037d0                __wrap___aeabi_d2iz
                0x00000000100037d0                double2int_z
 .text.__wrap___aeabi_d2uiz
                0x0000000010003818       0x18 CMakeFiles/max6675.dir/home/michael/pico/pico-sdk/src/rp2_common/pico_double/double_aeabi.S.obj
                0x0000000010003818                double2uint
                0x0000000010003818                __wrap___aeabi_d2uiz
 .text.__wrap___aeabi_d2f
                0x0000000010003830       0x18 CMakeFiles/max6675.dir/home/michael/pico/pico-sdk/src/rp2_common/pico_double/double_aeabi.S.obj
                0x0000000010003830                __wrap___aeabi_d2f
 .text.__aeabi_double_init
                0x0000000010003848       0xc8 CMakeFiles/max6675.dir/home/michael/pico/pico-sdk/src/rp2_common/pico_double/double_init_rom.c.obj
                0x0000000010003848                __aeabi_double_init
 .text.double_table_shim_on_use_helper
                0x0000000010003910       0x34 CMakeFiles/max6675.dir/home/michael/pico/pico-sdk/src/rp2_common/pico_double/double_v1_rom_shim.S.obj
                0x0000000010003910                double_table_shim_on_use_helper
 .text.__wrap___aeabi_dsub
                0x0000000010003944       0x10 CMakeFiles/max6675.dir/home/michael/pico/pico-sdk/src/rp2_common/pico_double/double_v1_rom_shim.S.obj
                0x0000000010003944                drsub_shim
                0x000000001000394a                dsub_shim
 .text.dadd_shim
                0x0000000010003954      0x15c CMakeFiles/max6675.dir/home/michael/pico/pico-sdk/src/rp2_common/pico_double/double_v1_rom_shim.S.obj
                0x0000000010003954                dadd_shim
 .text.dmul_shim
                0x0000000010003ab0      0x15c CMakeFiles/max6675.dir/home/michael/pico/pico-sdk/src/rp2_common/pico_double/double_v1_rom_shim.S.obj
                0x0000000010003ab0                dmul_shim
 .text.ddiv_shim
                0x0000000010003c0c      0x1b0 CMakeFiles/max6675.dir/home/michael/pico/pico-sdk/src/rp2_common/pico_double/double_v1_rom_shim.S.obj
                0x0000000010003c0c                ddiv_shim
 .text.double2uint_shim
                0x0000000010003dbc        0xe CMakeFiles/max6675.dir/home/michael/pico/pico-sdk/src/rp2_common/pico_double/double_v1_rom_shim.S.obj
                0x0000000010003dbc                double2uint_shim
                0x0000000010003dbe                double2ufix_shim
 *fill*         0x0000000010003dca        0x2 
 .text.double2uint64_shim
                0x0000000010003dcc       0x70 CMakeFiles/max6675.dir/home/michael/pico/pico-sdk/src/rp2_common/pico_double/double_v1_rom_shim.S.obj
                0x0000000010003dcc                double2uint64_shim
                0x0000000010003dce                double2ufix64_shim
                0x0000000010003dee                d2fix_a
 .text.double2float_shim
                0x0000000010003e3c       0x5c CMakeFiles/max6675.dir/home/michael/pico/pico-sdk/src/rp2_common/pico_double/double_v1_rom_shim.S.obj
                0x0000000010003e3c                double2float_shim
 .text.dunpacks
                0x0000000010003e98       0x3c CMakeFiles/max6675.dir/home/michael/pico/pico-sdk/src/rp2_common/pico_double/double_v1_rom_shim.S.obj
                0x0000000010003e98                dunpacks
 .text.__aeabi_lmul
                0x0000000010003ed4       0x32 CMakeFiles/max6675.dir/home/michael/pico/pico-sdk/src/rp2_common/pico_int64_ops/pico_int64_ops_aeabi.S.obj
                0x0000000010003ed4                __wrap___aeabi_lmul
 *fill*         0x0000000010003f06        0x2 
 .text.__wrap___aeabi_farithmetic
                0x0000000010003f08       0x58 CMakeFiles/max6675.dir/home/michael/pico/pico-sdk/src/rp2_common/pico_float/float_aeabi.S.obj
                0x0000000010003f08                __wrap___aeabi_frsub
                0x0000000010003f0e                __wrap___aeabi_fsub
                0x0000000010003f18                __wrap___aeabi_fadd
                0x0000000010003f22                __wrap___aeabi_fdiv
                0x0000000010003f4e                __wrap___aeabi_fmul
 .text.__wrap___aeabi_f2d
                0x0000000010003f60       0x14 CMakeFiles/max6675.dir/home/michael/pico/pico-sdk/src/rp2_common/pico_float/float_aeabi.S.obj
                0x0000000010003f60                __wrap___aeabi_f2d
 .text.__aeabi_float_init
                0x0000000010003f74       0xfc CMakeFiles/max6675.dir/home/michael/pico/pico-sdk/src/rp2_common/pico_float/float_init_rom.c.obj
                0x0000000010003f74                __aeabi_float_init
 .text.float_table_shim_on_use_helper
                0x0000000010004070       0x34 CMakeFiles/max6675.dir/home/michael/pico/pico-sdk/src/rp2_common/pico_float/float_v1_rom_shim.S.obj
                0x0000000010004070                float_table_shim_on_use_helper
 .text.float2double_shim
                0x00000000100040a4       0x30 CMakeFiles/max6675.dir/home/michael/pico/pico-sdk/src/rp2_common/pico_float/float_v1_rom_shim.S.obj
                0x00000000100040a4                float2double_shim
 .text          0x00000000100040d4       0x10 CMakeFiles/max6675.dir/home/michael/pico/pico-sdk/src/rp2_common/pico_mem_ops/mem_ops_aeabi.S.obj
                0x00000000100040d4                __aeabi_mem_init
 .text.memset   0x00000000100040e4        0xc CMakeFiles/max6675.dir/home/michael/pico/pico-sdk/src/rp2_common/pico_mem_ops/mem_ops_aeabi.S.obj
                0x00000000100040e4                __wrap_memset
 .text.memcpy   0x00000000100040f0        0xc CMakeFiles/max6675.dir/home/michael/pico/pico-sdk/src/rp2_common/pico_mem_ops/mem_ops_aeabi.S.obj
                0x00000000100040f0                __wrap___aeabi_memcpy
                0x00000000100040f0                __wrap_memcpy
 .text.stdio_out_chars_no_crlf
                0x00000000100040fc        0xe CMakeFiles/max6675.dir/home/michael/pico/pico-sdk/src/rp2_common/pico_stdio/stdio.c.obj
 *fill*         0x000000001000410a        0x2 
 .text.stdio_out_chars_crlf
                0x000000001000410c       0x80 CMakeFiles/max6675.dir/home/michael/pico/pico-sdk/src/rp2_common/pico_stdio/stdio.c.obj
 .text.stdio_stack_buffer_flush
                0x000000001000418c       0x44 CMakeFiles/max6675.dir/home/michael/pico/pico-sdk/src/rp2_common/pico_stdio/stdio.c.obj
 .text.stdio_buffered_printer
                0x00000000100041d0       0x20 CMakeFiles/max6675.dir/home/michael/pico/pico-sdk/src/rp2_common/pico_stdio/stdio.c.obj
 .text.stdout_serialize_begin
                0x00000000100041f0       0x30 CMakeFiles/max6675.dir/home/michael/pico/pico-sdk/src/rp2_common/pico_stdio/stdio.c.obj
                0x00000000100041f0                stdout_serialize_begin
 .text.stdout_serialize_end
                0x0000000010004220       0x10 CMakeFiles/max6675.dir/home/michael/pico/pico-sdk/src/rp2_common/pico_stdio/stdio.c.obj
                0x0000000010004220                stdout_serialize_end
 .text.stdio_put_string
                0x0000000010004230       0x98 CMakeFiles/max6675.dir/home/michael/pico/pico-sdk/src/rp2_common/pico_stdio/stdio.c.obj
 .text.stdio_set_driver_enabled
                0x00000000100042c8       0x2c CMakeFiles/max6675.dir/home/michael/pico/pico-sdk/src/rp2_common/pico_stdio/stdio.c.obj
                0x00000000100042c8                stdio_set_driver_enabled
 .text.stdio_flush
                0x00000000100042f4       0x20 CMakeFiles/max6675.dir/home/michael/pico/pico-sdk/src/rp2_common/pico_stdio/stdio.c.obj
                0x00000000100042f4                stdio_flush
 .text.__wrap_puts
                0x0000000010004314       0x1e CMakeFiles/max6675.dir/home/michael/pico/pico-sdk/src/rp2_common/pico_stdio/stdio.c.obj
                0x0000000010004314                __wrap_puts
 *fill*         0x0000000010004332        0x2 
 .text.__wrap_vprintf
                0x0000000010004334       0x44 CMakeFiles/max6675.dir/home/michael/pico/pico-sdk/src/rp2_common/pico_stdio/stdio.c.obj
                0x0000000010004334                __wrap_vprintf
 .text.__wrap_printf
                0x0000000010004378       0x18 CMakeFiles/max6675.dir/home/michael/pico/pico-sdk/src/rp2_common/pico_stdio/stdio.c.obj
                0x0000000010004378                __wrap_printf
 .text.stdio_init_all
                0x0000000010004390        0x8 CMakeFiles/max6675.dir/home/michael/pico/pico-sdk/src/rp2_common/pico_stdio/stdio.c.obj
                0x0000000010004390                stdio_init_all
 .text.stdio_uart_out_chars
                0x0000000010004398       0x74 CMakeFiles/max6675.dir/home/michael/pico/pico-sdk/src/rp2_common/pico_stdio_uart/stdio_uart.c.obj
 .text.stdio_uart_in_chars
                0x000000001000440c       0x58 CMakeFiles/max6675.dir/home/michael/pico/pico-sdk/src/rp2_common/pico_stdio_uart/stdio_uart.c.obj
                0x000000001000440c                stdio_uart_in_chars
 .text.stdio_uart_init_full
                0x0000000010004464       0x3c CMakeFiles/max6675.dir/home/michael/pico/pico-sdk/src/rp2_common/pico_stdio_uart/stdio_uart.c.obj
                0x0000000010004464                stdio_uart_init_full
 .text.stdio_uart_init
                0x00000000100044a0       0x28 CMakeFiles/max6675.dir/home/michael/pico/pico-sdk/src/rp2_common/pico_stdio_uart/stdio_uart.c.obj
                0x00000000100044a0                stdio_uart_init
 .text.spi_set_baudrate
                0x00000000100044c8       0x92 CMakeFiles/max6675.dir/home/michael/pico/pico-sdk/src/rp2_common/hardware_spi/spi.c.obj
                0x00000000100044c8                spi_set_baudrate
 *fill*         0x000000001000455a        0x2 
 .text.spi_init
                0x000000001000455c       0x68 CMakeFiles/max6675.dir/home/michael/pico/pico-sdk/src/rp2_common/hardware_spi/spi.c.obj
                0x000000001000455c                spi_init
 .text          0x00000000100045c4       0x5c /usr/lib/gcc/arm-none-eabi/10.3.1/../../../arm-none-eabi/lib/thumb/v6-m/nofp/libg.a(lib_a-strlen-stub.o)
                0x00000000100045c4                strlen
 *(.fini)
 .fini          0x0000000010004620        0x4 /usr/lib/gcc/arm-none-eabi/10.3.1/thumb/v6-m/nofp/crti.o
                0x0000000010004620                _fini
 *fill*         0x0000000010004624        0x4 
 .fini.__stub   0x0000000010004628       0x60 linker stubs
 *crtbegin.o(.ctors)
 *crtbegin?.o(.ctors)
 *(EXCLUDE_FILE(*crtend.o *crtend?.o) .ctors)
 *(SORT_BY_NAME(.ctors.*))
 *(.ctors)
 *crtbegin.o(.dtors)
 *crtbegin?.o(.dtors)
 *(EXCLUDE_FILE(*crtend.o *crtend?.o) .dtors)
 *(SORT_BY_NAME(.dtors.*))
 *(.dtors)
 *(.eh_frame*)
 .eh_frame      0x0000000010004688        0x0 /usr/lib/gcc/arm-none-eabi/10.3.1/thumb/v6-m/nofp/crtbegin.o
                0x0000000010004688                . = ALIGN (0x4)

.glue_7         0x0000000010004688        0x0
 .glue_7        0x0000000010004688        0x0 linker stubs

.glue_7t        0x0000000010004688        0x0
 .glue_7t       0x0000000010004688        0x0 linker stubs

.vfp11_veneer   0x0000000010004688        0x0
 .vfp11_veneer  0x0000000010004688        0x0 linker stubs

.v4_bx          0x0000000010004688        0x0
 .v4_bx         0x0000000010004688        0x0 linker stubs

.iplt           0x0000000010004688        0x0
 .iplt          0x0000000010004688        0x0 /usr/lib/gcc/arm-none-eabi/10.3.1/thumb/v6-m/nofp/crtbegin.o

.rodata         0x0000000010004688      0xf24
 *(EXCLUDE_FILE(*libm.a: *libc.a:*lib_a-mem*.o *libgcc.a:) .rodata*)
 .rodata.main.str1.4
                0x0000000010004688       0x27 CMakeFiles/max6675.dir/max6675_example.c.obj
 *fill*         0x00000000100046af        0x1 
 .rodata.str1.4
                0x00000000100046b0        0x7 CMakeFiles/max6675.dir/max6675_example.c.obj
 *fill*         0x00000000100046b7        0x1 
 .rodata.__bi_30.0
                0x00000000100046b8        0x8 CMakeFiles/max6675.dir/max6675_example.c.obj
 .rodata.__bi_36.1
                0x00000000100046c0        0xc CMakeFiles/max6675.dir/max6675_example.c.obj
 .rodata.make_branch.str1.4
                0x00000000100046cc       0x6e CMakeFiles/max6675.dir/home/michael/pico/pico-sdk/src/rp2_common/hardware_irq/irq.c.obj
 *fill*         0x000000001000473a        0x2 
 .rodata.insert_branch_and_link.str1.4
                0x000000001000473c       0x10 CMakeFiles/max6675.dir/home/michael/pico/pico-sdk/src/rp2_common/hardware_irq/irq.c.obj
 .rodata.irq_set_exclusive_handler.str1.4
                0x000000001000474c       0x36 CMakeFiles/max6675.dir/home/michael/pico/pico-sdk/src/rp2_common/hardware_irq/irq.c.obj
 *fill*         0x0000000010004782        0x2 
 .rodata.irq_add_shared_handler.str1.4
                0x0000000010004784       0xd9 CMakeFiles/max6675.dir/home/michael/pico/pico-sdk/src/rp2_common/hardware_irq/irq.c.obj
 *fill*         0x000000001000485d        0x3 
 .rodata.irq_remove_handler.str1.4
                0x0000000010004860       0x2a CMakeFiles/max6675.dir/home/michael/pico/pico-sdk/src/rp2_common/hardware_irq/irq.c.obj
 *fill*         0x000000001000488a        0x2 
 .rodata.irq_add_tail_to_free_list.str1.4
                0x000000001000488c       0x3a CMakeFiles/max6675.dir/home/michael/pico/pico-sdk/src/rp2_common/hardware_irq/irq.c.obj
 *fill*         0x00000000100048c6        0x2 
 .rodata.__func__.0
                0x00000000100048c8       0x1a CMakeFiles/max6675.dir/home/michael/pico/pico-sdk/src/rp2_common/hardware_irq/irq.c.obj
 *fill*         0x00000000100048e2        0x2 
 .rodata.__func__.1
                0x00000000100048e4       0x17 CMakeFiles/max6675.dir/home/michael/pico/pico-sdk/src/rp2_common/hardware_irq/irq.c.obj
 *fill*         0x00000000100048fb        0x1 
 .rodata.__func__.2
                0x00000000100048fc       0x13 CMakeFiles/max6675.dir/home/michael/pico/pico-sdk/src/rp2_common/hardware_irq/irq.c.obj
 *fill*         0x000000001000490f        0x1 
 .rodata.__func__.3
                0x0000000010004910        0xc CMakeFiles/max6675.dir/home/michael/pico/pico-sdk/src/rp2_common/hardware_irq/irq.c.obj
 .rodata.__func__.4
                0x000000001000491c        0xf CMakeFiles/max6675.dir/home/michael/pico/pico-sdk/src/rp2_common/hardware_irq/irq.c.obj
 *fill*         0x000000001000492b        0x1 
 .rodata.__func__.6
                0x000000001000492c       0x1a CMakeFiles/max6675.dir/home/michael/pico/pico-sdk/src/rp2_common/hardware_irq/irq.c.obj
 *fill*         0x0000000010004946        0x2 
 .rodata.repeating_timer_callback.str1.4
                0x0000000010004948       0x4c CMakeFiles/max6675.dir/home/michael/pico/pico-sdk/src/common/pico_time/time.c.obj
 .rodata.alarm_pool_dump_key.str1.4
                0x0000000010004994       0x33 CMakeFiles/max6675.dir/home/michael/pico/pico-sdk/src/common/pico_time/time.c.obj
 *fill*         0x00000000100049c7        0x1 
 .rodata.ph_add_child_node.str1.4
                0x00000000100049c8       0x96 CMakeFiles/max6675.dir/home/michael/pico/pico-sdk/src/common/pico_time/time.c.obj
 *fill*         0x0000000010004a5e        0x2 
 .rodata.add_alarm_under_lock.str1.4
                0x0000000010004a60       0x28 CMakeFiles/max6675.dir/home/michael/pico/pico-sdk/src/common/pico_time/time.c.obj
                                         0x2b (size before relaxing)
 .rodata.alarm_pool_alarm_callback.str1.4
                0x0000000010004a88       0xe6 CMakeFiles/max6675.dir/home/michael/pico/pico-sdk/src/common/pico_time/time.c.obj
 *fill*         0x0000000010004b6e        0x2 
 .rodata.alarm_pool_get_default.str1.4
                0x0000000010004b70       0x21 CMakeFiles/max6675.dir/home/michael/pico/pico-sdk/src/common/pico_time/time.c.obj
 *fill*         0x0000000010004b91        0x3 
 .rodata.sleep_until.str1.4
                0x0000000010004b94       0x4d CMakeFiles/max6675.dir/home/michael/pico/pico-sdk/src/common/pico_time/time.c.obj
 *fill*         0x0000000010004be1        0x3 
 .rodata.__func__.10
                0x0000000010004be4       0x15 CMakeFiles/max6675.dir/home/michael/pico/pico-sdk/src/common/pico_time/time.c.obj
 *fill*         0x0000000010004bf9        0x3 
 .rodata.__func__.11
                0x0000000010004bfc       0x1a CMakeFiles/max6675.dir/home/michael/pico/pico-sdk/src/common/pico_time/time.c.obj
 *fill*         0x0000000010004c16        0x2 
 .rodata.__func__.12
                0x0000000010004c18        0xa CMakeFiles/max6675.dir/home/michael/pico/pico-sdk/src/common/pico_time/time.c.obj
 *fill*         0x0000000010004c22        0x2 
 .rodata.__func__.3
                0x0000000010004c24       0x17 CMakeFiles/max6675.dir/home/michael/pico/pico-sdk/src/common/pico_time/time.c.obj
 *fill*         0x0000000010004c3b        0x1 
 .rodata.__func__.4
                0x0000000010004c3c       0x12 CMakeFiles/max6675.dir/home/michael/pico/pico-sdk/src/common/pico_time/time.c.obj
 *fill*         0x0000000010004c4e        0x2 
 .rodata.__func__.5
                0x0000000010004c50        0xd CMakeFiles/max6675.dir/home/michael/pico/pico-sdk/src/common/pico_time/time.c.obj
 *fill*         0x0000000010004c5d        0x3 
 .rodata.__func__.6
                0x0000000010004c60       0x12 CMakeFiles/max6675.dir/home/michael/pico/pico-sdk/src/common/pico_time/time.c.obj
 *fill*         0x0000000010004c72        0x2 
 .rodata.__func__.7
                0x0000000010004c74        0xf CMakeFiles/max6675.dir/home/michael/pico/pico-sdk/src/common/pico_time/time.c.obj
 *fill*         0x0000000010004c83        0x1 
 .rodata.__func__.8
                0x0000000010004c84        0xc CMakeFiles/max6675.dir/home/michael/pico/pico-sdk/src/common/pico_time/time.c.obj
 .rodata.__func__.9
                0x0000000010004c90       0x15 CMakeFiles/max6675.dir/home/michael/pico/pico-sdk/src/common/pico_time/time.c.obj
 *fill*         0x0000000010004ca5        0x3 
 .rodata.hardware_alarm_claim.str1.4
                0x0000000010004ca8       0x22 CMakeFiles/max6675.dir/home/michael/pico/pico-sdk/src/rp2_common/hardware_timer/timer.c.obj
 *fill*         0x0000000010004cca        0x2 
 .rodata.hardware_alarm_set_target.str1.4
                0x0000000010004ccc       0x66 CMakeFiles/max6675.dir/home/michael/pico/pico-sdk/src/rp2_common/hardware_timer/timer.c.obj
 *fill*         0x0000000010004d32        0x2 
 .rodata.__func__.0
                0x0000000010004d34       0x1a CMakeFiles/max6675.dir/home/michael/pico/pico-sdk/src/rp2_common/hardware_timer/timer.c.obj
 .rodata.ph_add_child_node.str1.4
                0x0000000010004d4e       0x96 CMakeFiles/max6675.dir/home/michael/pico/pico-sdk/src/common/pico_util/pheap.c.obj
 *fill*         0x0000000010004d4e        0x2 
 .rodata.ph_remove_any_head.str1.4
                0x0000000010004d50       0x90 CMakeFiles/max6675.dir/home/michael/pico/pico-sdk/src/common/pico_util/pheap.c.obj
 .rodata.ph_remove_and_free_node.str1.4
                0x0000000010004de0       0x1e CMakeFiles/max6675.dir/home/michael/pico/pico-sdk/src/common/pico_util/pheap.c.obj
                                         0x26 (size before relaxing)
 *fill*         0x0000000010004dfe        0x2 
 .rodata.__func__.0
                0x0000000010004e00       0x18 CMakeFiles/max6675.dir/home/michael/pico/pico-sdk/src/common/pico_util/pheap.c.obj
 .rodata.__func__.1
                0x0000000010004e18       0x13 CMakeFiles/max6675.dir/home/michael/pico/pico-sdk/src/common/pico_util/pheap.c.obj
 *fill*         0x0000000010004e2b        0x1 
 .rodata.__func__.2
                0x0000000010004e2c       0x12 CMakeFiles/max6675.dir/home/michael/pico/pico-sdk/src/common/pico_util/pheap.c.obj
 *fill*         0x0000000010004e3e        0x2 
 .rodata.__func__.3
                0x0000000010004e40        0xc CMakeFiles/max6675.dir/home/michael/pico/pico-sdk/src/common/pico_util/pheap.c.obj
 .rodata.str1.4
                0x0000000010004e4c       0x8d CMakeFiles/max6675.dir/home/michael/pico/pico-sdk/src/common/pico_sync/mutex.c.obj
                                         0xf1 (size before relaxing)
 *fill*         0x0000000010004ed9        0x3 
 .rodata.__func__.1
                0x0000000010004edc        0xb CMakeFiles/max6675.dir/home/michael/pico/pico-sdk/src/common/pico_sync/mutex.c.obj
 *fill*         0x0000000010004ee7        0x1 
 .rodata.__assert_func.str1.4
                0x0000000010004ee8       0x3f CMakeFiles/max6675.dir/home/michael/pico/pico-sdk/src/rp2_common/pico_runtime/runtime.c.obj
                                         0x43 (size before relaxing)
 *fill*         0x0000000010004f27        0x1 
 .rodata.runtime_init.str1.4
                0x0000000010004f28       0x62 CMakeFiles/max6675.dir/home/michael/pico/pico-sdk/src/rp2_common/pico_runtime/runtime.c.obj
 *fill*         0x0000000010004f8a        0x2 
 .rodata.panic.str1.4
                0x0000000010004f8c       0x12 CMakeFiles/max6675.dir/home/michael/pico/pico-sdk/src/rp2_common/pico_runtime/runtime.c.obj
 *fill*         0x0000000010004f9e        0x2 
 .rodata.__func__.1
                0x0000000010004fa0        0xd CMakeFiles/max6675.dir/home/michael/pico/pico-sdk/src/rp2_common/pico_runtime/runtime.c.obj
 *fill*         0x0000000010004fad        0x3 
 .rodata.clock_configure.str1.4
                0x0000000010004fb0       0x58 CMakeFiles/max6675.dir/home/michael/pico/pico-sdk/src/rp2_common/hardware_clocks/clocks.c.obj
 .rodata.__func__.1
                0x0000000010005008       0x10 CMakeFiles/max6675.dir/home/michael/pico/pico-sdk/src/rp2_common/hardware_clocks/clocks.c.obj
 .rodata.pll_init.str1.4
                0x0000000010005018      0x13b CMakeFiles/max6675.dir/home/michael/pico/pico-sdk/src/rp2_common/hardware_pll/pll.c.obj
 *fill*         0x0000000010005153        0x1 
 .rodata.__func__.0
                0x0000000010005154        0x9 CMakeFiles/max6675.dir/home/michael/pico/pico-sdk/src/rp2_common/hardware_pll/pll.c.obj
 *fill*         0x000000001000515d        0x3 
 .rodata._ftoa.str1.4
                0x0000000010005160       0x15 CMakeFiles/max6675.dir/home/michael/pico/pico-sdk/src/rp2_common/pico_printf/printf.c.obj
 *fill*         0x0000000010005175        0x3 
 .rodata._vsnprintf
                0x0000000010005178      0x1e0 CMakeFiles/max6675.dir/home/michael/pico/pico-sdk/src/rp2_common/pico_printf/printf.c.obj
 .rodata.pow10.0
                0x0000000010005358       0x50 CMakeFiles/max6675.dir/home/michael/pico/pico-sdk/src/rp2_common/pico_printf/printf.c.obj
 .rodata.__aeabi_double_init.str1.4
                0x00000000100053a8       0xa9 CMakeFiles/max6675.dir/home/michael/pico/pico-sdk/src/rp2_common/pico_double/double_init_rom.c.obj
 *fill*         0x0000000010005451        0x3 
 .rodata.__func__.0
                0x0000000010005454       0x14 CMakeFiles/max6675.dir/home/michael/pico/pico-sdk/src/rp2_common/pico_double/double_init_rom.c.obj
 .rodata.__aeabi_float_init.str1.4
                0x0000000010005468       0x7b CMakeFiles/max6675.dir/home/michael/pico/pico-sdk/src/rp2_common/pico_float/float_init_rom.c.obj
                                         0x7f (size before relaxing)
 *fill*         0x00000000100054e3        0x1 
 .rodata.__func__.0
                0x00000000100054e4       0x13 CMakeFiles/max6675.dir/home/michael/pico/pico-sdk/src/rp2_common/pico_float/float_init_rom.c.obj
 *fill*         0x00000000100054f7        0x1 
 .rodata.str1.4
                0x00000000100054f8       0x40 CMakeFiles/max6675.dir/home/michael/pico/pico-sdk/src/rp2_common/pico_standard_link/binary_info.c.obj
 .rodata.__bi_44
                0x0000000010005538        0xc CMakeFiles/max6675.dir/home/michael/pico/pico-sdk/src/rp2_common/pico_standard_link/binary_info.c.obj
 .rodata.__bi_56
                0x0000000010005544        0xc CMakeFiles/max6675.dir/home/michael/pico/pico-sdk/src/rp2_common/pico_standard_link/binary_info.c.obj
 .rodata.__bi_75
                0x0000000010005550        0xc CMakeFiles/max6675.dir/home/michael/pico/pico-sdk/src/rp2_common/pico_standard_link/binary_info.c.obj
 .rodata.__bi_81
                0x000000001000555c        0xc CMakeFiles/max6675.dir/home/michael/pico/pico-sdk/src/rp2_common/pico_standard_link/binary_info.c.obj
 .rodata.crlf_str.3
                0x0000000010005568        0x2 CMakeFiles/max6675.dir/home/michael/pico/pico-sdk/src/rp2_common/pico_stdio/stdio.c.obj
 *fill*         0x000000001000556a        0x2 
 .rodata.str1.4
                0x000000001000556c       0x2c CMakeFiles/max6675.dir/home/michael/pico/pico-sdk/src/rp2_common/pico_stdio_uart/stdio_uart.c.obj
 .rodata.__bi_28.4
                0x0000000010005598        0xc CMakeFiles/max6675.dir/home/michael/pico/pico-sdk/src/rp2_common/pico_stdio_uart/stdio_uart.c.obj
 .rodata.__bi_29.5
                0x00000000100055a4        0x8 CMakeFiles/max6675.dir/home/michael/pico/pico-sdk/src/rp2_common/pico_stdio_uart/stdio_uart.c.obj
                0x00000000100055ac                . = ALIGN (0x4)
 *(SORT_BY_ALIGNMENT(SORT_BY_NAME(.flashdata*)))
                0x00000000100055ac                . = ALIGN (0x4)

.rel.dyn        0x00000000100055ac        0x0
 .rel.iplt      0x00000000100055ac        0x0 /usr/lib/gcc/arm-none-eabi/10.3.1/thumb/v6-m/nofp/crtbegin.o

.ARM.extab
 *(.ARM.extab* .gnu.linkonce.armextab.*)
                0x00000000100055ac                __exidx_start = .

.ARM.exidx
 *(.ARM.exidx* .gnu.linkonce.armexidx.*)
                0x00000000100055ac                __exidx_end = .
                0x00000000100055ac                . = ALIGN (0x4)
                0x00000000100055ac                __binary_info_start = .

.binary_info    0x00000000100055ac       0x30
 *(.binary_info.keep.*)
 .binary_info.keep.__bi_ptr30
                0x00000000100055ac        0x4 CMakeFiles/max6675.dir/max6675_example.c.obj
 .binary_info.keep.__bi_ptr36
                0x00000000100055b0        0x4 CMakeFiles/max6675.dir/max6675_example.c.obj
 .binary_info.keep.__bi_ptr22
                0x00000000100055b4        0x4 CMakeFiles/max6675.dir/home/michael/pico/pico-sdk/src/rp2_common/pico_standard_link/binary_info.c.obj
 .binary_info.keep.__bi_ptr30
                0x00000000100055b8        0x4 CMakeFiles/max6675.dir/home/michael/pico/pico-sdk/src/rp2_common/pico_standard_link/binary_info.c.obj
 .binary_info.keep.__bi_ptr38
                0x00000000100055bc        0x4 CMakeFiles/max6675.dir/home/michael/pico/pico-sdk/src/rp2_common/pico_standard_link/binary_info.c.obj
 .binary_info.keep.__bi_ptr44
                0x00000000100055c0        0x4 CMakeFiles/max6675.dir/home/michael/pico/pico-sdk/src/rp2_common/pico_standard_link/binary_info.c.obj
 .binary_info.keep.__bi_ptr50
                0x00000000100055c4        0x4 CMakeFiles/max6675.dir/home/michael/pico/pico-sdk/src/rp2_common/pico_standard_link/binary_info.c.obj
 .binary_info.keep.__bi_ptr56
                0x00000000100055c8        0x4 CMakeFiles/max6675.dir/home/michael/pico/pico-sdk/src/rp2_common/pico_standard_link/binary_info.c.obj
 .binary_info.keep.__bi_ptr75
                0x00000000100055cc        0x4 CMakeFiles/max6675.dir/home/michael/pico/pico-sdk/src/rp2_common/pico_standard_link/binary_info.c.obj
 .binary_info.keep.__bi_ptr81
                0x00000000100055d0        0x4 CMakeFiles/max6675.dir/home/michael/pico/pico-sdk/src/rp2_common/pico_standard_link/binary_info.c.obj
 *(.binary_info.*)
 .binary_info.__bi_ptr28
                0x00000000100055d4        0x4 CMakeFiles/max6675.dir/home/michael/pico/pico-sdk/src/rp2_common/pico_stdio_uart/stdio_uart.c.obj
 .binary_info.__bi_ptr29
                0x00000000100055d8        0x4 CMakeFiles/max6675.dir/home/michael/pico/pico-sdk/src/rp2_common/pico_stdio_uart/stdio_uart.c.obj
                0x00000000100055dc                __binary_info_end = .
                0x00000000100055dc                . = ALIGN (0x4)
                0x00000000100055dc                __etext = .

.ram_vector_table
                0x0000000020000000       0xc0
 *(.ram_vector_table)
 .ram_vector_table
                0x0000000020000000       0xc0 CMakeFiles/max6675.dir/home/michael/pico/pico-sdk/src/rp2_common/pico_runtime/runtime.c.obj
                0x0000000020000000                ram_vector_table

.data           0x00000000200000c0      0x200 load address 0x00000000100055dc
                0x00000000200000c0                __data_start__ = .
 *(vtable)
 *(.time_critical*)
 .time_critical.mutex_enter_blocking
                0x00000000200000c0       0x48 CMakeFiles/max6675.dir/home/michael/pico/pico-sdk/src/common/pico_sync/mutex.c.obj
                0x00000000200000c0                mutex_enter_blocking
 .time_critical.mutex_try_enter
                0x0000000020000108       0x46 CMakeFiles/max6675.dir/home/michael/pico/pico-sdk/src/common/pico_sync/mutex.c.obj
                0x0000000020000108                mutex_try_enter
 *fill*         0x000000002000014e        0x2 
 .time_critical.mutex_exit
                0x0000000020000150       0x4c CMakeFiles/max6675.dir/home/michael/pico/pico-sdk/src/common/pico_sync/mutex.c.obj
                0x0000000020000150                mutex_exit
 .time_critical.spi_read_blocking
                0x000000002000019c       0x3e CMakeFiles/max6675.dir/home/michael/pico/pico-sdk/src/rp2_common/hardware_spi/spi.c.obj
                0x000000002000019c                spi_read_blocking
 *(.text*)
 *fill*         0x00000000200001da        0x2 
 .text          0x00000000200001dc        0x4 /usr/lib/gcc/arm-none-eabi/10.3.1/thumb/v6-m/nofp/libgcc.a(_dvmd_tls.o)
                0x00000000200001dc                __aeabi_ldiv0
                0x00000000200001dc                __aeabi_idiv0
 .text.__stub   0x00000000200001e0       0x10 linker stubs
                0x00000000200001f0                . = ALIGN (0x4)
 *(.rodata*)
                0x00000000200001f0                . = ALIGN (0x4)
 *(.data*)
 .data.striped_spin_lock_num
                0x00000000200001f0        0x1 CMakeFiles/max6675.dir/home/michael/pico/pico-sdk/src/rp2_common/hardware_sync/sync.c.obj
 *fill*         0x00000000200001f1        0x3 
 .data          0x00000000200001f4       0x48 CMakeFiles/max6675.dir/home/michael/pico/pico-sdk/src/rp2_common/hardware_irq/irq_handler_chain.S.obj
                0x00000000200001f4                irq_handler_chain_slots
                0x0000000020000224                irq_handler_chain_first_slot
                0x000000002000022e                irq_handler_chain_remove_tail
 .data.default_alarm_pool
                0x000000002000023c       0x18 CMakeFiles/max6675.dir/home/michael/pico/pico-sdk/src/common/pico_time/time.c.obj
 .data.default_alarm_pool_heap
                0x0000000020000254       0x10 CMakeFiles/max6675.dir/home/michael/pico/pico-sdk/src/common/pico_time/time.c.obj
 *fill*         0x0000000020000264        0xc 
 .data.aeabi_bits_funcs
                0x0000000020000270       0x10 CMakeFiles/max6675.dir/home/michael/pico/pico-sdk/src/rp2_common/pico_bit_ops/bit_ops_aeabi.S.obj
                0x0000000020000270                aeabi_bits_funcs
                0x0000000020000280                aeabi_bits_funcs_end
 .data.aeabi_mem_funcs
                0x0000000020000280       0x10 CMakeFiles/max6675.dir/home/michael/pico/pico-sdk/src/rp2_common/pico_mem_ops/mem_ops_aeabi.S.obj
                0x0000000020000280                aeabi_mem_funcs
                0x0000000020000290                aeabi_mem_funcs_end
 .data.stdio_uart
                0x0000000020000290       0x14 CMakeFiles/max6675.dir/home/michael/pico/pico-sdk/src/rp2_common/pico_stdio_uart/stdio_uart.c.obj
                0x0000000020000290                stdio_uart
                0x00000000200002a4                . = ALIGN (0x4)
 *(.after_data.*)
                0x00000000200002a4                . = ALIGN (0x4)
                0x00000000200002a4                PROVIDE (__mutex_array_start = .)
 *(SORT_BY_NAME(.mutex_array.*))
 *(.mutex_array)
 .mutex_array   0x00000000200002a4        0x8 CMakeFiles/max6675.dir/home/michael/pico/pico-sdk/src/rp2_common/pico_stdio/stdio.c.obj
                0x00000000200002ac                PROVIDE (__mutex_array_end = .)
                0x00000000200002ac                . = ALIGN (0x4)
                0x00000000200002ac                PROVIDE (__preinit_array_start = .)
 *(SORT_BY_NAME(.preinit_array.*))
 .preinit_array.00001
                0x00000000200002ac        0x4 CMakeFiles/max6675.dir/home/michael/pico/pico-sdk/src/rp2_common/pico_mem_ops/mem_ops_aeabi.S.obj
 .preinit_array.00010
                0x00000000200002b0        0x4 CMakeFiles/max6675.dir/home/michael/pico/pico-sdk/src/rp2_common/pico_bit_ops/bit_ops_aeabi.S.obj
 .preinit_array.00020
                0x00000000200002b4        0x4 CMakeFiles/max6675.dir/home/michael/pico/pico-sdk/src/rp2_common/pico_double/double_aeabi.S.obj
 .preinit_array.00020
                0x00000000200002b8        0x4 CMakeFiles/max6675.dir/home/michael/pico/pico-sdk/src/rp2_common/pico_float/float_aeabi.S.obj
 *(.preinit_array)
                0x00000000200002bc                PROVIDE (__preinit_array_end = .)
                0x00000000200002bc                . = ALIGN (0x4)
                0x00000000200002bc                PROVIDE (__init_array_start = .)
 *(SORT_BY_NAME(.init_array.*))
 *(.init_array)
 .init_array    0x00000000200002bc        0x4 /usr/lib/gcc/arm-none-eabi/10.3.1/thumb/v6-m/nofp/crtbegin.o
                0x00000000200002c0                PROVIDE (__init_array_end = .)
                0x00000000200002c0                . = ALIGN (0x4)
                0x00000000200002c0                PROVIDE (__fini_array_start = .)
 *(SORT_BY_NAME(.fini_array.*))
 *(.fini_array)
                0x00000000200002c0                PROVIDE (__fini_array_end = .)
 *(.jcr)
                0x00000000200002c0                . = ALIGN (0x4)
                0x00000000200002c0                __data_end__ = .

.tm_clone_table
                0x00000000200002c0        0x0 load address 0x00000000100057dc
 .tm_clone_table
                0x00000000200002c0        0x0 /usr/lib/gcc/arm-none-eabi/10.3.1/thumb/v6-m/nofp/crtbegin.o
 .tm_clone_table
                0x00000000200002c0        0x0 /usr/lib/gcc/arm-none-eabi/10.3.1/thumb/v6-m/nofp/crtend.o

.igot.plt       0x00000000200002c0        0x0 load address 0x00000000100057dc
 .igot.plt      0x00000000200002c0        0x0 /usr/lib/gcc/arm-none-eabi/10.3.1/thumb/v6-m/nofp/crtbegin.o

.uninitialized_data
                0x00000000200002c0        0x0 load address 0x00000000100057dc
                0x00000000200002c0                . = ALIGN (0x4)
 *(.uninitialized_data*)

.scratch_x      0x0000000020040000        0x0 load address 0x00000000100057dc
                0x0000000020040000                __scratch_x_start__ = .
 *(.scratch_x.*)
                0x0000000020040000                . = ALIGN (0x4)
                0x0000000020040000                __scratch_x_end__ = .
                0x00000000100057dc                __scratch_x_source__ = LOADADDR (.scratch_x)

.scratch_y      0x0000000020041000        0x0 load address 0x00000000100057dc
                0x0000000020041000                __scratch_y_start__ = .
 *(.scratch_y.*)
                0x0000000020041000                . = ALIGN (0x4)
                0x0000000020041000                __scratch_y_end__ = .
                0x00000000100057dc                __scratch_y_source__ = LOADADDR (.scratch_y)

.bss            0x00000000200002c0      0x3d0
                0x00000000200002c0                . = ALIGN (0x4)
                0x00000000200002c0                __bss_start__ = .
 *(SORT_BY_ALIGNMENT(SORT_BY_NAME(.bss*)))
 .bss.default_alarm_pool_entries
                0x00000000200002c0      0x100 CMakeFiles/max6675.dir/home/michael/pico/pico-sdk/src/common/pico_time/time.c.obj
 .bss           0x00000000200003c0       0x1c /usr/lib/gcc/arm-none-eabi/10.3.1/thumb/v6-m/nofp/crtbegin.o
 .bss.alarm_callbacks
                0x00000000200003dc       0x10 CMakeFiles/max6675.dir/home/michael/pico/pico-sdk/src/rp2_common/hardware_timer/timer.c.obj
 .bss.configured_freq
                0x00000000200003ec       0x28 CMakeFiles/max6675.dir/home/michael/pico/pico-sdk/src/rp2_common/hardware_clocks/clocks.c.obj
 .bss.default_alarm_pool_entry_ids_high
                0x0000000020000414       0x10 CMakeFiles/max6675.dir/home/michael/pico/pico-sdk/src/common/pico_time/time.c.obj
 .bss.default_alarm_pool_heap_nodes
                0x0000000020000424       0x30 CMakeFiles/max6675.dir/home/michael/pico/pico-sdk/src/common/pico_time/time.c.obj
 .bss.drivers   0x0000000020000454        0x4 CMakeFiles/max6675.dir/home/michael/pico/pico-sdk/src/rp2_common/pico_stdio/stdio.c.obj
 .bss.filter    0x0000000020000458        0x4 CMakeFiles/max6675.dir/home/michael/pico/pico-sdk/src/rp2_common/pico_stdio/stdio.c.obj
 .bss.pools     0x000000002000045c       0x10 CMakeFiles/max6675.dir/home/michael/pico/pico-sdk/src/common/pico_time/time.c.obj
 .bss.sd_table  0x000000002000046c      0x100 CMakeFiles/max6675.dir/home/michael/pico/pico-sdk/src/rp2_common/pico_double/double_init_rom.c.obj
                0x000000002000046c                sd_table
 .bss.sf_clz_func
                0x000000002000056c        0x4 CMakeFiles/max6675.dir/home/michael/pico/pico-sdk/src/rp2_common/pico_double/double_init_rom.c.obj
                0x000000002000056c                sf_clz_func
 .bss.sf_table  0x0000000020000570      0x100 CMakeFiles/max6675.dir/home/michael/pico/pico-sdk/src/rp2_common/pico_float/float_init_rom.c.obj
                0x0000000020000570                sf_table
 .bss.sleep_notifier
                0x0000000020000670        0x4 CMakeFiles/max6675.dir/home/michael/pico/pico-sdk/src/common/pico_time/time.c.obj
 .bss.target_hi
                0x0000000020000674       0x10 CMakeFiles/max6675.dir/home/michael/pico/pico-sdk/src/rp2_common/hardware_timer/timer.c.obj
 .bss.uart_char_to_line_feed
                0x0000000020000684        0x4 CMakeFiles/max6675.dir/home/michael/pico/pico-sdk/src/rp2_common/hardware_uart/uart.c.obj
                0x0000000020000684                uart_char_to_line_feed
 .bss.uart_instance
                0x0000000020000688        0x4 CMakeFiles/max6675.dir/home/michael/pico/pico-sdk/src/rp2_common/pico_stdio_uart/stdio_uart.c.obj
 .bss.claimed   0x000000002000068c        0x1 CMakeFiles/max6675.dir/home/michael/pico/pico-sdk/src/rp2_common/hardware_timer/timer.c.obj
 .bss.irq_hander_chain_free_slot_head
                0x000000002000068d        0x1 CMakeFiles/max6675.dir/home/michael/pico/pico-sdk/src/rp2_common/hardware_irq/irq.c.obj
 .bss.timer_callbacks_pending
                0x000000002000068e        0x1 CMakeFiles/max6675.dir/home/michael/pico/pico-sdk/src/rp2_common/hardware_timer/timer.c.obj
 *(COMMON)
                0x0000000020000690                . = ALIGN (0x4)
 *fill*         0x000000002000068f        0x1 
                0x0000000020000690                __bss_end__ = .

.heap           0x0000000020000690      0x800
                0x0000000020000690                __end__ = .
                0x0000000020000690                end = __end__
 *(.heap*)
 .heap          0x0000000020000690      0x800 CMakeFiles/max6675.dir/home/michael/pico/pico-sdk/src/rp2_common/pico_standard_link/crt0.S.obj
                0x0000000020000e90                __HeapLimit = .

.stack1_dummy   0x0000000020040000        0x0
 *(.stack1*)

.stack_dummy    0x0000000020041000      0x800
 *(.stack*)
 .stack         0x0000000020041000      0x800 CMakeFiles/max6675.dir/home/michael/pico/pico-sdk/src/rp2_common/pico_standard_link/crt0.S.obj

.flash_end      0x00000000100057dc        0x0
                0x00000000100057dc                __flash_binary_end = .
                0x0000000020040000                __StackLimit = (ORIGIN (RAM) + LENGTH (RAM))
                0x0000000020041000                __StackOneTop = (ORIGIN (SCRATCH_X) + LENGTH (SCRATCH_X))
                0x0000000020042000                __StackTop = (ORIGIN (SCRATCH_Y) + LENGTH (SCRATCH_Y))
                0x0000000020041000                __StackOneBottom = (__StackOneTop - SIZEOF (.stack1_dummy))
                0x0000000020041800                __StackBottom = (__StackTop - SIZEOF (.stack_dummy))
                0x0000000020042000                PROVIDE (__stack = __StackTop)
                0x0000000000000001                ASSERT ((__StackLimit >= __HeapLimit), region RAM overflowed)
                0x0000000000000001                ASSERT (((__binary_info_header_end - __logical_binary_start) <= 0x100), Binary info must be in first 256 bytes of the binary)
LOAD CMakeFiles/max6675.dir/max6675_example.c.obj
LOAD CMakeFiles/max6675.dir/home/michael/pico/pico-sdk/src/rp2_common/pico_stdlib/stdlib.c.obj
LOAD CMakeFiles/max6675.dir/home/michael/pico/pico-sdk/src/rp2_common/hardware_gpio/gpio.c.obj
LOAD CMakeFiles/max6675.dir/home/michael/pico/pico-sdk/src/rp2_common/hardware_claim/claim.c.obj
LOAD CMakeFiles/max6675.dir/home/michael/pico/pico-sdk/src/rp2_common/pico_platform/platform.c.obj
LOAD CMakeFiles/max6675.dir/home/michael/pico/pico-sdk/src/rp2_common/hardware_sync/sync.c.obj
LOAD CMakeFiles/max6675.dir/home/michael/pico/pico-sdk/src/rp2_common/hardware_irq/irq.c.obj
LOAD CMakeFiles/max6675.dir/home/michael/pico/pico-sdk/src/rp2_common/hardware_irq/irq_handler_chain.S.obj
LOAD CMakeFiles/max6675.dir/home/michael/pico/pico-sdk/src/common/pico_sync/sem.c.obj
LOAD CMakeFiles/max6675.dir/home/michael/pico/pico-sdk/src/common/pico_sync/lock_core.c.obj
LOAD CMakeFiles/max6675.dir/home/michael/pico/pico-sdk/src/common/pico_time/time.c.obj
LOAD CMakeFiles/max6675.dir/home/michael/pico/pico-sdk/src/common/pico_time/timeout_helper.c.obj
LOAD CMakeFiles/max6675.dir/home/michael/pico/pico-sdk/src/rp2_common/hardware_timer/timer.c.obj
LOAD CMakeFiles/max6675.dir/home/michael/pico/pico-sdk/src/common/pico_util/datetime.c.obj
LOAD CMakeFiles/max6675.dir/home/michael/pico/pico-sdk/src/common/pico_util/pheap.c.obj
LOAD CMakeFiles/max6675.dir/home/michael/pico/pico-sdk/src/common/pico_util/queue.c.obj
LOAD CMakeFiles/max6675.dir/home/michael/pico/pico-sdk/src/common/pico_sync/mutex.c.obj
LOAD CMakeFiles/max6675.dir/home/michael/pico/pico-sdk/src/common/pico_sync/critical_section.c.obj
LOAD CMakeFiles/max6675.dir/home/michael/pico/pico-sdk/src/rp2_common/hardware_uart/uart.c.obj
LOAD CMakeFiles/max6675.dir/home/michael/pico/pico-sdk/src/rp2_common/hardware_divider/divider.S.obj
LOAD CMakeFiles/max6675.dir/home/michael/pico/pico-sdk/src/rp2_common/pico_runtime/runtime.c.obj
LOAD CMakeFiles/max6675.dir/home/michael/pico/pico-sdk/src/rp2_common/hardware_clocks/clocks.c.obj
LOAD CMakeFiles/max6675.dir/home/michael/pico/pico-sdk/src/rp2_common/hardware_pll/pll.c.obj
LOAD CMakeFiles/max6675.dir/home/michael/pico/pico-sdk/src/rp2_common/hardware_vreg/vreg.c.obj
LOAD CMakeFiles/max6675.dir/home/michael/pico/pico-sdk/src/rp2_common/hardware_watchdog/watchdog.c.obj
LOAD CMakeFiles/max6675.dir/home/michael/pico/pico-sdk/src/rp2_common/hardware_xosc/xosc.c.obj
LOAD CMakeFiles/max6675.dir/home/michael/pico/pico-sdk/src/rp2_common/pico_printf/printf.c.obj
LOAD CMakeFiles/max6675.dir/home/michael/pico/pico-sdk/src/rp2_common/pico_bit_ops/bit_ops_aeabi.S.obj
LOAD CMakeFiles/max6675.dir/home/michael/pico/pico-sdk/src/rp2_common/pico_bootrom/bootrom.c.obj
LOAD CMakeFiles/max6675.dir/home/michael/pico/pico-sdk/src/rp2_common/pico_divider/divider.S.obj
LOAD CMakeFiles/max6675.dir/home/michael/pico/pico-sdk/src/rp2_common/pico_double/double_aeabi.S.obj
LOAD CMakeFiles/max6675.dir/home/michael/pico/pico-sdk/src/rp2_common/pico_double/double_init_rom.c.obj
LOAD CMakeFiles/max6675.dir/home/michael/pico/pico-sdk/src/rp2_common/pico_double/double_math.c.obj
LOAD CMakeFiles/max6675.dir/home/michael/pico/pico-sdk/src/rp2_common/pico_double/double_v1_rom_shim.S.obj
LOAD CMakeFiles/max6675.dir/home/michael/pico/pico-sdk/src/rp2_common/pico_int64_ops/pico_int64_ops_aeabi.S.obj
LOAD CMakeFiles/max6675.dir/home/michael/pico/pico-sdk/src/rp2_common/pico_float/float_aeabi.S.obj
LOAD CMakeFiles/max6675.dir/home/michael/pico/pico-sdk/src/rp2_common/pico_float/float_init_rom.c.obj
LOAD CMakeFiles/max6675.dir/home/michael/pico/pico-sdk/src/rp2_common/pico_float/float_math.c.obj
LOAD CMakeFiles/max6675.dir/home/michael/pico/pico-sdk/src/rp2_common/pico_float/float_v1_rom_shim.S.obj
LOAD CMakeFiles/max6675.dir/home/michael/pico/pico-sdk/src/rp2_common/pico_malloc/pico_malloc.c.obj
LOAD CMakeFiles/max6675.dir/home/michael/pico/pico-sdk/src/rp2_common/pico_mem_ops/mem_ops_aeabi.S.obj
LOAD CMakeFiles/max6675.dir/home/michael/pico/pico-sdk/src/rp2_common/pico_standard_link/crt0.S.obj
LOAD CMakeFiles/max6675.dir/home/michael/pico/pico-sdk/src/rp2_common/pico_standard_link/new_delete.cpp.obj
LOAD CMakeFiles/max6675.dir/home/michael/pico/pico-sdk/src/rp2_common/pico_standard_link/binary_info.c.obj
LOAD CMakeFiles/max6675.dir/home/michael/pico/pico-sdk/src/rp2_common/pico_stdio/stdio.c.obj
LOAD CMakeFiles/max6675.dir/home/michael/pico/pico-sdk/src/rp2_common/pico_stdio_uart/stdio_uart.c.obj
LOAD CMakeFiles/max6675.dir/home/michael/pico/pico-sdk/src/rp2_common/hardware_spi/spi.c.obj
LOAD /tmp/ccmAD5Pg.o
LOAD /usr/lib/gcc/arm-none-eabi/10.3.1/../../../arm-none-eabi/lib/thumb/v6-m/nofp/libstdc++.a
LOAD /usr/lib/gcc/arm-none-eabi/10.3.1/../../../arm-none-eabi/lib/thumb/v6-m/nofp/libm.a
START GROUP
LOAD /usr/lib/gcc/arm-none-eabi/10.3.1/thumb/v6-m/nofp/libgcc.a
LOAD /usr/lib/gcc/arm-none-eabi/10.3.1/../../../arm-none-eabi/lib/thumb/v6-m/nofp/libg.a
LOAD /usr/lib/gcc/arm-none-eabi/10.3.1/../../../arm-none-eabi/lib/thumb/v6-m/nofp/libc.a
END GROUP
START GROUP
LOAD /usr/lib/gcc/arm-none-eabi/10.3.1/thumb/v6-m/nofp/libgcc.a
LOAD /usr/lib/gcc/arm-none-eabi/10.3.1/../../../arm-none-eabi/lib/thumb/v6-m/nofp/libc.a
LOAD /usr/lib/gcc/arm-none-eabi/10.3.1/../../../arm-none-eabi/lib/thumb/v6-m/nofp/libnosys.a
END GROUP
LOAD /usr/lib/gcc/arm-none-eabi/10.3.1/thumb/v6-m/nofp/crtend.o
LOAD /usr/lib/gcc/arm-none-eabi/10.3.1/thumb/v6-m/nofp/crtn.o
OUTPUT(max6675.elf elf32-littlearm)
LOAD linker stubs

.ARM.attributes
                0x0000000000000000       0x28
 .ARM.attributes
                0x0000000000000000       0x1e /usr/lib/gcc/arm-none-eabi/10.3.1/thumb/v6-m/nofp/crti.o
 .ARM.attributes
                0x000000000000001e       0x2c /usr/lib/gcc/arm-none-eabi/10.3.1/thumb/v6-m/nofp/crtbegin.o
 .ARM.attributes
                0x000000000000004a       0x2c CMakeFiles/max6675.dir/max6675_example.c.obj
 .ARM.attributes
                0x0000000000000076       0x2c CMakeFiles/max6675.dir/home/michael/pico/pico-sdk/src/rp2_common/hardware_gpio/gpio.c.obj
 .ARM.attributes
                0x00000000000000a2       0x2c CMakeFiles/max6675.dir/home/michael/pico/pico-sdk/src/rp2_common/hardware_claim/claim.c.obj
 .ARM.attributes
                0x00000000000000ce       0x2c CMakeFiles/max6675.dir/home/michael/pico/pico-sdk/src/rp2_common/pico_platform/platform.c.obj
 .ARM.attributes
                0x00000000000000fa       0x2c CMakeFiles/max6675.dir/home/michael/pico/pico-sdk/src/rp2_common/hardware_sync/sync.c.obj
 .ARM.attributes
                0x0000000000000126       0x2c CMakeFiles/max6675.dir/home/michael/pico/pico-sdk/src/rp2_common/hardware_irq/irq.c.obj
 .ARM.attributes
                0x0000000000000152       0x22 CMakeFiles/max6675.dir/home/michael/pico/pico-sdk/src/rp2_common/hardware_irq/irq_handler_chain.S.obj
 .ARM.attributes
                0x0000000000000174       0x2c CMakeFiles/max6675.dir/home/michael/pico/pico-sdk/src/common/pico_sync/lock_core.c.obj
 .ARM.attributes
                0x00000000000001a0       0x2c CMakeFiles/max6675.dir/home/michael/pico/pico-sdk/src/common/pico_time/time.c.obj
 .ARM.attributes
                0x00000000000001cc       0x2c CMakeFiles/max6675.dir/home/michael/pico/pico-sdk/src/rp2_common/hardware_timer/timer.c.obj
 .ARM.attributes
                0x00000000000001f8       0x2c CMakeFiles/max6675.dir/home/michael/pico/pico-sdk/src/common/pico_util/pheap.c.obj
 .ARM.attributes
                0x0000000000000224       0x2c CMakeFiles/max6675.dir/home/michael/pico/pico-sdk/src/common/pico_sync/mutex.c.obj
 .ARM.attributes
                0x0000000000000250       0x2c CMakeFiles/max6675.dir/home/michael/pico/pico-sdk/src/rp2_common/hardware_uart/uart.c.obj
 .ARM.attributes
                0x000000000000027c       0x2c CMakeFiles/max6675.dir/home/michael/pico/pico-sdk/src/rp2_common/pico_runtime/runtime.c.obj
 .ARM.attributes
                0x00000000000002a8       0x2c CMakeFiles/max6675.dir/home/michael/pico/pico-sdk/src/rp2_common/hardware_clocks/clocks.c.obj
 .ARM.attributes
                0x00000000000002d4       0x2c CMakeFiles/max6675.dir/home/michael/pico/pico-sdk/src/rp2_common/hardware_pll/pll.c.obj
 .ARM.attributes
                0x0000000000000300       0x2c CMakeFiles/max6675.dir/home/michael/pico/pico-sdk/src/rp2_common/hardware_watchdog/watchdog.c.obj
 .ARM.attributes
                0x000000000000032c       0x2c CMakeFiles/max6675.dir/home/michael/pico/pico-sdk/src/rp2_common/hardware_xosc/xosc.c.obj
 .ARM.attributes
                0x0000000000000358       0x2c CMakeFiles/max6675.dir/home/michael/pico/pico-sdk/src/rp2_common/pico_printf/printf.c.obj
 .ARM.attributes
                0x0000000000000384       0x22 CMakeFiles/max6675.dir/home/michael/pico/pico-sdk/src/rp2_common/pico_bit_ops/bit_ops_aeabi.S.obj
 .ARM.attributes
                0x00000000000003a6       0x2c CMakeFiles/max6675.dir/home/michael/pico/pico-sdk/src/rp2_common/pico_bootrom/bootrom.c.obj
 .ARM.attributes
                0x00000000000003d2       0x22 CMakeFiles/max6675.dir/home/michael/pico/pico-sdk/src/rp2_common/pico_divider/divider.S.obj
 .ARM.attributes
                0x00000000000003f4       0x22 CMakeFiles/max6675.dir/home/michael/pico/pico-sdk/src/rp2_common/pico_double/double_aeabi.S.obj
 .ARM.attributes
                0x0000000000000416       0x2c CMakeFiles/max6675.dir/home/michael/pico/pico-sdk/src/rp2_common/pico_double/double_init_rom.c.obj
 .ARM.attributes
                0x0000000000000442       0x22 CMakeFiles/max6675.dir/home/michael/pico/pico-sdk/src/rp2_common/pico_double/double_v1_rom_shim.S.obj
 .ARM.attributes
                0x0000000000000464       0x22 CMakeFiles/max6675.dir/home/michael/pico/pico-sdk/src/rp2_common/pico_int64_ops/pico_int64_ops_aeabi.S.obj
 .ARM.attributes
                0x0000000000000486       0x22 CMakeFiles/max6675.dir/home/michael/pico/pico-sdk/src/rp2_common/pico_float/float_aeabi.S.obj
 .ARM.attributes
                0x00000000000004a8       0x2c CMakeFiles/max6675.dir/home/michael/pico/pico-sdk/src/rp2_common/pico_float/float_init_rom.c.obj
 .ARM.attributes
                0x00000000000004d4       0x22 CMakeFiles/max6675.dir/home/michael/pico/pico-sdk/src/rp2_common/pico_float/float_v1_rom_shim.S.obj
 .ARM.attributes
                0x00000000000004f6       0x22 CMakeFiles/max6675.dir/home/michael/pico/pico-sdk/src/rp2_common/pico_mem_ops/mem_ops_aeabi.S.obj
 .ARM.attributes
                0x0000000000000518       0x22 CMakeFiles/max6675.dir/home/michael/pico/pico-sdk/src/rp2_common/pico_standard_link/crt0.S.obj
 .ARM.attributes
                0x000000000000053a       0x32 CMakeFiles/max6675.dir/home/michael/pico/pico-sdk/src/rp2_common/pico_standard_link/binary_info.c.obj
 .ARM.attributes
                0x000000000000056c       0x2c CMakeFiles/max6675.dir/home/michael/pico/pico-sdk/src/rp2_common/pico_stdio/stdio.c.obj
 .ARM.attributes
                0x0000000000000598       0x2c CMakeFiles/max6675.dir/home/michael/pico/pico-sdk/src/rp2_common/pico_stdio_uart/stdio_uart.c.obj
 .ARM.attributes
                0x00000000000005c4       0x2c CMakeFiles/max6675.dir/home/michael/pico/pico-sdk/src/rp2_common/hardware_spi/spi.c.obj
 .ARM.attributes
                0x00000000000005f0       0x22 /tmp/ccmAD5Pg.o
 .ARM.attributes
                0x0000000000000612       0x1e /usr/lib/gcc/arm-none-eabi/10.3.1/thumb/v6-m/nofp/libgcc.a(_dvmd_tls.o)
 .ARM.attributes
                0x0000000000000630       0x2c /usr/lib/gcc/arm-none-eabi/10.3.1/../../../arm-none-eabi/lib/thumb/v6-m/nofp/libg.a(lib_a-strlen-stub.o)
 .ARM.attributes
                0x000000000000065c       0x2c /usr/lib/gcc/arm-none-eabi/10.3.1/thumb/v6-m/nofp/crtend.o

.comment        0x0000000000000000       0x33
 .comment       0x0000000000000000       0x33 /usr/lib/gcc/arm-none-eabi/10.3.1/thumb/v6-m/nofp/crtbegin.o
                                         0x34 (size before relaxing)
 .comment       0x0000000000000033       0x34 CMakeFiles/max6675.dir/max6675_example.c.obj
 .comment       0x0000000000000033       0x34 CMakeFiles/max6675.dir/home/michael/pico/pico-sdk/src/rp2_common/hardware_gpio/gpio.c.obj
 .comment       0x0000000000000033       0x34 CMakeFiles/max6675.dir/home/michael/pico/pico-sdk/src/rp2_common/hardware_claim/claim.c.obj
 .comment       0x0000000000000033       0x34 CMakeFiles/max6675.dir/home/michael/pico/pico-sdk/src/rp2_common/pico_platform/platform.c.obj
 .comment       0x0000000000000033       0x34 CMakeFiles/max6675.dir/home/michael/pico/pico-sdk/src/rp2_common/hardware_sync/sync.c.obj
 .comment       0x0000000000000033       0x34 CMakeFiles/max6675.dir/home/michael/pico/pico-sdk/src/rp2_common/hardware_irq/irq.c.obj
 .comment       0x0000000000000033       0x34 CMakeFiles/max6675.dir/home/michael/pico/pico-sdk/src/common/pico_sync/lock_core.c.obj
 .comment       0x0000000000000033       0x34 CMakeFiles/max6675.dir/home/michael/pico/pico-sdk/src/common/pico_time/time.c.obj
 .comment       0x0000000000000033       0x34 CMakeFiles/max6675.dir/home/michael/pico/pico-sdk/src/rp2_common/hardware_timer/timer.c.obj
 .comment       0x0000000000000033       0x34 CMakeFiles/max6675.dir/home/michael/pico/pico-sdk/src/common/pico_util/pheap.c.obj
 .comment       0x0000000000000033       0x34 CMakeFiles/max6675.dir/home/michael/pico/pico-sdk/src/common/pico_sync/mutex.c.obj
 .comment       0x0000000000000033       0x34 CMakeFiles/max6675.dir/home/michael/pico/pico-sdk/src/rp2_common/hardware_uart/uart.c.obj
 .comment       0x0000000000000033       0x34 CMakeFiles/max6675.dir/home/michael/pico/pico-sdk/src/rp2_common/pico_runtime/runtime.c.obj
 .comment       0x0000000000000033       0x34 CMakeFiles/max6675.dir/home/michael/pico/pico-sdk/src/rp2_common/hardware_clocks/clocks.c.obj
 .comment       0x0000000000000033       0x34 CMakeFiles/max6675.dir/home/michael/pico/pico-sdk/src/rp2_common/hardware_pll/pll.c.obj
 .comment       0x0000000000000033       0x34 CMakeFiles/max6675.dir/home/michael/pico/pico-sdk/src/rp2_common/hardware_watchdog/watchdog.c.obj
 .comment       0x0000000000000033       0x34 CMakeFiles/max6675.dir/home/michael/pico/pico-sdk/src/rp2_common/hardware_xosc/xosc.c.obj
 .comment       0x0000000000000033       0x34 CMakeFiles/max6675.dir/home/michael/pico/pico-sdk/src/rp2_common/pico_printf/printf.c.obj
 .comment       0x0000000000000033       0x34 CMakeFiles/max6675.dir/home/michael/pico/pico-sdk/src/rp2_common/pico_bootrom/bootrom.c.obj
 .comment       0x0000000000000033       0x34 CMakeFiles/max6675.dir/home/michael/pico/pico-sdk/src/rp2_common/pico_double/double_init_rom.c.obj
 .comment       0x0000000000000033       0x34 CMakeFiles/max6675.dir/home/michael/pico/pico-sdk/src/rp2_common/pico_float/float_init_rom.c.obj
 .comment       0x0000000000000033       0x34 CMakeFiles/max6675.dir/home/michael/pico/pico-sdk/src/rp2_common/pico_standard_link/binary_info.c.obj
 .comment       0x0000000000000033       0x34 CMakeFiles/max6675.dir/home/michael/pico/pico-sdk/src/rp2_common/pico_stdio/stdio.c.obj
 .comment       0x0000000000000033       0x34 CMakeFiles/max6675.dir/home/michael/pico/pico-sdk/src/rp2_common/pico_stdio_uart/stdio_uart.c.obj
 .comment       0x0000000000000033       0x34 CMakeFiles/max6675.dir/home/michael/pico/pico-sdk/src/rp2_common/hardware_spi/spi.c.obj
 .comment       0x0000000000000033       0x34 /usr/lib/gcc/arm-none-eabi/10.3.1/../../../arm-none-eabi/lib/thumb/v6-m/nofp/libg.a(lib_a-strlen-stub.o)
 .comment       0x0000000000000033       0x34 /usr/lib/gcc/arm-none-eabi/10.3.1/thumb/v6-m/nofp/crtend.o

.debug_info     0x0000000000000000    0x152bc
 .debug_info    0x0000000000000000      0xac7 CMakeFiles/max6675.dir/max6675_example.c.obj
 .debug_info    0x0000000000000ac7     0x16b3 CMakeFiles/max6675.dir/home/michael/pico/pico-sdk/src/rp2_common/hardware_gpio/gpio.c.obj
 .debug_info    0x000000000000217a      0x6a3 CMakeFiles/max6675.dir/home/michael/pico/pico-sdk/src/rp2_common/hardware_claim/claim.c.obj
 .debug_info    0x000000000000281d      0x1cb CMakeFiles/max6675.dir/home/michael/pico/pico-sdk/src/rp2_common/pico_platform/platform.c.obj
 .debug_info    0x00000000000029e8      0x576 CMakeFiles/max6675.dir/home/michael/pico/pico-sdk/src/rp2_common/hardware_sync/sync.c.obj
 .debug_info    0x0000000000002f5e     0x1c01 CMakeFiles/max6675.dir/home/michael/pico/pico-sdk/src/rp2_common/hardware_irq/irq.c.obj
 .debug_info    0x0000000000004b5f      0x198 CMakeFiles/max6675.dir/home/michael/pico/pico-sdk/src/common/pico_sync/lock_core.c.obj
 .debug_info    0x0000000000004cf7     0x3aff CMakeFiles/max6675.dir/home/michael/pico/pico-sdk/src/common/pico_time/time.c.obj
 .debug_info    0x00000000000087f6     0x10f8 CMakeFiles/max6675.dir/home/michael/pico/pico-sdk/src/rp2_common/hardware_timer/timer.c.obj
 .debug_info    0x00000000000098ee     0x120c CMakeFiles/max6675.dir/home/michael/pico/pico-sdk/src/common/pico_util/pheap.c.obj
 .debug_info    0x000000000000aafa     0x1ff2 CMakeFiles/max6675.dir/home/michael/pico/pico-sdk/src/common/pico_sync/mutex.c.obj
 .debug_info    0x000000000000caec      0xb4d CMakeFiles/max6675.dir/home/michael/pico/pico-sdk/src/rp2_common/hardware_uart/uart.c.obj
 .debug_info    0x000000000000d639      0xa87 CMakeFiles/max6675.dir/home/michael/pico/pico-sdk/src/rp2_common/pico_runtime/runtime.c.obj
 .debug_info    0x000000000000e0c0      0xf33 CMakeFiles/max6675.dir/home/michael/pico/pico-sdk/src/rp2_common/hardware_clocks/clocks.c.obj
 .debug_info    0x000000000000eff3      0x532 CMakeFiles/max6675.dir/home/michael/pico/pico-sdk/src/rp2_common/hardware_pll/pll.c.obj
 .debug_info    0x000000000000f525      0x4ee CMakeFiles/max6675.dir/home/michael/pico/pico-sdk/src/rp2_common/hardware_watchdog/watchdog.c.obj
 .debug_info    0x000000000000fa13      0x1c0 CMakeFiles/max6675.dir/home/michael/pico/pico-sdk/src/rp2_common/hardware_xosc/xosc.c.obj
 .debug_info    0x000000000000fbd3     0x1a47 CMakeFiles/max6675.dir/home/michael/pico/pico-sdk/src/rp2_common/pico_printf/printf.c.obj
 .debug_info    0x000000000001161a       0x22 CMakeFiles/max6675.dir/home/michael/pico/pico-sdk/src/rp2_common/pico_bit_ops/bit_ops_aeabi.S.obj
 .debug_info    0x000000000001163c      0x258 CMakeFiles/max6675.dir/home/michael/pico/pico-sdk/src/rp2_common/pico_bootrom/bootrom.c.obj
 .debug_info    0x0000000000011894       0x22 CMakeFiles/max6675.dir/home/michael/pico/pico-sdk/src/rp2_common/pico_divider/divider.S.obj
 .debug_info    0x00000000000118b6       0x22 CMakeFiles/max6675.dir/home/michael/pico/pico-sdk/src/rp2_common/pico_double/double_aeabi.S.obj
 .debug_info    0x00000000000118d8      0x2a1 CMakeFiles/max6675.dir/home/michael/pico/pico-sdk/src/rp2_common/pico_double/double_init_rom.c.obj
 .debug_info    0x0000000000011b79       0x22 CMakeFiles/max6675.dir/home/michael/pico/pico-sdk/src/rp2_common/pico_double/double_v1_rom_shim.S.obj
 .debug_info    0x0000000000011b9b       0x26 CMakeFiles/max6675.dir/home/michael/pico/pico-sdk/src/rp2_common/pico_int64_ops/pico_int64_ops_aeabi.S.obj
 .debug_info    0x0000000000011bc1       0x22 CMakeFiles/max6675.dir/home/michael/pico/pico-sdk/src/rp2_common/pico_float/float_aeabi.S.obj
 .debug_info    0x0000000000011be3      0x2bb CMakeFiles/max6675.dir/home/michael/pico/pico-sdk/src/rp2_common/pico_float/float_init_rom.c.obj
 .debug_info    0x0000000000011e9e       0x22 CMakeFiles/max6675.dir/home/michael/pico/pico-sdk/src/rp2_common/pico_float/float_v1_rom_shim.S.obj
 .debug_info    0x0000000000011ec0       0x22 CMakeFiles/max6675.dir/home/michael/pico/pico-sdk/src/rp2_common/pico_mem_ops/mem_ops_aeabi.S.obj
 .debug_info    0x0000000000011ee2       0x22 CMakeFiles/max6675.dir/home/michael/pico/pico-sdk/src/rp2_common/pico_standard_link/crt0.S.obj
 .debug_info    0x0000000000011f04      0x2f7 CMakeFiles/max6675.dir/home/michael/pico/pico-sdk/src/rp2_common/pico_standard_link/binary_info.c.obj
 .debug_info    0x00000000000121fb     0x12ee CMakeFiles/max6675.dir/home/michael/pico/pico-sdk/src/rp2_common/pico_stdio/stdio.c.obj
 .debug_info    0x00000000000134e9      0xc33 CMakeFiles/max6675.dir/home/michael/pico/pico-sdk/src/rp2_common/pico_stdio_uart/stdio_uart.c.obj
 .debug_info    0x000000000001411c     0x108c CMakeFiles/max6675.dir/home/michael/pico/pico-sdk/src/rp2_common/hardware_spi/spi.c.obj
 .debug_info    0x00000000000151a8       0x26 /usr/lib/gcc/arm-none-eabi/10.3.1/thumb/v6-m/nofp/libgcc.a(_dvmd_tls.o)
 .debug_info    0x00000000000151ce       0xee /usr/lib/gcc/arm-none-eabi/10.3.1/../../../arm-none-eabi/lib/thumb/v6-m/nofp/libg.a(lib_a-strlen-stub.o)

.debug_abbrev   0x0000000000000000     0x442c
 .debug_abbrev  0x0000000000000000      0x2ba CMakeFiles/max6675.dir/max6675_example.c.obj
 .debug_abbrev  0x00000000000002ba      0x326 CMakeFiles/max6675.dir/home/michael/pico/pico-sdk/src/rp2_common/hardware_gpio/gpio.c.obj
 .debug_abbrev  0x00000000000005e0      0x2e9 CMakeFiles/max6675.dir/home/michael/pico/pico-sdk/src/rp2_common/hardware_claim/claim.c.obj
 .debug_abbrev  0x00000000000008c9       0xeb CMakeFiles/max6675.dir/home/michael/pico/pico-sdk/src/rp2_common/pico_platform/platform.c.obj
 .debug_abbrev  0x00000000000009b4      0x21b CMakeFiles/max6675.dir/home/michael/pico/pico-sdk/src/rp2_common/hardware_sync/sync.c.obj
 .debug_abbrev  0x0000000000000bcf      0x4fc CMakeFiles/max6675.dir/home/michael/pico/pico-sdk/src/rp2_common/hardware_irq/irq.c.obj
 .debug_abbrev  0x00000000000010cb      0x116 CMakeFiles/max6675.dir/home/michael/pico/pico-sdk/src/common/pico_sync/lock_core.c.obj
 .debug_abbrev  0x00000000000011e1      0x54d CMakeFiles/max6675.dir/home/michael/pico/pico-sdk/src/common/pico_time/time.c.obj
 .debug_abbrev  0x000000000000172e      0x3a2 CMakeFiles/max6675.dir/home/michael/pico/pico-sdk/src/rp2_common/hardware_timer/timer.c.obj
 .debug_abbrev  0x0000000000001ad0      0x297 CMakeFiles/max6675.dir/home/michael/pico/pico-sdk/src/common/pico_util/pheap.c.obj
 .debug_abbrev  0x0000000000001d67      0x386 CMakeFiles/max6675.dir/home/michael/pico/pico-sdk/src/common/pico_sync/mutex.c.obj
 .debug_abbrev  0x00000000000020ed      0x2d2 CMakeFiles/max6675.dir/home/michael/pico/pico-sdk/src/rp2_common/hardware_uart/uart.c.obj
 .debug_abbrev  0x00000000000023bf      0x3aa CMakeFiles/max6675.dir/home/michael/pico/pico-sdk/src/rp2_common/pico_runtime/runtime.c.obj
 .debug_abbrev  0x0000000000002769      0x3a5 CMakeFiles/max6675.dir/home/michael/pico/pico-sdk/src/rp2_common/hardware_clocks/clocks.c.obj
 .debug_abbrev  0x0000000000002b0e      0x1ea CMakeFiles/max6675.dir/home/michael/pico/pico-sdk/src/rp2_common/hardware_pll/pll.c.obj
 .debug_abbrev  0x0000000000002cf8      0x1a8 CMakeFiles/max6675.dir/home/michael/pico/pico-sdk/src/rp2_common/hardware_watchdog/watchdog.c.obj
 .debug_abbrev  0x0000000000002ea0      0x109 CMakeFiles/max6675.dir/home/michael/pico/pico-sdk/src/rp2_common/hardware_xosc/xosc.c.obj
 .debug_abbrev  0x0000000000002fa9      0x384 CMakeFiles/max6675.dir/home/michael/pico/pico-sdk/src/rp2_common/pico_printf/printf.c.obj
 .debug_abbrev  0x000000000000332d       0x12 CMakeFiles/max6675.dir/home/michael/pico/pico-sdk/src/rp2_common/pico_bit_ops/bit_ops_aeabi.S.obj
 .debug_abbrev  0x000000000000333f      0x13b CMakeFiles/max6675.dir/home/michael/pico/pico-sdk/src/rp2_common/pico_bootrom/bootrom.c.obj
 .debug_abbrev  0x000000000000347a       0x12 CMakeFiles/max6675.dir/home/michael/pico/pico-sdk/src/rp2_common/pico_divider/divider.S.obj
 .debug_abbrev  0x000000000000348c       0x12 CMakeFiles/max6675.dir/home/michael/pico/pico-sdk/src/rp2_common/pico_double/double_aeabi.S.obj
 .debug_abbrev  0x000000000000349e      0x179 CMakeFiles/max6675.dir/home/michael/pico/pico-sdk/src/rp2_common/pico_double/double_init_rom.c.obj
 .debug_abbrev  0x0000000000003617       0x12 CMakeFiles/max6675.dir/home/michael/pico/pico-sdk/src/rp2_common/pico_double/double_v1_rom_shim.S.obj
 .debug_abbrev  0x0000000000003629       0x14 CMakeFiles/max6675.dir/home/michael/pico/pico-sdk/src/rp2_common/pico_int64_ops/pico_int64_ops_aeabi.S.obj
 .debug_abbrev  0x000000000000363d       0x12 CMakeFiles/max6675.dir/home/michael/pico/pico-sdk/src/rp2_common/pico_float/float_aeabi.S.obj
 .debug_abbrev  0x000000000000364f      0x18c CMakeFiles/max6675.dir/home/michael/pico/pico-sdk/src/rp2_common/pico_float/float_init_rom.c.obj
 .debug_abbrev  0x00000000000037db       0x12 CMakeFiles/max6675.dir/home/michael/pico/pico-sdk/src/rp2_common/pico_float/float_v1_rom_shim.S.obj
 .debug_abbrev  0x00000000000037ed       0x12 CMakeFiles/max6675.dir/home/michael/pico/pico-sdk/src/rp2_common/pico_mem_ops/mem_ops_aeabi.S.obj
 .debug_abbrev  0x00000000000037ff       0x12 CMakeFiles/max6675.dir/home/michael/pico/pico-sdk/src/rp2_common/pico_standard_link/crt0.S.obj
 .debug_abbrev  0x0000000000003811       0xad CMakeFiles/max6675.dir/home/michael/pico/pico-sdk/src/rp2_common/pico_standard_link/binary_info.c.obj
 .debug_abbrev  0x00000000000038be      0x4a9 CMakeFiles/max6675.dir/home/michael/pico/pico-sdk/src/rp2_common/pico_stdio/stdio.c.obj
 .debug_abbrev  0x0000000000003d67      0x373 CMakeFiles/max6675.dir/home/michael/pico/pico-sdk/src/rp2_common/pico_stdio_uart/stdio_uart.c.obj
 .debug_abbrev  0x00000000000040da      0x2af CMakeFiles/max6675.dir/home/michael/pico/pico-sdk/src/rp2_common/hardware_spi/spi.c.obj
 .debug_abbrev  0x0000000000004389       0x14 /usr/lib/gcc/arm-none-eabi/10.3.1/thumb/v6-m/nofp/libgcc.a(_dvmd_tls.o)
 .debug_abbrev  0x000000000000439d       0x8f /usr/lib/gcc/arm-none-eabi/10.3.1/../../../arm-none-eabi/lib/thumb/v6-m/nofp/libg.a(lib_a-strlen-stub.o)

.debug_loc      0x0000000000000000     0xe5e6
 .debug_loc     0x0000000000000000      0x257 CMakeFiles/max6675.dir/max6675_example.c.obj
 .debug_loc     0x0000000000000257     0x118d CMakeFiles/max6675.dir/home/michael/pico/pico-sdk/src/rp2_common/hardware_gpio/gpio.c.obj
 .debug_loc     0x00000000000013e4      0x45f CMakeFiles/max6675.dir/home/michael/pico/pico-sdk/src/rp2_common/hardware_claim/claim.c.obj
 .debug_loc     0x0000000000001843       0xe9 CMakeFiles/max6675.dir/home/michael/pico/pico-sdk/src/rp2_common/pico_platform/platform.c.obj
 .debug_loc     0x000000000000192c      0x233 CMakeFiles/max6675.dir/home/michael/pico/pico-sdk/src/rp2_common/hardware_sync/sync.c.obj
 .debug_loc     0x0000000000001b5f     0x1365 CMakeFiles/max6675.dir/home/michael/pico/pico-sdk/src/rp2_common/hardware_irq/irq.c.obj
 .debug_loc     0x0000000000002ec4       0x60 CMakeFiles/max6675.dir/home/michael/pico/pico-sdk/src/common/pico_sync/lock_core.c.obj
 .debug_loc     0x0000000000002f24     0x2e2a CMakeFiles/max6675.dir/home/michael/pico/pico-sdk/src/common/pico_time/time.c.obj
 .debug_loc     0x0000000000005d4e      0x952 CMakeFiles/max6675.dir/home/michael/pico/pico-sdk/src/rp2_common/hardware_timer/timer.c.obj
 .debug_loc     0x00000000000066a0     0x1439 CMakeFiles/max6675.dir/home/michael/pico/pico-sdk/src/common/pico_util/pheap.c.obj
 .debug_loc     0x0000000000007ad9     0x1469 CMakeFiles/max6675.dir/home/michael/pico/pico-sdk/src/common/pico_sync/mutex.c.obj
 .debug_loc     0x0000000000008f42      0x520 CMakeFiles/max6675.dir/home/michael/pico/pico-sdk/src/rp2_common/hardware_uart/uart.c.obj
 .debug_loc     0x0000000000009462      0x3ff CMakeFiles/max6675.dir/home/michael/pico/pico-sdk/src/rp2_common/pico_runtime/runtime.c.obj
 .debug_loc     0x0000000000009861      0x7eb CMakeFiles/max6675.dir/home/michael/pico/pico-sdk/src/rp2_common/hardware_clocks/clocks.c.obj
 .debug_loc     0x000000000000a04c      0x32f CMakeFiles/max6675.dir/home/michael/pico/pico-sdk/src/rp2_common/hardware_pll/pll.c.obj